01-01 00:12:06.849     0     0 I init    : Sending signal 9 to service 'wpa_supplicant' (pid 1591) process group...
08-18 07:20:23.775   368   745 D SupplicantStaIfaceHal: ISupplicant died: cookie=1602637785487002260
08-18 07:20:23.780   368   445 D WifiNl80211Manager: tearing down interfaces in wificond
01-01 00:12:06.858     0     0 I libprocessgroup: Successfully killed process cgroup uid 0 pid 1591 in 0ms
08-18 07:20:23.785   239   239 I WifiHAL : found interface wlan0
08-18 07:20:23.785   239   239 E WifiHAL : Calling hal cleanup
08-18 07:20:23.785   239   239 E WifiHAL : Cancel: Stop Hal
08-18 07:20:23.785   239   239 E WifiHAL : Failed to register set hal start response; result = -95
08-18 07:20:23.785   239   239 I WifiHAL : Failed to remove command 2: 0x0
08-18 07:20:23.786   239  1589 E WifiHAL : wifi_event_loop: Read after POLL returned 4, error no = 0 (Success)
08-18 07:20:23.786   239  1589 D WifiHAL : Got a signal to exit!!!
08-18 07:20:23.786   239  1589 I WifiHAL : Exit wifi_event_loop
08-18 07:20:23.786   239   239 E WifiHAL : wifi_cleanup: Read after POLL returned 4, error no = 0 (Success)
08-18 07:20:23.786   239   239 E WifiHAL : Event processing terminated
08-18 07:20:23.786   239   239 I WifiHAL : wifi nan internal clean up done
08-18 07:20:23.786   239   239 I WifiHAL : event_cb callbacks left: 1
08-18 07:20:23.786   239   239 I WifiHAL : event_cb cleanup. index:0
08-18 07:20:23.786   239   239 I WifiHAL : event_cb cleanup. vendor cmd:6673 sub_cmd:11
08-18 07:20:23.786   239   239 I WifiHAL : Command left in event_cb 0xb4000076f7c37000
08-18 07:20:23.786   239   239 I WifiHAL : Check bad commands: num_cmd:1 bad_commands:0
08-18 07:20:23.786   239   239 I WifiHAL : Cancelling command 0xb4000076f7c37000:SetAlertHandler
08-18 07:20:23.786   239   239 D WifiHAL : Success to clear alerthandler
08-18 07:20:23.787   239   239 I WifiHAL : internal clean up
08-18 07:20:23.787   239   239 I WifiHAL : cmd_sock non null. clean up
08-18 07:20:23.787   239   239 I WifiHAL : cleanup_handler cb
08-18 07:20:23.787   239   239 I android.hardware.wifi@1.0-service: Legacy HAL stop complete callback received
08-18 07:20:23.788   239   239 I WifiHAL : Internal cleanup completed
08-18 07:20:23.788   239   239 E WifiHAL : wifi_clean_up done
08-18 07:20:23.789   239   239 I android.hardware.wifi@1.0-service: Wifi HAL stopped
08-18 07:20:23.790   368   445 I WifiVendorHal: Vendor Hal stopped
08-18 07:20:23.790   368   445 D WifiClientModeManager: STA iface wlan0 was destroyed, stopping client mode
08-18 07:20:23.791   368   445 E SupplicantStaIfaceHal: Can't call setPowerSave, ISupplicantStaIface is null
08-18 07:20:23.791   368   445 E SupplicantStaIfaceHal: Can't call setBtCoexistenceMode, ISupplicantStaIface is null
08-18 07:20:23.792   368   445 V WifiClientModeImpl: stopIpClient IpClientWithPreConnection: false
08-18 07:20:23.792   368   445 V WifiClientModeImpl: java.lang.Throwable
08-18 07:20:23.792   368   445 V WifiClientModeImpl:    at com.android.server.wifi.ClientModeImpl.stopIpClient(ClientModeImpl.java:1075)
08-18 07:20:23.792   368   445 V WifiClientModeImpl:    at com.android.server.wifi.ClientModeImpl.stopDhcpSetup(ClientModeImpl.java:1090)
08-18 07:20:23.792   368   445 V WifiClientModeImpl:    at com.android.server.wifi.ClientModeImpl.handleNetworkDisconnect(ClientModeImpl.java:2768)
08-18 07:20:23.792   368   445 V WifiClientModeImpl:    at com.android.server.wifi.ClientModeImpl.handleIfaceDestroyed(ClientModeImpl.java:1575)
08-18 07:20:23.792   368   445 V WifiClientModeImpl:    at com.android.server.wifi.ClientModeManager$ClientModeStateMachine$1.onDestroyed(ClientModeManager.java:423)
08-18 07:20:23.792   368   445 V WifiClientModeImpl:    at com.android.server.wifi.WifiNative.onInterfaceDestroyed(WifiNative.java:578)
08-18 07:20:23.792   368   445 V WifiClientModeImpl:    at com.android.server.wifi.WifiNative.access$1200(WifiNative.java:77)
08-18 07:20:23.792   368   445 V WifiClientModeImpl:    at com.android.server.wifi.WifiNative$InterfaceDestoyedListenerInternal.onDestroyed(WifiNative.java:605)
08-18 07:20:23.792   368   445 V WifiClientModeImpl:    at com.android.server.wifi.WifiVendorHal$StaInterfaceDestroyedListenerInternal.onDestroyed(WifiVendorHal.java:429)
08-18 07:20:23.792   368   445 V WifiClientModeImpl:    at com.android.server.wifi.HalDeviceManager$InterfaceDestroyedListenerProxy.action(HalDeviceManager.java:2165)
08-18 07:20:23.792   368   445 V WifiClientModeImpl:    at com.android.server.wifi.HalDeviceManager$ListenerProxy.trigger(HalDeviceManager.java:2130)
08-18 07:20:23.792   368   445 V WifiClientModeImpl:    at com.android.server.wifi.HalDeviceManager.dispatchDestroyedListeners(HalDeviceManager.java:2081)
08-18 07:20:23.792   368   445 V WifiClientModeImpl:    at com.android.server.wifi.HalDeviceManager.removeIfaceInternal(HalDeviceManager.java:2000)
08-18 07:20:23.792   368   445 V WifiClientModeImpl:    at com.android.server.wifi.HalDeviceManager.removeIface(HalDeviceManager.java:265)
08-18 07:20:23.792   368   445 V WifiClientModeImpl:    at com.android.server.wifi.WifiVendorHal.removeStaIface(WifiVendorHal.java:478)
08-18 07:20:23.792   368   445 V WifiClientModeImpl:    at com.android.server.wifi.WifiNative.removeStaIface(WifiNative.java:865)
08-18 07:20:23.792   368   445 V WifiClientModeImpl:    at com.android.server.wifi.WifiNative.teardownInterface(WifiNative.java:1309)
08-18 07:20:23.792   368   445 V WifiClientModeImpl:    at com.android.server.wifi.ClientModeManager$ClientModeStateMachine$StartedState.exit(ClientModeManager.java:568)
08-18 07:20:23.792   368   445 V WifiClientModeImpl:    at com.android.wifi.x.com.android.internal.util.StateMachine$SmHandler.invokeExitMethods(StateMachine.java:1022)
08-18 07:20:23.792   368   445 V WifiClientModeImpl:    at com.android.wifi.x.com.android.internal.util.StateMachine$SmHandler.performTransitions(StateMachine.java:878)
08-18 07:20:23.792   368   445 V WifiClientModeImpl:    at com.android.wifi.x.com.android.internal.util.StateMachine$SmHandler.handleMessage(StateMachine.java:820)
08-18 07:20:23.792   368   445 V WifiClientModeImpl:    at android.os.Handler.dispatchMessage(Handler.java:106)
08-18 07:20:23.792   368   445 V WifiClientModeImpl:    at android.os.Looper.loop(Looper.java:223)
08-18 07:20:23.792   368   445 V WifiClientModeImpl:    at android.os.HandlerThread.run(HandlerThread.java:67)
08-18 07:20:23.793   368   445 I WifiNative: Successfully torn down Iface:{Name=wlan0,Id=2,Type=STA_CONNECTIVITY}
08-18 07:20:23.793   368   445 E HalDevMgr: getAllChipInfo: called but mWifi is null!?
08-18 07:20:23.794   368   445 E HalDevMgr: dispatchAvailableForRequestListeners: no chip info found
08-18 07:20:23.794   368   445 W HalDevMgr: stopWifi called but mWifi is null!?
08-18 07:20:23.794   368   445 I WifiNative: Successfully initiated teardown for iface=wlan0
08-18 07:20:23.795   368   445 D WifiScanRequestProxy: Sending scan available broadcast: false
08-18 07:20:23.795   368   448 I WifiScanningService: Received a request to disable scanning, UID = 1000
08-18 07:20:23.796   368   448 E WifiNl80211Manager: No valid wificond scanner interface handler
08-18 07:20:23.796   368   448 I WifiScanningService: Removed an impl for wlan0
08-18 07:20:23.796   368   445 I WifiScanRequestProxy: Scanning is disabled
08-18 07:20:23.796   368   448 I WifiScanningService: wifi driver unloaded
08-18 07:20:23.807   368   445 E SupplicantStaIfaceHal: Can't call listNetworks, ISupplicantStaIface is null
08-18 07:20:23.807   368   445 E SupplicantStaIfaceHal: removeAllNetworks failed, got null networks
08-18 07:20:23.807   368   445 E WifiClientModeImpl: Failed to remove networks on exiting connect mode
08-18 07:20:23.809   368   445 E SupplicantStaIfaceHal: Can't call setPowerSave, ISupplicantStaIface is null
08-18 07:20:23.809   368   445 E SupplicantStaIfaceHal: Can't call setBtCoexistenceMode, ISupplicantStaIface is null
08-18 07:20:23.810   368   445 V WifiClientModeImpl: stopIpClient IpClientWithPreConnection: false
08-18 07:20:23.810   368   445 V WifiClientModeImpl: java.lang.Throwable
08-18 07:20:23.810   368   445 V WifiClientModeImpl:    at com.android.server.wifi.ClientModeImpl.stopIpClient(ClientModeImpl.java:1075)
08-18 07:20:23.810   368   445 V WifiClientModeImpl:    at com.android.server.wifi.ClientModeImpl.stopDhcpSetup(ClientModeImpl.java:1090)
08-18 07:20:23.810   368   445 V WifiClientModeImpl:    at com.android.server.wifi.ClientModeImpl.handleNetworkDisconnect(ClientModeImpl.java:2768)
08-18 07:20:23.810   368   445 V WifiClientModeImpl:    at com.android.server.wifi.ClientModeImpl.stopClientMode(ClientModeImpl.java:3673)
08-18 07:20:23.810   368   445 V WifiClientModeImpl:    at com.android.server.wifi.ClientModeImpl.access$4300(ClientModeImpl.java:166)
08-18 07:20:23.810   368   445 V WifiClientModeImpl:    at com.android.server.wifi.ClientModeImpl$ConnectModeState.exit(ClientModeImpl.java:3832)
08-18 07:20:23.810   368   445 V WifiClientModeImpl:    at com.android.wifi.x.com.android.internal.util.StateMachine$SmHandler.invokeExitMethods(StateMachine.java:1022)
08-18 07:20:23.810   368   445 V WifiClientModeImpl:    at com.android.wifi.x.com.android.internal.util.StateMachine$SmHandler.performTransitions(StateMachine.java:878)
08-18 07:20:23.810   368   445 V WifiClientModeImpl:    at com.android.wifi.x.com.android.internal.util.StateMachine$SmHandler.handleMessage(StateMachine.java:820)
08-18 07:20:23.810   368   445 V WifiClientModeImpl:    at android.os.Handler.dispatchMessage(Handler.java:106)
08-18 07:20:23.810   368   445 V WifiClientModeImpl:    at android.os.Looper.loop(Looper.java:223)
08-18 07:20:23.810   368   445 V WifiClientModeImpl:    at android.os.HandlerThread.run(HandlerThread.java:67)
08-18 07:20:23.811   368   445 D WifiDiags: stopLogging() iface list is {} after removing wlan0
08-18 07:20:23.811   368   445 W WifiDiags: Fail to reset log handler
08-18 07:20:23.820   368   445 W SupplicantStaIfaceHal: ISupplicant died: cookie=3
08-18 07:20:23.821   368   445 W HalDevMgr: isWifiStarted called but mWifi is null!?
08-18 07:20:23.821   368   445 E WifiNative: Could not get Iface object for interface null
08-18 07:20:23.822   368   445 D WifiController: STA disabled, return to DisabledState.
08-18 07:20:23.822   368   445 D WifiController: EnabledState.exit()
08-18 07:20:23.823   368   445 D WifiController: DisabledState.enter()
08-18 07:20:23.823   368   445 E WifiScanRequestProxy: Scan failure received. reason: -1,description: Scan was interrupted
08-18 07:20:23.824   368   445 E HalDevMgr: getAllChipInfo: called but mWifi is null!?
08-18 07:20:23.828   368   445 E WifiNative: Could not get Iface object for interface null
08-18 07:20:23.828   368   445 E HalDevMgr: getAllChipInfo: called but mWifi is null!?
08-18 07:20:23.830   368   445 E WifiNative: Could not get Iface object for interface null
08-18 07:20:23.831   368   445 E HalDevMgr: getAllChipInfo: called but mWifi is null!?
08-18 07:20:23.832   368   445 E WifiNative: Could not get Iface object for interface null
08-18 07:20:23.832   368   445 E HalDevMgr: getAllChipInfo: called but mWifi is null!?
08-18 07:20:23.855   368   388 D WifiMemoryStoreImpl: Set cluster Gd2cc9db4bd4f5af5 for Wd2cc9db4bd4f5af5: SUCCESS
08-18 07:20:36.282   368   448 E WificondScannerImpl: Timed out waiting for scan result from wificond
08-18 07:21:16.642   368   409 V DisplayPowerController: Brightness [0.05] reason changing to: 'manual [ dim ]', previous reason: 'manual'.
01-01 00:13:39.951     0     0 I logd    : logdr: UID=0 GID=0 PID=1602 b tail=0 logMask=10 pid=0 start=0ns deadline=0ns
08-18 07:22:03.593   368   409 V DisplayPowerController: Brightness [0.3976378] reason changing to: 'manual', previous reason: 'manual [ dim ]'.
08-18 07:22:05.005   368   388 I WifiService: setWifiEnabled package=com.android.tv.settings uid=1000 enable=true
08-18 07:22:05.015   368   445 D WifiActiveModeWarden: Starting ClientModeManager
08-18 07:22:05.017   368   445 D WifiController: DisabledState.exit()
08-18 07:22:05.017   368   445 D WifiController: EnabledState.enter()
08-18 07:22:05.018   368   445 D WifiClientModeManager: entering IdleState
08-18 07:22:05.020   368   445 I android_os_HwBinder: HwBinder: Starting thread pool for getting: android.hardware.wifi@1.0::IWifi/default
08-18 07:22:05.030   239   239 I android.hardware.wifi@1.0-service: Wifi HAL started
08-18 07:22:05.031   368   445 I WifiVendorHal: Vendor Hal started successfully
08-18 07:22:05.042   239   239 E WifiHAL : wifi_pre_initialize
08-18 07:22:05.042   239   239 E WifiHAL : --- HAL version: Android-10-FRC2-SDK_29 59.0 (r854927) 2019-12-06 23:33:52 +0530 (Fri, 06 Dec 2019) ---
08-18 07:22:05.042   239   239 I WifiHAL : Creating socket
08-18 07:22:05.049   239   239 I WifiHAL : Initialized Wifi HAL Successfully; vendor cmd = 103
08-18 07:22:05.049   239   239 I WifiHAL : found interface wlan0
08-18 07:22:05.049   239   239 E WifiHAL : Calling preInit
08-18 07:22:05.049   239   239 E WifiHAL : Hal preInit
08-18 07:22:05.050   239   239 E WifiHAL : Failed to register set Hal preInit; result = -95
08-18 07:22:05.050   239   239 E WifiHAL : wifi_hal_preInit failed
08-18 07:22:05.065   368   390 I EthernetTracker: interfaceLinkStateChanged, iface: wlan0, up: false
01-01 00:13:48.145     0     0 E brcmfmac: brcmf_cfg80211_set_power_mgmt: power save enabled
08-18 07:22:05.070   239   239 E WifiHAL : wifi_initialize
08-18 07:22:05.070   239   239 I WifiHAL : found interface wlan0
08-18 07:22:05.070   239   239 E WifiHAL : Calling Hal_init
08-18 07:22:05.070   239   239 E WifiHAL : Start Set Hal
08-18 07:22:05.072   239   239 E WifiHAL : Failed to register set hal start response; result = -95
08-18 07:22:05.072   239   239 E WifiHAL : wifi_start_hal failed
08-18 07:22:05.073   239   239 I android.hardware.wifi@1.0-service: Adding interface handle for wlan0
08-18 07:22:05.073   239   239 W android.hardware.wifi@1.0-service: No active wlan interfaces in use! Using default
08-18 07:22:05.074   239   239 E android.hardware.wifi@1.0-service: Failed to register radio mode change callback
08-18 07:22:05.074   239   239 W android.hardware.wifi@1.0-service: No active wlan interfaces in use! Using default
08-18 07:22:05.075   239   239 E WifiHAL : Failed to register debug response; result = -95
08-18 07:22:05.076   239   239 E android.hardware.wifi@1.0-service: Failed to get driver version: UNKNOWN ERROR
08-18 07:22:05.077   239   239 I android.hardware.wifi@1.0-service: Configured chip in mode 0
08-18 07:22:05.077   239   239 W android.hardware.wifi@1.0-service: No active wlan interfaces in use! Using default
08-18 07:22:05.079   368   445 D HalDevMgr: updateRttController: no one is interested in RTT controllers
08-18 07:22:05.080   239   239 I android.hardware.wifi@1.0-service: Adding interface handle for wlan0
08-18 07:22:05.081   239   239 E android.hardware.wifi@1.0-service: Failed to set DFS flag; DFS channels may be unavailable.
08-18 07:22:05.094   368   445 D WifiNl80211Manager: Setting up interface for client mode
08-18 07:22:05.098   268   268 I wificond: create scanner for interface with index: 8
08-18 07:22:05.098   268   268 I wificond: subscribe scan result for interface with index: 8
08-18 07:22:05.101   368   445 I WifiNative: Interface state changed on Iface:{Name=wlan0,Id=3,Type=STA_SCAN}, isUp=true
08-18 07:22:05.101   368   445 I WifiNative: Successfully setup Iface:{Name=wlan0,Id=3,Type=STA_SCAN}
08-18 07:22:05.102   368   445 E SupplicantStaIfaceHal: Can't call getKeyMgmtCapabilities_1_3, ISupplicantStaIface is null
08-18 07:22:05.103   368   445 E WifiVendorHal: getSupportedFeatureSet(l.1263) failed {.code = ERROR_UNKNOWN, .description = unknown error}
08-18 07:22:05.104   368   445 E WifiVendorHal: getSupportedFeatureSet(l.1276) failed {.code = ERROR_UNKNOWN, .description = unknown error}
08-18 07:22:05.112   368   445 E SupplicantStaIfaceHal: Can't call getWpaDriverFeatureSet, ISupplicantStaIface is null
08-18 07:22:05.112   368   445 D WifiClientModeManager: entering StartedState
08-18 07:22:05.113   368   445 D WifiClientModeManager: entering ScanOnlyModeState
08-18 07:22:05.113   368   448 I WifiScanningService: Received a request to enable scanning, UID = 1000
08-18 07:22:05.114   368   445 D WifiScanRequestProxy: Sending scan available broadcast: true
08-18 07:22:05.115   368   448 E WifiVendorHal: getBgScanCapabilities(l.674) failed {.code = ERROR_UNKNOWN, .description = unknown error}
08-18 07:22:05.115   368   445 I WifiScanRequestProxy: Scanning is enabled
08-18 07:22:05.115   368   445 I WifiScanRequestProxy: Scanning for hidden networks is disabled
08-18 07:22:05.115   368   445 D WakeupController: start()
08-18 07:22:05.117   368   445 D WakeupController: Setting active to true
08-18 07:22:05.131   368   448 I WifiScanningService: Created a new impl for wlan0
08-18 07:22:05.132   368   448 I WifiScanningService: wifi driver loaded with scan capabilities: max buckets=16
08-18 07:22:05.136   368   445 D WakeupLock: Lock set. Number of networks: 0
08-18 07:22:05.146   368   445 I SupplicantStaIfaceHal: Starting supplicant using HIDL
08-18 07:22:05.148   165   165 I hwservicemanager: Since android.hardware.wifi.supplicant@1.0::ISupplicant/default is not registered, trying to start it as a lazy HAL.
08-18 07:22:05.149   368   445 D SupplicantStaIfaceHal: Successfully triggered start of supplicant using HIDL
01-01 00:13:48.237     0     0 I init    : starting service 'wpa_supplicant'...
01-01 00:13:48.244     0     0 I init    : Created socket '/dev/socket/wpa_wlan0', mode 660, user 1010, group 1010
01-01 00:13:48.273     0     0 I init    : Control message: Processed ctl.interface_start for 'android.hardware.wifi.supplicant@1.0::ISupplicant/default' from pid: 165 (/system/bin/hwservicemanager)
08-18 07:22:05.209   240   333 W APM::AudioPolicyEngine: getDevicesForStrategy() unknown strategy: -1
08-18 07:22:05.228  1609  1609 I wpa_supplicant: Processing hidl events on FD 3
08-18 07:22:05.231  1609  1609 I HidlServiceManagement: Registered android.hardware.wifi.supplicant@1.3::ISupplicant/default
08-18 07:22:05.232  1609  1609 I wpa_supplicant: Successfully initialized wpa_supplicant
08-18 07:22:05.252  1609  1609 I wpa_supplicant: rfkill: Cannot open RFKILL control device
08-18 07:22:05.260   368   390 I EthernetTracker: interfaceLinkStateChanged, iface: wlan0, up: false
08-18 07:22:05.296   368   745 I android_os_HwBinder: HwBinder: Starting thread pool for getting: android.hardware.wifi.supplicant@1.0::ISupplicant/default
08-18 07:22:05.297   368   745 I SupplicantStaIfaceHal: Completed initialization of ISupplicant.
08-18 07:22:05.297   368   445 E SupplicantStaIfaceHal: Can't call setupIface, ISupplicantStaIface is null
08-18 07:22:05.299   368   445 I android_os_HwBinder: HwBinder: Starting thread pool for getting: android.hardware.wifi.supplicant@1.0::ISupplicant/default
08-18 07:22:05.309   368   445 D SupplicantStaIfaceHal: Newer HAL is found, skip V1_2 remaining init flow.
08-18 07:22:05.309   368   445 D SupplicantStaIfaceHal: Newer HAL is found, skip V1_1 remaining init flow.
08-18 07:22:05.310   368   445 D SupplicantStaIfaceHal: Newer HAL is found, skip V1_0 remaining init flow.
08-18 07:22:05.313   368   445 E WifiVendorHal: getSupportedFeatureSet(l.1263) failed {.code = ERROR_UNKNOWN, .description = unknown error}
08-18 07:22:05.314   368   445 E WifiVendorHal: getSupportedFeatureSet(l.1276) failed {.code = ERROR_UNKNOWN, .description = unknown error}
08-18 07:22:05.327   368   445 I WifiNative: Successfully switched to connectivity mode on iface=Iface:{Name=wlan0,Id=3,Type=STA_CONNECTIVITY}
08-18 07:22:05.327   368   445 D WakeupController: stop()
08-18 07:22:05.328   368   445 D WifiClientModeManager: entering ConnectModeState
08-18 07:22:05.333   368   445 D WifiScanRequestProxy: Sending scan available broadcast: true
08-18 07:22:05.333   368   448 I WifiScanningService: Received a request to enable scanning, UID = 1000
08-18 07:22:05.333   368   448 I WifiScanningService: scanner impls already exists
08-18 07:22:05.333   368   445 I WifiScanRequestProxy: Scanning is enabled
08-18 07:22:05.334   368   445 I WifiScanRequestProxy: Scanning for hidden networks is enabled
08-18 07:22:05.334   368   448 E WifiScanningService: wifi driver loaded received while already loaded
08-18 07:22:05.337   368   445 D WifiClientModeImpl: entering ConnectModeState: ifaceName = wlan0
08-18 07:22:05.337   368   445 D WifiClientModeImpl: setupClientMode() ifacename = wlan0
08-18 07:22:05.345   368  1537 I WifiService: startScan uid=1000
08-18 07:22:05.348   577  1610 E IpClient.wlan0: Failed to set accept_ra to 2
08-18 07:22:05.349   368   445 D WifiCountryCode: Reading country code from telephony
08-18 07:22:05.350   368   445 D WifiCountryCode: Set telephony country code to:
08-18 07:22:05.351   368   445 D WifiCountryCode: updateCountryCode to null
08-18 07:22:05.351   239   239 D WifiHAL : Start get packet fate command
08-18 07:22:05.351   239   239 D WifiHAL : createRequest Monitor packet fate request
08-18 07:22:05.351   239   239 E WifiHAL : Failed to register get pkt fate response; result = -95
08-18 07:22:05.352   368   445 E WifiVendorHal: startPktFateMonitoring(l.1821) failed {.code = ERROR_UNKNOWN, .description = unknown error}
08-18 07:22:05.352   368   445 W WifiDiags: Failed to start packet fate monitoring
08-18 07:22:05.353   239   239 E WifiHAL : Failed to register debug response; result = -95
08-18 07:22:05.353   239   239 E android.hardware.wifi@1.0-service: Failed to get driver version: UNKNOWN ERROR
08-18 07:22:05.355   368   445 E WifiVendorHal: requestChipDebugInfo(l.1636) failed {.code = ERROR_UNKNOWN, .description = unknown error}
08-18 07:22:05.355   368   445 I WifiVendorHal: Driver: null Firmware: null
08-18 07:22:05.356   239   239 E WifiHAL : Failed to register debug response; result = -95
08-18 07:22:05.356   239   239 E android.hardware.wifi@1.0-service: Failed to get driver version: UNKNOWN ERROR
08-18 07:22:05.357   368   445 E WifiVendorHal: requestChipDebugInfo(l.1636) failed {.code = ERROR_UNKNOWN, .description = unknown error}
08-18 07:22:05.357   368   445 I WifiVendorHal: Driver: null Firmware: null
08-18 07:22:05.358   239   239 E WifiHAL : Failed to register debug response; result = -95
08-18 07:22:05.359   368   445 E WifiVendorHal: getRingBufferStatus(l.1713) failed {.code = ERROR_UNKNOWN, .description = unknown error}
08-18 07:22:05.359   368   445 W WifiDiags: no ring buffers found
08-18 07:22:05.359   368   445 D WifiDiags: startLogging() iface list is {wlan0} after adding wlan0
08-18 07:22:05.362  1609  1609 E wpa_supplicant: wpa_driver_nl80211_driver_cmd: failed to issue private command: BTCOEXSCAN-STOP
08-18 07:22:05.362   368   445 E SupplicantStaIfaceHal: ISupplicantStaIface.setBtCoexistenceScanModeEnabled failed: {.code = FAILURE_UNKNOWN, .debugMessage = }
08-18 07:22:05.363  1609  1609 E wpa_supplicant: wpa_driver_nl80211_driver_cmd: failed to issue private command: RXFILTER-STOP
08-18 07:22:05.363   368   445 E SupplicantStaIfaceHal: ISupplicantStaIface.stopRxFilter failed: {.code = FAILURE_UNKNOWN, .debugMessage = }
08-18 07:22:05.363  1609  1609 E wpa_supplicant: wpa_driver_nl80211_driver_cmd: failed to issue private command: RXFILTER-STOP
08-18 07:22:05.363   368   445 E SupplicantStaIfaceHal: ISupplicantStaIface.stopRxFilter failed: {.code = FAILURE_UNKNOWN, .debugMessage = }
08-18 07:22:05.364  1609  1609 E wpa_supplicant: wpa_driver_nl80211_driver_cmd: failed to issue private command: SETSUSPENDMODE 0
08-18 07:22:05.364   368   445 E SupplicantStaIfaceHal: ISupplicantStaIface.setSuspendModeEnabled failed: {.code = FAILURE_UNKNOWN, .debugMessage = }
08-18 07:22:05.366   368   445 D WakeupController: reset()
08-18 07:22:05.367   368   445 D WakeupController: Setting active to false
08-18 07:22:05.371   368   445 I WifiClientModeImpl: disconnectedstate enter
08-18 07:22:07.981   368   388 D WifiNl80211Manager: Scan result ready event
08-18 07:22:07.982   368   388 D WifiNative: Scan result ready event
08-18 07:22:07.985   368   390 I EthernetTracker: interfaceLinkStateChanged, iface: wlan0, up: false
08-18 07:22:09.328   368  1537 I ActivityTaskManager: START u0 {cmp=com.android.tv.settings/.connectivity.WifiConnectionActivity (has extras)} from uid 1000
08-18 07:22:09.356   368   388 W ActivityTaskManager: Tried to set launchTime (0) < mLastActivityLaunchTime (680743)
08-18 07:22:09.532   240   333 W APM::AudioPolicyEngine: getDevicesForStrategy() unknown strategy: -1
08-18 07:22:09.571   368   398 I ActivityTaskManager: Displayed com.android.tv.settings/.connectivity.WifiConnectionActivity: +242ms
08-18 07:22:10.448   595   595 I TetheringManager: registerTetheringEventCallback:com.android.tv.settings
08-18 07:22:10.521   368   450 D ConnectivityService: NetReassign [no changes]
08-18 07:22:10.539   368  1378 I WifiService: addOrUpdateNetwork uid=1000
08-18 07:22:10.539   368  1378 I addOrUpdateNetwork:  uid = 1000 SSID "MEMPAGE_5G" nid=-1
08-18 07:22:10.540   368   445 D WifiConfigManager: Enable disabled network: "MEMPAGE_5G" num=0
08-18 07:22:10.571   368   445 D WifiConfigStore: Writing to stores completed in 28 ms.
08-18 07:22:10.573   368   445 D SupplicantStaIfaceHal: Remove cached HAL data for config id 1
08-18 07:22:10.574   368  1378 I WifiService: connect uid=1000
08-18 07:22:10.584   368   388 I WifiService: startScan uid=1000
08-18 07:22:10.589   368   445 D WifiConfigManager: Enable disabled network: "MEMPAGE_5G" num=0
08-18 07:22:10.599   240   333 W APM::AudioPolicyEngine: getDevicesForStrategy() unknown strategy: -1
08-18 07:22:10.616   368   445 D WifiConfigStore: Writing to stores completed in 21 ms.
08-18 07:22:10.616   368   445 D SupplicantStaIfaceHal: Remove cached HAL data for config id 1
08-18 07:22:10.617   368   445 W ContextImpl: Calling a method in the system process without a qualified user: android.app.ContextImpl.sendBroadcastMultiplePermissions:1143 android.content.Context.sendBroadcastWithMultiplePermissions:2154 com.android.server.wifi.ClientModeImpl.broadcastWifiCredentialChanged:5831 com.android.server.wifi.ClientModeImpl.lambda$connect$0:6199 com.android.server.wifi.ClientModeImpl.$r8$lambda$mlWZE9a8RVmtWpxnBjsh-52bMVo:0
08-18 07:22:10.618   368   445 D WifiConfigManager: Enable disabled network: "MEMPAGE_5G" num=0
08-18 07:22:10.646   368   445 D WifiConfigStore: Writing to stores completed in 21 ms.
08-18 07:22:10.651   368   445 D WifiClientModeImpl: connectToUserSelectNetwork netId 1, uid 1000, forceReconnect = false
08-18 07:22:10.656   368   445 W WifiExternalCallbackTracker: Unknown external callback 0
08-18 07:22:10.666   368   445 E WifiClientModeImpl: CMD_START_CONNECT but no requests and not connected, bailing
08-18 07:22:10.913   368   379 I system_server: Background concurrent copying GC freed 123489(4628KB) AllocSpace objects, 50(2536KB) LOS objects, 49% free, 7914KB/15MB, paused 2.761ms total 170.397ms
08-18 07:22:10.924   368   380 W JHwRemoteBinder: BinderProxy is being destroyed but the application did not call unlinkToDeath to unlink all of its death recipients beforehand.  Releasing leaked death recipient: com.android.server.wifi.HalDeviceManager$WifiDeathRecipient
08-18 07:22:10.925   368   380 W JHwRemoteBinder: BinderProxy is being destroyed but the application did not call unlinkToDeath to unlink all of its death recipients beforehand.  Releasing leaked death recipient: com.android.server.wifi.HalDeviceManager$WifiDeathRecipient
08-18 07:22:13.257   368   387 D WifiNl80211Manager: Scan result ready event
08-18 07:22:13.257   368   387 D WifiNative: Scan result ready event
08-18 07:22:13.258   368   390 I EthernetTracker: interfaceLinkStateChanged, iface: wlan0, up: false
08-18 07:22:20.656   368  1378 I WifiService: startScan uid=1000
08-18 07:22:23.251   368   387 D WifiNl80211Manager: Scan result ready event
08-18 07:22:23.251   368   387 D WifiNative: Scan result ready event
08-18 07:22:23.251   368   390 I EthernetTracker: interfaceLinkStateChanged, iface: wlan0, up: false
08-18 07:22:23.264   368   448 D WificondScannerImpl: Filtering out 3 scan results.
08-18 07:22:29.834   577  1362 D DhcpClient: Received packet: 80:e8:2c:6f:12:35 OFFER, ip /192.168.0.191, mask /255.255.255.0, DNS servers: /192.168.0.1 , gateways [/192.168.0.1], lease time 86400, domain Dlink
08-18 07:22:29.844   577  1362 D DhcpClient: Received packet: 80:e8:2c:6f:12:35 ACK: your new IP /192.168.0.191, netmask /255.255.255.0, gateways [/192.168.0.1] DNS servers: /192.168.0.1 , lease time 86400
08-18 07:22:30.664   368  1537 I WifiService: startScan uid=1000
08-18 07:22:33.261   368   387 D WifiNl80211Manager: Scan result ready event
08-18 07:22:33.261   368   390 I EthernetTracker: interfaceLinkStateChanged, iface: wlan0, up: false
08-18 07:22:33.261   368   387 D WifiNative: Scan result ready event
08-18 07:22:33.276   368   448 D WificondScannerImpl: Filtering out 2 scan results.
08-18 07:22:40.674   368   387 I WifiService: startScan uid=1000
08-18 07:22:41.245   368   391 D AutofillManagerService: onBackKeyPressed()
08-18 07:22:41.247   368   433 D InputDispatcher: Waiting to send key to Window{955565 u0 com.android.tv.settings/com.android.tv.settings.connectivity.WifiConnectionActivity} because there are unprocessed events that may cause focus to change
08-18 07:22:41.607   368  1537 I WifiService: disconnect uid=1000
08-18 07:22:42.230   368   433 D InputDispatcher: Waiting to send key to Window{955565 u0 com.android.tv.settings/com.android.tv.settings.connectivity.WifiConnectionActivity} because there are unprocessed events that may cause focus to change
08-18 07:22:42.557   368   391 D AutofillManagerService: onBackKeyPressed()
08-18 07:22:42.619   368   433 I InputDispatcher: Dropping event because there is no touchable window or gesture monitor at (694, 407) in display 0.
08-18 07:22:42.635   368   433 I InputDispatcher: Dropping event because there is no touchable window or gesture monitor at (690, 407) in display 0.
08-18 07:22:42.651   368   433 I InputDispatcher: Dropping event because there is no touchable window or gesture monitor at (688, 407) in display 0.
08-18 07:22:42.667   368   433 I InputDispatcher: Dropping event because there is no touchable window or gesture monitor at (686, 407) in display 0.
08-18 07:22:42.683   368   433 I InputDispatcher: Dropping event because there is no touchable window or gesture monitor at (684, 407) in display 0.
08-18 07:22:42.699   368   433 I InputDispatcher: Dropping event because there is no touchable window or gesture monitor at (682, 407) in display 0.
08-18 07:22:42.715   368   433 I InputDispatcher: Dropping event because there is no touchable window or gesture monitor at (680, 407) in display 0.
08-18 07:22:42.731   368   433 I InputDispatcher: Dropping event because there is no touchable window or gesture monitor at (678, 407) in display 0.
08-18 07:22:42.736   368   450 D ConnectivityService: NetReassign [no changes]
08-18 07:22:42.747   368   433 I InputDispatcher: Dropping event because there is no touchable window or gesture monitor at (676, 407) in display 0.
08-18 07:22:42.763   368   433 I InputDispatcher: Dropping event because there is no touchable window or gesture monitor at (672, 405) in display 0.
08-18 07:22:42.779   368   433 I InputDispatcher: Dropping event because there is no touchable window or gesture monitor at (669, 404) in display 0.
08-18 07:22:42.814   368  1537 I WifiService: startScan uid=1000
08-18 07:22:43.274   368  1178 D WifiNl80211Manager: Scan result ready event
08-18 07:22:43.274   368  1178 D WifiNative: Scan result ready event
08-18 07:22:43.276   595   595 I oid.tv.setting: Explicit concurrent copying GC freed 52044(2029KB) AllocSpace objects, 0(0B) LOS objects, 49% free, 3828KB/7656KB, paused 47us total 64.555ms
08-18 07:22:43.277   368   390 I EthernetTracker: interfaceLinkStateChanged, iface: wlan0, up: false
08-18 07:22:43.328   595   595 I oid.tv.setting: Explicit concurrent copying GC freed 6790(318KB) AllocSpace objects, 0(0B) LOS objects, 49% free, 3605KB/7210KB, paused 44us total 44.932ms
08-18 07:22:43.342   595   595 D StrictMode: StrictMode policy violation: android.os.strictmode.InstanceCountViolation: class com.android.tv.settings.connectivity.WifiConnectionActivity; instances=3; limit=2
08-18 07:22:43.342   595   595 D StrictMode:    at android.os.StrictMode.setClassInstanceLimit(StrictMode.java:1)
08-18 07:22:43.358   368   392 I DropBoxManagerService: add tag=system_app_strictmode isTagEnabled=true flags=0x2
08-18 07:22:44.710   368  1178 I WifiService: setWifiEnabled package=com.android.tv.settings uid=1000 enable=false
08-18 07:22:44.717   368   445 D WifiActiveModeWarden: Shutting down all client mode managers
08-18 07:22:44.717   368   445 D WifiClientModeManager:  currentstate: ConnectModeState
08-18 07:22:44.721   368   445 D WifiClientModeManager: Active SubscriptionInfo list not found
08-18 07:22:44.721   368   445 D WifiClientModeManager: The target role -1
08-18 07:22:44.721   368   445 D WifiClientModeManager: Continue to stop wifi
08-18 07:22:44.733   239   239 I android.hardware.wifi@1.0-service: Adding interface handle for wlan0
08-18 07:22:44.733   239   239 W android.hardware.wifi@1.0-service: No active wlan interfaces in use! Using default
08-18 07:22:44.738   368   445 I android_os_HwBinder: HwBinder: Starting thread pool for getting: android.hardware.wifi.supplicant@1.0::ISupplicant/default
08-18 07:22:44.798  1609  1609 I wpa_supplicant: nl80211: deinit ifname=wlan0 disabled_11b_rates=0
08-18 07:22:44.823   368   390 I EthernetTracker: interfaceLinkStateChanged, iface: wlan0, up: false
08-18 07:22:44.828   268   268 I wificond: Unsubscribe scan result for interface with index: 8
08-18 07:22:44.923   240   333 W APM::AudioPolicyEngine: getDevicesForStrategy() unknown strategy: -1
08-18 07:22:45.094   368   399 W ActivityManager: Timeout executing service: ServiceRecord{fac74b8 u0 com.android.bluetooth/.btservice.AdapterService}
08-18 07:22:45.145   368  1616 I ActivityManager: dumpStackTraces pids=null nativepids=[1538]
08-18 07:22:45.147   368  1616 I ActivityManager: Dumping to /data/anr/anr_2021-08-18-07-22-45-146
08-18 07:22:45.147   368  1616 I ActivityManager: Collecting stacks for pid 1538
08-18 07:22:45.152   368  1616 I system_server: libdebuggerd_client: started dumping process 1538
08-18 07:22:45.154   193   193 I tombstoned: registered intercept for pid 1538 and type kDebuggerdJavaBacktrace
08-18 07:22:45.156  1538  1544 I droid.bluetoot: Thread[7,tid=1544,WaitingInMainSignalCatcherLoop,Thread*=0xb4000074f239bc00,peer=0x13180228,"Signal Catcher"]: reacting to signal 3
08-18 07:22:45.156  1538  1544 I droid.bluetoot:
08-18 07:22:45.361   368   390 I EthernetTracker: interfaceLinkStateChanged, iface: wlan0, up: false
08-18 07:22:45.385   368   445 I SupplicantStaIfaceHal: Terminating supplicant using HIDL
08-18 07:22:45.387   368   445 I android_os_HwBinder: HwBinder: Starting thread pool for getting: android.hardware.wifi.supplicant@1.0::ISupplicant/default
08-18 07:22:45.388  1609  1609 I wpa_supplicant: Terminating...
01-01 00:14:28.478     0     0 I init    : Service 'wpa_supplicant' (pid 1609) exited with status 0 oneshot service took 40.222000 seconds in background
01-01 00:14:28.490     0     0 I init    : Sending signal 9 to service 'wpa_supplicant' (pid 1609) process group...
01-01 00:14:28.499     0     0 I libprocessgroup: Successfully killed process cgroup uid 0 pid 1609 in 0ms
08-18 07:22:45.427   368   410 D SupplicantStaIfaceHal: ISupplicant died: cookie=7785070766604992901
08-18 07:22:45.427   368   445 D WifiNl80211Manager: tearing down interfaces in wificond
08-18 07:22:45.434   239   239 I WifiHAL : found interface wlan0
08-18 07:22:45.434   239   239 E WifiHAL : Calling hal cleanup
08-18 07:22:45.434   239   239 E WifiHAL : Cancel: Stop Hal
08-18 07:22:45.434   239   239 E WifiHAL : Failed to register set hal start response; result = -95
08-18 07:22:45.434   239   239 I WifiHAL : Failed to remove command 2: 0x0
08-18 07:22:45.435   239  1606 E WifiHAL : wifi_event_loop: Read after POLL returned 4, error no = 0 (Success)
08-18 07:22:45.435   239  1606 D WifiHAL : Got a signal to exit!!!
08-18 07:22:45.435   239  1606 I WifiHAL : Exit wifi_event_loop
08-18 07:22:45.435   239   239 E WifiHAL : wifi_cleanup: Read after POLL returned 4, error no = 0 (Success)
08-18 07:22:45.435   239   239 E WifiHAL : Event processing terminated
08-18 07:22:45.435   239   239 I WifiHAL : wifi nan internal clean up done
08-18 07:22:45.435   239   239 I WifiHAL : event_cb callbacks left: 1
08-18 07:22:45.435   239   239 I WifiHAL : event_cb cleanup. index:0
08-18 07:22:45.435   239   239 I WifiHAL : event_cb cleanup. vendor cmd:6673 sub_cmd:11
08-18 07:22:45.435   239   239 I WifiHAL : Command left in event_cb 0xb4000076f7c38000
08-18 07:22:45.435   239   239 I WifiHAL : Check bad commands: num_cmd:1 bad_commands:0
08-18 07:22:45.435   239   239 I WifiHAL : Cancelling command 0xb4000076f7c38000:SetAlertHandler
08-18 07:22:45.435   239   239 D WifiHAL : Success to clear alerthandler
08-18 07:22:45.435   239   239 I WifiHAL : internal clean up
08-18 07:22:45.435   239   239 I WifiHAL : cmd_sock non null. clean up
08-18 07:22:45.436   239   239 I WifiHAL : cleanup_handler cb
08-18 07:22:45.436   239   239 I android.hardware.wifi@1.0-service: Legacy HAL stop complete callback received
08-18 07:22:45.436   239   239 I WifiHAL : Internal cleanup completed
08-18 07:22:45.436   239   239 E WifiHAL : wifi_clean_up done
08-18 07:22:45.437   239   239 I android.hardware.wifi@1.0-service: Wifi HAL stopped
08-18 07:22:45.438   368   445 I WifiVendorHal: Vendor Hal stopped
08-18 07:22:45.438   368   445 D WifiClientModeManager: STA iface wlan0 was destroyed, stopping client mode
08-18 07:22:45.439   368   445 E SupplicantStaIfaceHal: Can't call setPowerSave, ISupplicantStaIface is null
08-18 07:22:45.439   368   445 E SupplicantStaIfaceHal: Can't call setBtCoexistenceMode, ISupplicantStaIface is null
08-18 07:22:45.439   368   445 V WifiClientModeImpl: stopIpClient IpClientWithPreConnection: false
08-18 07:22:45.439   368   445 V WifiClientModeImpl: java.lang.Throwable
08-18 07:22:45.439   368   445 V WifiClientModeImpl:    at com.android.server.wifi.ClientModeImpl.stopIpClient(ClientModeImpl.java:1075)
08-18 07:22:45.439   368   445 V WifiClientModeImpl:    at com.android.server.wifi.ClientModeImpl.stopDhcpSetup(ClientModeImpl.java:1090)
08-18 07:22:45.439   368   445 V WifiClientModeImpl:    at com.android.server.wifi.ClientModeImpl.handleNetworkDisconnect(ClientModeImpl.java:2768)
08-18 07:22:45.439   368   445 V WifiClientModeImpl:    at com.android.server.wifi.ClientModeImpl.handleIfaceDestroyed(ClientModeImpl.java:1575)
08-18 07:22:45.439   368   445 V WifiClientModeImpl:    at com.android.server.wifi.ClientModeManager$ClientModeStateMachine$1.onDestroyed(ClientModeManager.java:423)
08-18 07:22:45.439   368   445 V WifiClientModeImpl:    at com.android.server.wifi.WifiNative.onInterfaceDestroyed(WifiNative.java:578)
08-18 07:22:45.439   368   445 V WifiClientModeImpl:    at com.android.server.wifi.WifiNative.access$1200(WifiNative.java:77)
08-18 07:22:45.439   368   445 V WifiClientModeImpl:    at com.android.server.wifi.WifiNative$InterfaceDestoyedListenerInternal.onDestroyed(WifiNative.java:605)
08-18 07:22:45.439   368   445 V WifiClientModeImpl:    at com.android.server.wifi.WifiVendorHal$StaInterfaceDestroyedListenerInternal.onDestroyed(WifiVendorHal.java:429)
08-18 07:22:45.439   368   445 V WifiClientModeImpl:    at com.android.server.wifi.HalDeviceManager$InterfaceDestroyedListenerProxy.action(HalDeviceManager.java:2165)
08-18 07:22:45.439   368   445 V WifiClientModeImpl:    at com.android.server.wifi.HalDeviceManager$ListenerProxy.trigger(HalDeviceManager.java:2130)
08-18 07:22:45.439   368   445 V WifiClientModeImpl:    at com.android.server.wifi.HalDeviceManager.dispatchDestroyedListeners(HalDeviceManager.java:2081)
08-18 07:22:45.439   368   445 V WifiClientModeImpl:    at com.android.server.wifi.HalDeviceManager.removeIfaceInternal(HalDeviceManager.java:2000)
08-18 07:22:45.439   368   445 V WifiClientModeImpl:    at com.android.server.wifi.HalDeviceManager.removeIface(HalDeviceManager.java:265)
08-18 07:22:45.439   368   445 V WifiClientModeImpl:    at com.android.server.wifi.WifiVendorHal.removeStaIface(WifiVendorHal.java:478)
08-18 07:22:45.439   368   445 V WifiClientModeImpl:    at com.android.server.wifi.WifiNative.removeStaIface(WifiNative.java:865)
08-18 07:22:45.439   368   445 V WifiClientModeImpl:    at com.android.server.wifi.WifiNative.teardownInterface(WifiNative.java:1309)
08-18 07:22:45.439   368   445 V WifiClientModeImpl:    at com.android.server.wifi.ClientModeManager$ClientModeStateMachine$StartedState.exit(ClientModeManager.java:568)
08-18 07:22:45.439   368   445 V WifiClientModeImpl:    at com.android.wifi.x.com.android.internal.util.StateMachine$SmHandler.invokeExitMethods(StateMachine.java:1022)
08-18 07:22:45.439   368   445 V WifiClientModeImpl:    at com.android.wifi.x.com.android.internal.util.StateMachine$SmHandler.performTransitions(StateMachine.java:878)
08-18 07:22:45.439   368   445 V WifiClientModeImpl:    at com.android.wifi.x.com.android.internal.util.StateMachine$SmHandler.handleMessage(StateMachine.java:820)
08-18 07:22:45.439   368   445 V WifiClientModeImpl:    at android.os.Handler.dispatchMessage(Handler.java:106)
08-18 07:22:45.439   368   445 V WifiClientModeImpl:    at android.os.Looper.loop(Looper.java:223)
08-18 07:22:45.439   368   445 V WifiClientModeImpl:    at android.os.HandlerThread.run(HandlerThread.java:67)
08-18 07:22:45.440   368   445 I WifiNative: Successfully torn down Iface:{Name=wlan0,Id=3,Type=STA_CONNECTIVITY}
08-18 07:22:45.441   368   445 E HalDevMgr: getAllChipInfo: called but mWifi is null!?
08-18 07:22:45.441   368   445 E HalDevMgr: dispatchAvailableForRequestListeners: no chip info found
08-18 07:22:45.441   368   445 W HalDevMgr: stopWifi called but mWifi is null!?
08-18 07:22:45.441   368   445 I WifiNative: Successfully initiated teardown for iface=wlan0
08-18 07:22:45.441   368   445 D WifiScanRequestProxy: Sending scan available broadcast: false
08-18 07:22:45.441   368   448 I WifiScanningService: Received a request to disable scanning, UID = 1000
08-18 07:22:45.441   368   448 E WifiNl80211Manager: No valid wificond scanner interface handler
08-18 07:22:45.441   368   448 I WifiScanningService: Removed an impl for wlan0
08-18 07:22:45.442   368   448 I WifiScanningService: wifi driver unloaded
08-18 07:22:45.442   368   445 I WifiScanRequestProxy: Scanning is disabled
08-18 07:22:45.446   368   445 E SupplicantStaIfaceHal: Can't call listNetworks, ISupplicantStaIface is null
08-18 07:22:45.447   368   445 E SupplicantStaIfaceHal: removeAllNetworks failed, got null networks
08-18 07:22:45.447   368   445 E WifiClientModeImpl: Failed to remove networks on exiting connect mode
08-18 07:22:45.448   368   445 E SupplicantStaIfaceHal: Can't call setPowerSave, ISupplicantStaIface is null
08-18 07:22:45.449   368   445 E SupplicantStaIfaceHal: Can't call setBtCoexistenceMode, ISupplicantStaIface is null
08-18 07:22:45.449   368   445 V WifiClientModeImpl: stopIpClient IpClientWithPreConnection: false
08-18 07:22:45.449   368   445 V WifiClientModeImpl: java.lang.Throwable
08-18 07:22:45.449   368   445 V WifiClientModeImpl:    at com.android.server.wifi.ClientModeImpl.stopIpClient(ClientModeImpl.java:1075)
08-18 07:22:45.449   368   445 V WifiClientModeImpl:    at com.android.server.wifi.ClientModeImpl.stopDhcpSetup(ClientModeImpl.java:1090)
08-18 07:22:45.449   368   445 V WifiClientModeImpl:    at com.android.server.wifi.ClientModeImpl.handleNetworkDisconnect(ClientModeImpl.java:2768)
08-18 07:22:45.449   368   445 V WifiClientModeImpl:    at com.android.server.wifi.ClientModeImpl.stopClientMode(ClientModeImpl.java:3673)
08-18 07:22:45.449   368   445 V WifiClientModeImpl:    at com.android.server.wifi.ClientModeImpl.access$4300(ClientModeImpl.java:166)
08-18 07:22:45.449   368   445 V WifiClientModeImpl:    at com.android.server.wifi.ClientModeImpl$ConnectModeState.exit(ClientModeImpl.java:3832)
08-18 07:22:45.449   368   445 V WifiClientModeImpl:    at com.android.wifi.x.com.android.internal.util.StateMachine$SmHandler.invokeExitMethods(StateMachine.java:1022)
08-18 07:22:45.449   368   445 V WifiClientModeImpl:    at com.android.wifi.x.com.android.internal.util.StateMachine$SmHandler.performTransitions(StateMachine.java:878)
08-18 07:22:45.449   368   445 V WifiClientModeImpl:    at com.android.wifi.x.com.android.internal.util.StateMachine$SmHandler.handleMessage(StateMachine.java:820)
08-18 07:22:45.449   368   445 V WifiClientModeImpl:    at android.os.Handler.dispatchMessage(Handler.java:106)
08-18 07:22:45.449   368   445 V WifiClientModeImpl:    at android.os.Looper.loop(Looper.java:223)
08-18 07:22:45.449   368   445 V WifiClientModeImpl:    at android.os.HandlerThread.run(HandlerThread.java:67)
08-18 07:22:45.450   368   445 D WifiDiags: stopLogging() iface list is {} after removing wlan0
08-18 07:22:45.450   368   445 W WifiDiags: Fail to reset log handler
08-18 07:22:45.458   368   445 W SupplicantStaIfaceHal: ISupplicant died: cookie=4
08-18 07:22:45.458   368   445 W HalDevMgr: isWifiStarted called but mWifi is null!?
08-18 07:22:45.458   368   445 D WifiController: STA disabled, return to DisabledState.
08-18 07:22:45.458   368   445 D WifiController: EnabledState.exit()
08-18 07:22:45.458   368   445 D WifiController: DisabledState.enter()
08-18 07:22:45.459   368   445 E WifiNative: Could not get Iface object for interface null
08-18 07:22:45.459   368   445 E HalDevMgr: getAllChipInfo: called but mWifi is null!?
08-18 07:22:45.462   186   186 I Binder:186_2: type=1400 audit(0.0:110): avc: denied { read } for name="wakeup2" dev="sysfs" ino=17544 scontext=u:r:system_suspend:s0 tcontext=u:object_r:sysfs:s0 tclass=dir permissive=1
08-18 07:22:45.512   368  1178 D WifiMemoryStoreImpl: Set cluster Gd2cc9db4bd4f5af5 for Wd2cc9db4bd4f5af5: SUCCESS
08-18 07:22:45.470   186   186 I Binder:186_2: type=1400 audit(0.0:111): avc: denied { open } for path="/sys/devices/platform/scb/fd500000.pcie/pci0000:00/0000:00:00.0/0000:01:00.0/usb1/1-1/1-1.3/wakeup/wakeup2" dev="sysfs" ino=17544 scontext=u:r:system_suspend:s0 tcontext=u:object_r:sysfs:s0 tclass=dir permissive=1
08-18 07:22:45.470   186   186 I Binder:186_2: type=1400 audit(0.0:112): avc: denied { read } for name="event_count" dev="sysfs" ino=17551 scontext=u:r:system_suspend:s0 tcontext=u:object_r:sysfs:s0 tclass=file permissive=1
08-18 07:22:45.470   186   186 I Binder:186_2: type=1400 audit(0.0:113): avc: denied { open } for path="/sys/devices/platform/scb/fd500000.pcie/pci0000:00/0000:00:00.0/0000:01:00.0/usb1/1-1/1-1.3/wakeup/wakeup2/event_count" dev="sysfs" ino=17551 scontext=u:r:system_suspend:s0 tcontext=u:object_r:sysfs:s0 tclass=file permissive=1
08-18 07:22:45.470   186   186 I Binder:186_2: type=1400 audit(0.0:114): avc: denied { getattr } for path="/sys/devices/platform/scb/fd500000.pcie/pci0000:00/0000:00:00.0/0000:01:00.0/usb1/1-1/1-1.3/wakeup/wakeup2/event_count" dev="sysfs" ino=17551 scontext=u:r:system_suspend:s0 tcontext=u:object_r:sysfs:s0 tclass=file permissive=1
08-18 07:22:46.215   193   193 I tombstoned: received crash request for pid 1538
08-18 07:22:46.216   193   193 I tombstoned: found intercept fd 512 for pid 1538 and type kDebuggerdJavaBacktrace
08-18 07:22:46.216   193   193 W tombstoned: missing output fd
08-18 07:22:46.216  1538  1544 I droid.bluetoot: Wrote stack traces to tombstoned
08-18 07:22:46.219   368  1616 I system_server: libdebuggerd_client: done dumping process 1538
08-18 07:22:46.230   368  1616 I ActivityManager: Collecting stacks for native pid 1538
08-18 07:22:46.233   368  1616 I system_server: libdebuggerd_client: started dumping process 1538
08-18 07:22:46.233   193   193 I tombstoned: registered intercept for pid 1538 and type kDebuggerdNativeBacktrace
08-18 07:22:46.234  1538  1538 I libc    : Requested dump for tid 1538 (droid.bluetooth)
08-18 07:22:46.310  1619  1619 I crash_dump64: obtaining output fd from tombstoned, type: kDebuggerdNativeBacktrace
08-18 07:22:46.311   193   193 I tombstoned: received crash request for pid 1538
08-18 07:22:46.311   193   193 I tombstoned: found intercept fd 512 for pid 1538 and type kDebuggerdNativeBacktrace
08-18 07:22:46.311  1619  1619 I crash_dump64: performing dump of process 1538 (target tid = 1538)
08-18 07:22:46.632   193   193 W tombstoned: missing output fd
08-18 07:22:46.633   368  1616 I system_server: libdebuggerd_client: done dumping process 1538
08-18 07:22:46.645   368  1616 I ActivityManager: Done dumping
08-18 07:22:46.647   368  1616 E ActivityManager: ANR in com.android.bluetooth
08-18 07:22:46.647   368  1616 E ActivityManager: PID: 1538
08-18 07:22:46.647   368  1616 E ActivityManager: Reason: executing service com.android.bluetooth/.btservice.AdapterService
08-18 07:22:46.647   368  1616 E ActivityManager: Load: 0.0 / 0.0 / 0.0
08-18 07:22:46.647   368  1616 E ActivityManager: ----- Output from /proc/pressure/memory -----
08-18 07:22:46.647   368  1616 E ActivityManager: some avg10=0.00 avg60=0.00 avg300=0.00 total=0
08-18 07:22:46.647   368  1616 E ActivityManager: full avg10=0.00 avg60=0.00 avg300=0.00 total=0
08-18 07:22:46.647   368  1616 E ActivityManager: ----- End output from /proc/pressure/memory -----
08-18 07:22:46.647   368  1616 E ActivityManager:
08-18 07:22:46.647   368  1616 E ActivityManager: CPU usage from 207974ms to 0ms ago (2021-08-18 07:19:17.123 to 2021-08-18 07:22:45.097):
