08-18 07:28:14.239   268   268 W wificond: No handler for scan result notification from interface with index: 8
08-18 07:28:14.240   368   445 I SupplicantStaIfaceHal: Terminating supplicant using HIDL
08-18 07:28:14.242   368   445 I android_os_HwBinder: HwBinder: Starting thread pool for getting: android.hardware.wifi.supplicant@1.0::ISupplicant/default
08-18 07:28:14.244  1701  1701 I wpa_supplicant: Terminating...
01-01 00:19:57.339     0     0 I init    : Service 'wpa_supplicant' (pid 1701) exited with status 0 oneshot service took 72.213997 seconds in background
01-01 00:19:57.351     0     0 I init    : Sending signal 9 to service 'wpa_supplicant' (pid 1701) process group...
01-01 00:19:57.360     0     0 I libprocessgroup: Successfully killed process cgroup uid 0 pid 1701 in 0ms
08-18 07:28:14.284   368   734 D SupplicantStaIfaceHal: ISupplicant died: cookie=-4797067371318908667
08-18 07:28:14.285   368   445 D WifiNl80211Manager: tearing down interfaces in wificond
08-18 07:28:14.289   239   239 I WifiHAL : found interface wlan0
08-18 07:28:14.289   239   239 E WifiHAL : Calling hal cleanup
08-18 07:28:14.289   239   239 E WifiHAL : Cancel: Stop Hal
08-18 07:28:14.289   239   239 E WifiHAL : Failed to register set hal start response; result = -95
08-18 07:28:14.289   239   239 I WifiHAL : Failed to remove command 2: 0x0
08-18 07:28:14.290   239  1698 E WifiHAL : wifi_event_loop: Read after POLL returned 4, error no = 0 (Success)
08-18 07:28:14.290   239  1698 D WifiHAL : Got a signal to exit!!!
08-18 07:28:14.290   239  1698 I WifiHAL : Exit wifi_event_loop
08-18 07:28:14.290   239   239 E WifiHAL : wifi_cleanup: Read after POLL returned 4, error no = 0 (Success)
08-18 07:28:14.290   239   239 E WifiHAL : Event processing terminated
08-18 07:28:14.290   239   239 I WifiHAL : wifi nan internal clean up done
08-18 07:28:14.290   239   239 I WifiHAL : event_cb callbacks left: 1
08-18 07:28:14.290   239   239 I WifiHAL : event_cb cleanup. index:0
08-18 07:28:14.290   239   239 I WifiHAL : event_cb cleanup. vendor cmd:6673 sub_cmd:11
08-18 07:28:14.290   239   239 I WifiHAL : Command left in event_cb 0xb4000076f7c39000
08-18 07:28:14.290   239   239 I WifiHAL : Check bad commands: num_cmd:1 bad_commands:0
08-18 07:28:14.290   239   239 I WifiHAL : Cancelling command 0xb4000076f7c39000:SetAlertHandler
08-18 07:28:14.290   239   239 D WifiHAL : Success to clear alerthandler
08-18 07:28:14.290   239   239 I WifiHAL : internal clean up
08-18 07:28:14.290   239   239 I WifiHAL : cmd_sock non null. clean up
08-18 07:28:14.291   239   239 I WifiHAL : cleanup_handler cb
08-18 07:28:14.291   239   239 I android.hardware.wifi@1.0-service: Legacy HAL stop complete callback received
08-18 07:28:14.292   239   239 I WifiHAL : Internal cleanup completed
08-18 07:28:14.292   239   239 E WifiHAL : wifi_clean_up done
08-18 07:28:14.293   239   239 I android.hardware.wifi@1.0-service: Wifi HAL stopped
08-18 07:28:14.294   368   445 I WifiVendorHal: Vendor Hal stopped
08-18 07:28:14.294   368   445 D WifiClientModeManager: STA iface wlan0 was destroyed, stopping client mode
08-18 07:28:14.294   368   445 E SupplicantStaIfaceHal: Can't call setPowerSave, ISupplicantStaIface is null
08-18 07:28:14.295   368   445 E SupplicantStaIfaceHal: Can't call setBtCoexistenceMode, ISupplicantStaIface is null
08-18 07:28:14.296   368   445 V WifiClientModeImpl: stopIpClient IpClientWithPreConnection: false
08-18 07:28:14.296   368   445 V WifiClientModeImpl: java.lang.Throwable
08-18 07:28:14.296   368   445 V WifiClientModeImpl:    at com.android.server.wifi.ClientModeImpl.stopIpClient(ClientModeImpl.java:1075)
08-18 07:28:14.296   368   445 V WifiClientModeImpl:    at com.android.server.wifi.ClientModeImpl.stopDhcpSetup(ClientModeImpl.java:1090)
08-18 07:28:14.296   368   445 V WifiClientModeImpl:    at com.android.server.wifi.ClientModeImpl.handleNetworkDisconnect(ClientModeImpl.java:2768)
08-18 07:28:14.296   368   445 V WifiClientModeImpl:    at com.android.server.wifi.ClientModeImpl.handleIfaceDestroyed(ClientModeImpl.java:1575)
08-18 07:28:14.296   368   445 V WifiClientModeImpl:    at com.android.server.wifi.ClientModeManager$ClientModeStateMachine$1.onDestroyed(ClientModeManager.java:423)
08-18 07:28:14.296   368   445 V WifiClientModeImpl:    at com.android.server.wifi.WifiNative.onInterfaceDestroyed(WifiNative.java:578)
08-18 07:28:14.296   368   445 V WifiClientModeImpl:    at com.android.server.wifi.WifiNative.access$1200(WifiNative.java:77)
08-18 07:28:14.296   368   445 V WifiClientModeImpl:    at com.android.server.wifi.WifiNative$InterfaceDestoyedListenerInternal.onDestroyed(WifiNative.java:605)
08-18 07:28:14.296   368   445 V WifiClientModeImpl:    at com.android.server.wifi.WifiVendorHal$StaInterfaceDestroyedListenerInternal.onDestroyed(WifiVendorHal.java:429)
08-18 07:28:14.296   368   445 V WifiClientModeImpl:    at com.android.server.wifi.HalDeviceManager$InterfaceDestroyedListenerProxy.action(HalDeviceManager.java:2165)
08-18 07:28:14.296   368   445 V WifiClientModeImpl:    at com.android.server.wifi.HalDeviceManager$ListenerProxy.trigger(HalDeviceManager.java:2130)
08-18 07:28:14.296   368   445 V WifiClientModeImpl:    at com.android.server.wifi.HalDeviceManager.dispatchDestroyedListeners(HalDeviceManager.java:2081)
08-18 07:28:14.296   368   445 V WifiClientModeImpl:    at com.android.server.wifi.HalDeviceManager.removeIfaceInternal(HalDeviceManager.java:2000)
08-18 07:28:14.296   368   445 V WifiClientModeImpl:    at com.android.server.wifi.HalDeviceManager.removeIface(HalDeviceManager.java:265)
08-18 07:28:14.296   368   445 V WifiClientModeImpl:    at com.android.server.wifi.WifiVendorHal.removeStaIface(WifiVendorHal.java:478)
08-18 07:28:14.296   368   445 V WifiClientModeImpl:    at com.android.server.wifi.WifiNative.removeStaIface(WifiNative.java:865)
08-18 07:28:14.296   368   445 V WifiClientModeImpl:    at com.android.server.wifi.WifiNative.teardownInterface(WifiNative.java:1309)
08-18 07:28:14.296   368   445 V WifiClientModeImpl:    at com.android.server.wifi.ClientModeManager$ClientModeStateMachine$StartedState.exit(ClientModeManager.java:568)
08-18 07:28:14.296   368   445 V WifiClientModeImpl:    at com.android.wifi.x.com.android.internal.util.StateMachine$SmHandler.invokeExitMethods(StateMachine.java:1022)
08-18 07:28:14.296   368   445 V WifiClientModeImpl:    at com.android.wifi.x.com.android.internal.util.StateMachine$SmHandler.performTransitions(StateMachine.java:878)
08-18 07:28:14.296   368   445 V WifiClientModeImpl:    at com.android.wifi.x.com.android.internal.util.StateMachine$SmHandler.handleMessage(StateMachine.java:820)
08-18 07:28:14.296   368   445 V WifiClientModeImpl:    at android.os.Handler.dispatchMessage(Handler.java:106)
08-18 07:28:14.296   368   445 V WifiClientModeImpl:    at android.os.Looper.loop(Looper.java:223)
08-18 07:28:14.296   368   445 V WifiClientModeImpl:    at android.os.HandlerThread.run(HandlerThread.java:67)
08-18 07:28:14.298   368   445 I WifiNative: Successfully torn down Iface:{Name=wlan0,Id=5,Type=STA_CONNECTIVITY}
08-18 07:28:14.298   368   445 E HalDevMgr: getAllChipInfo: called but mWifi is null!?
08-18 07:28:14.298   368   445 E HalDevMgr: dispatchAvailableForRequestListeners: no chip info found
08-18 07:28:14.298   368   445 W HalDevMgr: stopWifi called but mWifi is null!?
08-18 07:28:14.299   368   445 I WifiNative: Successfully initiated teardown for iface=wlan0
08-18 07:28:14.300   368   445 D WifiScanRequestProxy: Sending scan available broadcast: false
08-18 07:28:14.300   368   445 I WifiScanRequestProxy: Scanning is disabled
08-18 07:28:14.301   368   448 I WifiScanningService: Received a request to disable scanning, UID = 1000
08-18 07:28:14.301   368   448 E WifiNl80211Manager: No valid wificond scanner interface handler
08-18 07:28:14.301   368   448 I WifiScanningService: Removed an impl for wlan0
08-18 07:28:14.302   368   448 I WifiScanningService: wifi driver unloaded
08-18 07:28:14.305   368   445 E SupplicantStaIfaceHal: Can't call listNetworks, ISupplicantStaIface is null
08-18 07:28:14.306   368   445 E SupplicantStaIfaceHal: removeAllNetworks failed, got null networks
08-18 07:28:14.306   368   445 E WifiClientModeImpl: Failed to remove networks on exiting connect mode
08-18 07:28:14.308   368   445 E SupplicantStaIfaceHal: Can't call setPowerSave, ISupplicantStaIface is null
08-18 07:28:14.308   368   445 E SupplicantStaIfaceHal: Can't call setBtCoexistenceMode, ISupplicantStaIface is null
08-18 07:28:14.308   368   445 V WifiClientModeImpl: stopIpClient IpClientWithPreConnection: false
08-18 07:28:14.308   368   445 V WifiClientModeImpl: java.lang.Throwable
08-18 07:28:14.308   368   445 V WifiClientModeImpl:    at com.android.server.wifi.ClientModeImpl.stopIpClient(ClientModeImpl.java:1075)
08-18 07:28:14.308   368   445 V WifiClientModeImpl:    at com.android.server.wifi.ClientModeImpl.stopDhcpSetup(ClientModeImpl.java:1090)
08-18 07:28:14.308   368   445 V WifiClientModeImpl:    at com.android.server.wifi.ClientModeImpl.handleNetworkDisconnect(ClientModeImpl.java:2768)
08-18 07:28:14.308   368   445 V WifiClientModeImpl:    at com.android.server.wifi.ClientModeImpl.stopClientMode(ClientModeImpl.java:3673)
08-18 07:28:14.308   368   445 V WifiClientModeImpl:    at com.android.server.wifi.ClientModeImpl.access$4300(ClientModeImpl.java:166)
08-18 07:28:14.308   368   445 V WifiClientModeImpl:    at com.android.server.wifi.ClientModeImpl$ConnectModeState.exit(ClientModeImpl.java:3832)
08-18 07:28:14.308   368   445 V WifiClientModeImpl:    at com.android.wifi.x.com.android.internal.util.StateMachine$SmHandler.invokeExitMethods(StateMachine.java:1022)
08-18 07:28:14.308   368   445 V WifiClientModeImpl:    at com.android.wifi.x.com.android.internal.util.StateMachine$SmHandler.performTransitions(StateMachine.java:878)
08-18 07:28:14.308   368   445 V WifiClientModeImpl:    at com.android.wifi.x.com.android.internal.util.StateMachine$SmHandler.handleMessage(StateMachine.java:820)
08-18 07:28:14.308   368   445 V WifiClientModeImpl:    at android.os.Handler.dispatchMessage(Handler.java:106)
08-18 07:28:14.308   368   445 V WifiClientModeImpl:    at android.os.Looper.loop(Looper.java:223)
08-18 07:28:14.308   368   445 V WifiClientModeImpl:    at android.os.HandlerThread.run(HandlerThread.java:67)
08-18 07:28:14.309   368   445 D WifiDiags: stopLogging() iface list is {} after removing wlan0
08-18 07:28:14.309   368   445 W WifiDiags: Fail to reset log handler
08-18 07:28:14.314   368   445 W SupplicantStaIfaceHal: ISupplicant died: cookie=6
08-18 07:28:14.314   368   445 W HalDevMgr: isWifiStarted called but mWifi is null!?
08-18 07:28:14.314   368   445 D WifiController: STA disabled, return to DisabledState.
08-18 07:28:14.315   368   445 D WifiController: EnabledState.exit()
08-18 07:28:14.315   368   445 D WifiController: DisabledState.enter()
08-18 07:28:14.315   368   445 E WifiNative: Could not get Iface object for interface null
08-18 07:28:14.316   368   445 E WifiScanRequestProxy: Scan failure received. reason: -1,description: Scan was interrupted
08-18 07:28:14.317   368   445 E HalDevMgr: getAllChipInfo: called but mWifi is null!?
08-18 07:28:14.324   368   445 E WifiNative: Could not get Iface object for interface null
08-18 07:28:14.324   368   445 E HalDevMgr: getAllChipInfo: called but mWifi is null!?
08-18 07:28:14.326   368   445 E WifiNative: Could not get Iface object for interface null
08-18 07:28:14.327   368   445 E HalDevMgr: getAllChipInfo: called but mWifi is null!?
08-18 07:28:14.327   368   445 E WifiNative: Could not get Iface object for interface null
08-18 07:28:14.328   368   445 E HalDevMgr: getAllChipInfo: called but mWifi is null!?
08-18 07:28:14.344   368   824 D WifiMemoryStoreImpl: Set cluster Gd2cc9db4bd4f5af5 for Wd2cc9db4bd4f5af5: SUCCESS
08-18 07:28:22.471   368   558 I WifiService: setWifiEnabled package=com.android.tv.settings uid=1000 enable=true
08-18 07:28:22.481   368   445 D WifiActiveModeWarden: Starting ClientModeManager
08-18 07:28:22.482   368   445 D WifiController: DisabledState.exit()
08-18 07:28:22.482   368   445 D WifiController: EnabledState.enter()
08-18 07:28:22.482   368   445 D WifiClientModeManager: entering IdleState
08-18 07:28:22.486   368   445 I android_os_HwBinder: HwBinder: Starting thread pool for getting: android.hardware.wifi@1.0::IWifi/default
08-18 07:28:22.496   239   239 I android.hardware.wifi@1.0-service: Wifi HAL started
08-18 07:28:22.498   368   445 I WifiVendorHal: Vendor Hal started successfully
08-18 07:28:22.508   239   239 E WifiHAL : wifi_pre_initialize
08-18 07:28:22.508   239   239 E WifiHAL : --- HAL version: Android-10-FRC2-SDK_29 59.0 (r854927) 2019-12-06 23:33:52 +0530 (Fri, 06 Dec 2019) ---
08-18 07:28:22.508   239   239 I WifiHAL : Creating socket
08-18 07:28:22.515   239   239 I WifiHAL : Initialized Wifi HAL Successfully; vendor cmd = 103
08-18 07:28:22.515   239   239 I WifiHAL : found interface wlan0
08-18 07:28:22.515   239   239 E WifiHAL : Calling preInit
08-18 07:28:22.515   239   239 E WifiHAL : Hal preInit
08-18 07:28:22.516   239   239 E WifiHAL : Failed to register set Hal preInit; result = -95
08-18 07:28:22.516   239   239 E WifiHAL : wifi_hal_preInit failed
08-18 07:28:22.526   368   390 I EthernetTracker: interfaceLinkStateChanged, iface: wlan0, up: false
01-01 00:20:05.610     0     0 E brcmfmac: brcmf_cfg80211_set_power_mgmt: power save enabled
08-18 07:28:22.535   239   239 E WifiHAL : wifi_initialize
08-18 07:28:22.535   239   239 I WifiHAL : found interface wlan0
08-18 07:28:22.535   239   239 E WifiHAL : Calling Hal_init
08-18 07:28:22.535   239   239 E WifiHAL : Start Set Hal
08-18 07:28:22.535   239   239 E WifiHAL : Failed to register set hal start response; result = -95
08-18 07:28:22.535   239   239 E WifiHAL : wifi_start_hal failed
08-18 07:28:22.536   239   239 I android.hardware.wifi@1.0-service: Adding interface handle for wlan0
08-18 07:28:22.536   239   239 W android.hardware.wifi@1.0-service: No active wlan interfaces in use! Using default
08-18 07:28:22.536   239   239 E android.hardware.wifi@1.0-service: Failed to register radio mode change callback
08-18 07:28:22.536   239   239 W android.hardware.wifi@1.0-service: No active wlan interfaces in use! Using default
08-18 07:28:22.537   239   239 E WifiHAL : Failed to register debug response; result = -95
08-18 07:28:22.537   239   239 E android.hardware.wifi@1.0-service: Failed to get driver version: UNKNOWN ERROR
08-18 07:28:22.537   239   239 I android.hardware.wifi@1.0-service: Configured chip in mode 0
08-18 07:28:22.537   239   239 W android.hardware.wifi@1.0-service: No active wlan interfaces in use! Using default
08-18 07:28:22.539   368   445 D HalDevMgr: updateRttController: no one is interested in RTT controllers
08-18 07:28:22.539   239   239 I android.hardware.wifi@1.0-service: Adding interface handle for wlan0
08-18 07:28:22.540   239   239 E android.hardware.wifi@1.0-service: Failed to set DFS flag; DFS channels may be unavailable.
08-18 07:28:22.549   368   445 D WifiNl80211Manager: Setting up interface for client mode
08-18 07:28:22.555   268   268 I wificond: create scanner for interface with index: 8
08-18 07:28:22.555   268   268 I wificond: subscribe scan result for interface with index: 8
08-18 07:28:22.558   368   445 I WifiNative: Interface state changed on Iface:{Name=wlan0,Id=6,Type=STA_SCAN}, isUp=true
08-18 07:28:22.559   368   445 I WifiNative: Successfully setup Iface:{Name=wlan0,Id=6,Type=STA_SCAN}
08-18 07:28:22.559   368   445 E SupplicantStaIfaceHal: Can't call getKeyMgmtCapabilities_1_3, ISupplicantStaIface is null
08-18 07:28:22.561   368   445 E WifiVendorHal: getSupportedFeatureSet(l.1263) failed {.code = ERROR_UNKNOWN, .description = unknown error}
08-18 07:28:22.562   368   445 E WifiVendorHal: getSupportedFeatureSet(l.1276) failed {.code = ERROR_UNKNOWN, .description = unknown error}
08-18 07:28:22.566   368   445 E SupplicantStaIfaceHal: Can't call getWpaDriverFeatureSet, ISupplicantStaIface is null
08-18 07:28:22.566   368   445 D WifiClientModeManager: entering StartedState
08-18 07:28:22.567   368   445 D WifiClientModeManager: entering ScanOnlyModeState
08-18 07:28:22.567   368   445 D WifiScanRequestProxy: Sending scan available broadcast: true
08-18 07:28:22.568   368   448 I WifiScanningService: Received a request to enable scanning, UID = 1000
08-18 07:28:22.568   368   445 I WifiScanRequestProxy: Scanning is enabled
08-18 07:28:22.568   368   445 I WifiScanRequestProxy: Scanning for hidden networks is disabled
08-18 07:28:22.569   368   445 D WakeupController: start()
08-18 07:28:22.569   368   448 E WifiVendorHal: getBgScanCapabilities(l.674) failed {.code = ERROR_UNKNOWN, .description = unknown error}
08-18 07:28:22.569   368   445 D WakeupController: Setting active to true
08-18 07:28:22.582   368   448 I WifiScanningService: Created a new impl for wlan0
08-18 07:28:22.583   368   448 I WifiScanningService: wifi driver loaded with scan capabilities: max buckets=16
08-18 07:28:22.587   368   445 D WakeupLock: Lock set. Number of networks: 0
08-18 07:28:22.591   368   445 I SupplicantStaIfaceHal: Starting supplicant using HIDL
08-18 07:28:22.594   165   165 I hwservicemanager: Since android.hardware.wifi.supplicant@1.0::ISupplicant/default is not registered, trying to start it as a lazy HAL.
08-18 07:28:22.596   368   445 D SupplicantStaIfaceHal: Successfully triggered start of supplicant using HIDL
01-01 00:20:05.685     0     0 I init    : starting service 'wpa_supplicant'...
01-01 00:20:05.692     0     0 I init    : Created socket '/dev/socket/wpa_wlan0', mode 660, user 1010, group 1010
01-01 00:20:05.711     0     0 I init    : Control message: Processed ctl.interface_start for 'android.hardware.wifi.supplicant@1.0::ISupplicant/default' from pid: 165 (/system/bin/hwservicemanager)
08-18 07:28:22.681   240   333 W APM::AudioPolicyEngine: getDevicesForStrategy() unknown strategy: -1
08-18 07:28:22.698  1713  1713 I wpa_supplicant: Processing hidl events on FD 3
08-18 07:28:22.702  1713  1713 I HidlServiceManagement: Registered android.hardware.wifi.supplicant@1.3::ISupplicant/default
08-18 07:28:22.702  1713  1713 I wpa_supplicant: Successfully initialized wpa_supplicant
08-18 07:28:22.714   368   379 I system_server: Background concurrent copying GC freed 143452(5405KB) AllocSpace objects, 43(2652KB) LOS objects, 49% free, 8000KB/15MB, paused 154us total 153.083ms
08-18 07:28:22.723   368   380 W JHwRemoteBinder: BinderProxy is being destroyed but the application did not call unlinkToDeath to unlink all of its death recipients beforehand.  Releasing leaked death recipient: com.android.server.wifi.HalDeviceManager$WifiDeathRecipient
08-18 07:28:22.725   368   380 W JHwRemoteBinder: BinderProxy is being destroyed but the application did not call unlinkToDeath to unlink all of its death recipients beforehand.  Releasing leaked death recipient: com.android.server.wifi.HalDeviceManager$WifiDeathRecipient
08-18 07:28:22.727   368   380 W JHwRemoteBinder: BinderProxy is being destroyed but the application did not call unlinkToDeath to unlink all of its death recipients beforehand.  Releasing leaked death recipient: com.android.server.wifi.HalDeviceManager$WifiDeathRecipient
08-18 07:28:22.734  1713  1713 I wpa_supplicant: rfkill: Cannot open RFKILL control device
08-18 07:28:22.738   368   390 I EthernetTracker: interfaceLinkStateChanged, iface: wlan0, up: false
08-18 07:28:22.784   368   410 I android_os_HwBinder: HwBinder: Starting thread pool for getting: android.hardware.wifi.supplicant@1.0::ISupplicant/default
08-18 07:28:22.785   368   410 I SupplicantStaIfaceHal: Completed initialization of ISupplicant.
08-18 07:28:22.798   368   445 E SupplicantStaIfaceHal: Can't call setupIface, ISupplicantStaIface is null
08-18 07:28:22.801   368   445 I android_os_HwBinder: HwBinder: Starting thread pool for getting: android.hardware.wifi.supplicant@1.0::ISupplicant/default
08-18 07:28:22.810   368   445 D SupplicantStaIfaceHal: Newer HAL is found, skip V1_2 remaining init flow.
08-18 07:28:22.810   368   445 D SupplicantStaIfaceHal: Newer HAL is found, skip V1_1 remaining init flow.
08-18 07:28:22.810   368   445 D SupplicantStaIfaceHal: Newer HAL is found, skip V1_0 remaining init flow.
08-18 07:28:22.819   368   445 E WifiVendorHal: getSupportedFeatureSet(l.1263) failed {.code = ERROR_UNKNOWN, .description = unknown error}
08-18 07:28:22.820   368   445 E WifiVendorHal: getSupportedFeatureSet(l.1276) failed {.code = ERROR_UNKNOWN, .description = unknown error}
08-18 07:28:22.833   368   445 I WifiNative: Successfully switched to connectivity mode on iface=Iface:{Name=wlan0,Id=6,Type=STA_CONNECTIVITY}
08-18 07:28:22.833   368   445 D WakeupController: stop()
08-18 07:28:22.833   368   445 D WifiClientModeManager: entering ConnectModeState
08-18 07:28:22.837   368   445 D WifiScanRequestProxy: Sending scan available broadcast: true
08-18 07:28:22.837   368   448 I WifiScanningService: Received a request to enable scanning, UID = 1000
08-18 07:28:22.837   368   448 I WifiScanningService: scanner impls already exists
08-18 07:28:22.837   368   448 E WifiScanningService: wifi driver loaded received while already loaded
08-18 07:28:22.837   368   445 I WifiScanRequestProxy: Scanning is enabled
08-18 07:28:22.837   368   445 I WifiScanRequestProxy: Scanning for hidden networks is enabled
08-18 07:28:22.838   368   445 D WifiClientModeImpl: entering ConnectModeState: ifaceName = wlan0
08-18 07:28:22.838   368   445 D WifiClientModeImpl: setupClientMode() ifacename = wlan0
08-18 07:28:22.849   577  1714 E IpClient.wlan0: Failed to set accept_ra to 2
08-18 07:28:22.851   368   445 D WifiCountryCode: Reading country code from telephony
08-18 07:28:22.852   368   445 D WifiCountryCode: Set telephony country code to:
08-18 07:28:22.853   368   445 D WifiCountryCode: updateCountryCode to null
08-18 07:28:22.853   239   239 D WifiHAL : Start get packet fate command
08-18 07:28:22.853   239   239 D WifiHAL : createRequest Monitor packet fate request
08-18 07:28:22.853   239   239 E WifiHAL : Failed to register get pkt fate response; result = -95
08-18 07:28:22.854   368   445 E WifiVendorHal: startPktFateMonitoring(l.1821) failed {.code = ERROR_UNKNOWN, .description = unknown error}
08-18 07:28:22.854   368   445 W WifiDiags: Failed to start packet fate monitoring
08-18 07:28:22.855   239   239 E WifiHAL : Failed to register debug response; result = -95
08-18 07:28:22.855   239   239 E android.hardware.wifi@1.0-service: Failed to get driver version: UNKNOWN ERROR
08-18 07:28:22.855   368   445 E WifiVendorHal: requestChipDebugInfo(l.1636) failed {.code = ERROR_UNKNOWN, .description = unknown error}
08-18 07:28:22.856   368   445 I WifiVendorHal: Driver: null Firmware: null
08-18 07:28:22.856   239   239 E WifiHAL : Failed to register debug response; result = -95
08-18 07:28:22.856   239   239 E android.hardware.wifi@1.0-service: Failed to get driver version: UNKNOWN ERROR
08-18 07:28:22.858   368   445 E WifiVendorHal: requestChipDebugInfo(l.1636) failed {.code = ERROR_UNKNOWN, .description = unknown error}
08-18 07:28:22.858   368   445 I WifiVendorHal: Driver: null Firmware: null
08-18 07:28:22.860   239   239 E WifiHAL : Failed to register debug response; result = -95
08-18 07:28:22.863   368   445 E WifiVendorHal: getRingBufferStatus(l.1713) failed {.code = ERROR_UNKNOWN, .description = unknown error}
08-18 07:28:22.863   368   445 W WifiDiags: no ring buffers found
08-18 07:28:22.864   368   445 D WifiDiags: startLogging() iface list is {wlan0} after adding wlan0
08-18 07:28:22.866   368  1623 I WifiService: startScan uid=1000
08-18 07:28:22.868  1713  1713 E wpa_supplicant: wpa_driver_nl80211_driver_cmd: failed to issue private command: BTCOEXSCAN-STOP
08-18 07:28:22.869   368   445 E SupplicantStaIfaceHal: ISupplicantStaIface.setBtCoexistenceScanModeEnabled failed: {.code = FAILURE_UNKNOWN, .debugMessage = }
08-18 07:28:22.869  1713  1713 E wpa_supplicant: wpa_driver_nl80211_driver_cmd: failed to issue private command: RXFILTER-STOP
08-18 07:28:22.869   368   445 E SupplicantStaIfaceHal: ISupplicantStaIface.stopRxFilter failed: {.code = FAILURE_UNKNOWN, .debugMessage = }
08-18 07:28:22.871  1713  1713 E wpa_supplicant: wpa_driver_nl80211_driver_cmd: failed to issue private command: RXFILTER-STOP
08-18 07:28:22.872   368   445 E SupplicantStaIfaceHal: ISupplicantStaIface.stopRxFilter failed: {.code = FAILURE_UNKNOWN, .debugMessage = }
08-18 07:28:22.872  1713  1713 E wpa_supplicant: wpa_driver_nl80211_driver_cmd: failed to issue private command: SETSUSPENDMODE 0
08-18 07:28:22.873   368   445 E SupplicantStaIfaceHal: ISupplicantStaIface.setSuspendModeEnabled failed: {.code = FAILURE_UNKNOWN, .debugMessage = }
08-18 07:28:22.877   368   445 D WakeupController: reset()
08-18 07:28:22.878   368   445 D WakeupController: Setting active to false
08-18 07:28:22.883   368   445 I WifiClientModeImpl: disconnectedstate enter
08-18 07:28:25.494   368   824 D WifiNl80211Manager: Scan result ready event
08-18 07:28:25.494   368   824 D WifiNative: Scan result ready event
08-18 07:28:25.495   368   390 I EthernetTracker: interfaceLinkStateChanged, iface: wlan0, up: false
08-18 07:28:25.502   368   448 D WificondScannerImpl: Filtering out 1 scan results.
08-18 07:28:28.855   368  1623 I ActivityTaskManager: START u0 {cmp=com.android.tv.settings/.connectivity.WifiConnectionActivity (has extras)} from uid 1000
08-18 07:28:28.885   368  1623 W ActivityTaskManager: Tried to set launchTime (0) < mLastActivityLaunchTime (1129778)
08-18 07:28:28.886   240   348 D AudioFlinger: mixer(0xb4000077f6eb03c0) throttle end: throttle time(4)
08-18 07:28:29.058   240   333 W APM::AudioPolicyEngine: getDevicesForStrategy() unknown strategy: -1
08-18 07:28:29.077   368   398 I ActivityTaskManager: Displayed com.android.tv.settings/.connectivity.WifiConnectionActivity: +222ms
08-18 07:28:30.296   595   595 I TetheringManager: registerTetheringEventCallback:com.android.tv.settings
08-18 07:28:30.374   368   450 D ConnectivityService: NetReassign [no changes]
08-18 07:28:30.396   368  1623 I WifiService: addOrUpdateNetwork uid=1000
08-18 07:28:30.396   368  1623 I addOrUpdateNetwork:  uid = 1000 SSID "MEMPAGE_5G" nid=-1
08-18 07:28:30.407   368   445 D WifiConfigManager: Enable disabled network: "MEMPAGE_5G" num=0
08-18 07:28:30.412   368   448 E WificondScannerImpl: Timed out waiting for scan result from wificond
08-18 07:28:30.432   368   445 D WifiConfigStore: Writing to stores completed in 19 ms.
08-18 07:28:30.433   368   445 D SupplicantStaIfaceHal: Remove cached HAL data for config id 1
08-18 07:28:30.436   368  1623 I WifiService: connect uid=1000
08-18 07:28:30.438   368   445 D WifiConfigManager: Enable disabled network: "MEMPAGE_5G" num=0
08-18 07:28:30.447   368  1623 I WifiService: startScan uid=1000
08-18 07:28:30.460   240   333 W APM::AudioPolicyEngine: getDevicesForStrategy() unknown strategy: -1
08-18 07:28:30.477   368   445 D WifiConfigStore: Writing to stores completed in 32 ms.
08-18 07:28:30.480   368   445 D SupplicantStaIfaceHal: Remove cached HAL data for config id 1
08-18 07:28:30.482   368   445 W ContextImpl: Calling a method in the system process without a qualified user: android.app.ContextImpl.sendBroadcastMultiplePermissions:1143 android.content.Context.sendBroadcastWithMultiplePermissions:2154 com.android.server.wifi.ClientModeImpl.broadcastWifiCredentialChanged:5831 com.android.server.wifi.ClientModeImpl.lambda$connect$0:6199 com.android.server.wifi.ClientModeImpl.$r8$lambda$mlWZE9a8RVmtWpxnBjsh-52bMVo:0
08-18 07:28:30.483   368   445 D WifiConfigManager: Enable disabled network: "MEMPAGE_5G" num=0
08-18 07:28:30.511   368   445 D WifiConfigStore: Writing to stores completed in 20 ms.
08-18 07:28:30.523   368   445 D WifiClientModeImpl: connectToUserSelectNetwork netId 1, uid 1000, forceReconnect = false
08-18 07:28:30.526   368   445 W WifiExternalCallbackTracker: Unknown external callback 0
08-18 07:28:30.528   368   445 E WifiClientModeImpl: CMD_START_CONNECT but no requests and not connected, bailing
08-18 07:28:33.129   368  1623 D WifiNl80211Manager: Scan result ready event
08-18 07:28:33.129   368  1623 D WifiNative: Scan result ready event
08-18 07:28:33.130   368   390 I EthernetTracker: interfaceLinkStateChanged, iface: wlan0, up: false
08-18 07:28:33.145   368   448 D WificondScannerImpl: Filtering out 2 scan results.
08-18 07:28:40.527   368  1623 I WifiService: startScan uid=1000
08-18 07:28:41.219   368   398 I UsageStatsService: User[0] Flushing usage stats to disk
08-18 07:28:43.139   368   390 I EthernetTracker: interfaceLinkStateChanged, iface: wlan0, up: false
08-18 07:28:43.140   368  1623 D WifiNl80211Manager: Scan result ready event
08-18 07:28:43.142   368  1623 D WifiNative: Scan result ready event
08-18 07:28:50.531   368   824 I WifiService: startScan uid=1000
08-18 07:28:53.141   368   479 D WifiNl80211Manager: Scan result ready event
08-18 07:28:53.142   368   479 D WifiNative: Scan result ready event
08-18 07:28:53.144   368   390 I EthernetTracker: interfaceLinkStateChanged, iface: wlan0, up: false
08-18 07:28:53.156   368   448 D WificondScannerImpl: Filtering out 1 scan results.
08-18 07:29:00.540   368   479 I WifiService: startScan uid=1000
08-18 07:29:01.789   368   391 D AutofillManagerService: onBackKeyPressed()
08-18 07:29:02.115   368   391 D AutofillManagerService: onBackKeyPressed()
08-18 07:29:02.153   368   479 I WifiService: disconnect uid=1000
08-18 07:29:02.227   368   433 I InputDispatcher: Dropping event because there is no touchable window or gesture monitor at (797, 414) in display 0.
08-18 07:29:02.274   368   450 D ConnectivityService: NetReassign [no changes]
08-18 07:29:02.327   368  1623 I WifiService: startScan uid=1000
08-18 07:29:02.800   595   595 I oid.tv.setting: Explicit concurrent copying GC freed 35037(1381KB) AllocSpace objects, 3(60KB) LOS objects, 49% free, 4092KB/8185KB, paused 75us total 68.772ms
08-18 07:29:02.848   595   595 I oid.tv.setting: Explicit concurrent copying GC freed 5525(272KB) AllocSpace objects, 0(0B) LOS objects, 49% free, 3852KB/7705KB, paused 41us total 44.094ms
08-18 07:29:02.863   595   595 D StrictMode: StrictMode policy violation: android.os.strictmode.InstanceCountViolation: class com.android.tv.settings.connectivity.WifiConnectionActivity; instances=6; limit=2
08-18 07:29:02.863   595   595 D StrictMode:    at android.os.StrictMode.setClassInstanceLimit(StrictMode.java:1)
08-18 07:29:02.867   368   392 I DropBoxManagerService: add tag=system_app_strictmode isTagEnabled=true flags=0x2
08-18 07:29:03.140   368  1623 D WifiNl80211Manager: Scan result ready event
08-18 07:29:03.142   368   390 I EthernetTracker: interfaceLinkStateChanged, iface: wlan0, up: false
08-18 07:29:03.143   368  1623 D WifiNative: Scan result ready event
08-18 07:29:03.152   368   448 D WificondScannerImpl: Filtering out 2 scan results.
08-18 07:29:04.396   368   558 I WifiService: setWifiEnabled package=com.android.tv.settings uid=1000 enable=false
08-18 07:29:04.401   368   445 D WifiActiveModeWarden: Shutting down all client mode managers
08-18 07:29:04.402   368   445 D WifiClientModeManager:  currentstate: ConnectModeState
08-18 07:29:04.409   368   445 D WifiClientModeManager: Active SubscriptionInfo list not found
08-18 07:29:04.410   368   445 D WifiClientModeManager: The target role -1
08-18 07:29:04.410   368   445 D WifiClientModeManager: Continue to stop wifi
08-18 07:29:04.419   239   239 I android.hardware.wifi@1.0-service: Adding interface handle for wlan0
08-18 07:29:04.420   239   239 W android.hardware.wifi@1.0-service: No active wlan interfaces in use! Using default
08-18 07:29:04.426   368   445 I android_os_HwBinder: HwBinder: Starting thread pool for getting: android.hardware.wifi.supplicant@1.0::ISupplicant/default
08-18 07:29:04.482  1713  1713 I wpa_supplicant: nl80211: deinit ifname=wlan0 disabled_11b_rates=0
08-18 07:29:04.502   368   390 I EthernetTracker: interfaceLinkStateChanged, iface: wlan0, up: false
08-18 07:29:04.508   268   268 I wificond: Unsubscribe scan result for interface with index: 8
08-18 07:29:04.598   240   333 W APM::AudioPolicyEngine: getDevicesForStrategy() unknown strategy: -1
08-18 07:29:05.043   368   390 I EthernetTracker: interfaceLinkStateChanged, iface: wlan0, up: false
08-18 07:29:05.090   368   445 I SupplicantStaIfaceHal: Terminating supplicant using HIDL
08-18 07:29:05.094   368   445 I android_os_HwBinder: HwBinder: Starting thread pool for getting: android.hardware.wifi.supplicant@1.0::ISupplicant/default
08-18 07:29:05.096  1713  1713 I wpa_supplicant: Terminating...
01-01 00:20:48.191     0     0 I init    : Service 'wpa_supplicant' (pid 1713) exited with status 0 oneshot service took 42.487000 seconds in background
01-01 00:20:48.204     0     0 I init    : Sending signal 9 to service 'wpa_supplicant' (pid 1713) process group...
01-01 00:20:48.213     0     0 I libprocessgroup: Successfully killed process cgroup uid 0 pid 1713 in 0ms
08-18 07:29:05.147   368   445 W SupplicantStaIfaceHal: Timed out waiting for confirmation of supplicant death
08-18 07:29:05.147   368   445 D WifiNl80211Manager: tearing down interfaces in wificond
08-18 07:29:05.147   368   410 D SupplicantStaIfaceHal: ISupplicant died: cookie=-2153053011712315480
08-18 07:29:05.155   239   239 I WifiHAL : found interface wlan0
08-18 07:29:05.155   239   239 E WifiHAL : Calling hal cleanup
08-18 07:29:05.156   239   239 E WifiHAL : Cancel: Stop Hal
08-18 07:29:05.156   239   239 E WifiHAL : Failed to register set hal start response; result = -95
08-18 07:29:05.156   239   239 I WifiHAL : Failed to remove command 2: 0x0
08-18 07:29:05.157   239  1711 E WifiHAL : wifi_event_loop: Read after POLL returned 4, error no = 0 (Success)
08-18 07:29:05.157   239  1711 D WifiHAL : Got a signal to exit!!!
08-18 07:29:05.157   239  1711 I WifiHAL : Exit wifi_event_loop
08-18 07:29:05.157   239   239 E WifiHAL : wifi_cleanup: Read after POLL returned 4, error no = 0 (Success)
08-18 07:29:05.158   239   239 E WifiHAL : Event processing terminated
08-18 07:29:05.158   239   239 I WifiHAL : wifi nan internal clean up done
08-18 07:29:05.158   239   239 I WifiHAL : event_cb callbacks left: 1
08-18 07:29:05.158   239   239 I WifiHAL : event_cb cleanup. index:0
08-18 07:29:05.158   239   239 I WifiHAL : event_cb cleanup. vendor cmd:6673 sub_cmd:11
08-18 07:29:05.158   239   239 I WifiHAL : Command left in event_cb 0xb4000076f7c3a000
08-18 07:29:05.158   239   239 I WifiHAL : Check bad commands: num_cmd:1 bad_commands:0
08-18 07:29:05.158   239   239 I WifiHAL : Cancelling command 0xb4000076f7c3a000:SetAlertHandler
08-18 07:29:05.158   239   239 D WifiHAL : Success to clear alerthandler
08-18 07:29:05.159   239   239 I WifiHAL : internal clean up
08-18 07:29:05.159   239   239 I WifiHAL : cmd_sock non null. clean up
08-18 07:29:05.159   239   239 I WifiHAL : cleanup_handler cb
08-18 07:29:05.160   239   239 I android.hardware.wifi@1.0-service: Legacy HAL stop complete callback received
08-18 07:29:05.160   239   239 I WifiHAL : Internal cleanup completed
08-18 07:29:05.160   239   239 E WifiHAL : wifi_clean_up done
08-18 07:29:05.168   239   239 I android.hardware.wifi@1.0-service: Wifi HAL stopped
08-18 07:29:05.169   368   445 I WifiVendorHal: Vendor Hal stopped
08-18 07:29:05.169   368   445 D WifiClientModeManager: STA iface wlan0 was destroyed, stopping client mode
08-18 07:29:05.169   368   445 E SupplicantStaIfaceHal: Can't call setPowerSave, ISupplicantStaIface is null
08-18 07:29:05.169   368   445 E SupplicantStaIfaceHal: Can't call setBtCoexistenceMode, ISupplicantStaIface is null
08-18 07:29:05.170   368   445 V WifiClientModeImpl: stopIpClient IpClientWithPreConnection: false
08-18 07:29:05.170   368   445 V WifiClientModeImpl: java.lang.Throwable
08-18 07:29:05.170   368   445 V WifiClientModeImpl:    at com.android.server.wifi.ClientModeImpl.stopIpClient(ClientModeImpl.java:1075)
08-18 07:29:05.170   368   445 V WifiClientModeImpl:    at com.android.server.wifi.ClientModeImpl.stopDhcpSetup(ClientModeImpl.java:1090)
08-18 07:29:05.170   368   445 V WifiClientModeImpl:    at com.android.server.wifi.ClientModeImpl.handleNetworkDisconnect(ClientModeImpl.java:2768)
08-18 07:29:05.170   368   445 V WifiClientModeImpl:    at com.android.server.wifi.ClientModeImpl.handleIfaceDestroyed(ClientModeImpl.java:1575)
08-18 07:29:05.170   368   445 V WifiClientModeImpl:    at com.android.server.wifi.ClientModeManager$ClientModeStateMachine$1.onDestroyed(ClientModeManager.java:423)
08-18 07:29:05.170   368   445 V WifiClientModeImpl:    at com.android.server.wifi.WifiNative.onInterfaceDestroyed(WifiNative.java:578)
08-18 07:29:05.170   368   445 V WifiClientModeImpl:    at com.android.server.wifi.WifiNative.access$1200(WifiNative.java:77)
08-18 07:29:05.170   368   445 V WifiClientModeImpl:    at com.android.server.wifi.WifiNative$InterfaceDestoyedListenerInternal.onDestroyed(WifiNative.java:605)
08-18 07:29:05.170   368   445 V WifiClientModeImpl:    at com.android.server.wifi.WifiVendorHal$StaInterfaceDestroyedListenerInternal.onDestroyed(WifiVendorHal.java:429)
08-18 07:29:05.170   368   445 V WifiClientModeImpl:    at com.android.server.wifi.HalDeviceManager$InterfaceDestroyedListenerProxy.action(HalDeviceManager.java:2165)
08-18 07:29:05.170   368   445 V WifiClientModeImpl:    at com.android.server.wifi.HalDeviceManager$ListenerProxy.trigger(HalDeviceManager.java:2130)
08-18 07:29:05.170   368   445 V WifiClientModeImpl:    at com.android.server.wifi.HalDeviceManager.dispatchDestroyedListeners(HalDeviceManager.java:2081)
08-18 07:29:05.170   368   445 V WifiClientModeImpl:    at com.android.server.wifi.HalDeviceManager.removeIfaceInternal(HalDeviceManager.java:2000)
08-18 07:29:05.170   368   445 V WifiClientModeImpl:    at com.android.server.wifi.HalDeviceManager.removeIface(HalDeviceManager.java:265)
08-18 07:29:05.170   368   445 V WifiClientModeImpl:    at com.android.server.wifi.WifiVendorHal.removeStaIface(WifiVendorHal.java:478)
08-18 07:29:05.170   368   445 V WifiClientModeImpl:    at com.android.server.wifi.WifiNative.removeStaIface(WifiNative.java:865)
08-18 07:29:05.170   368   445 V WifiClientModeImpl:    at com.android.server.wifi.WifiNative.teardownInterface(WifiNative.java:1309)
08-18 07:29:05.170   368   445 V WifiClientModeImpl:    at com.android.server.wifi.ClientModeManager$ClientModeStateMachine$StartedState.exit(ClientModeManager.java:568)
08-18 07:29:05.170   368   445 V WifiClientModeImpl:    at com.android.wifi.x.com.android.internal.util.StateMachine$SmHandler.invokeExitMethods(StateMachine.java:1022)
08-18 07:29:05.170   368   445 V WifiClientModeImpl:    at com.android.wifi.x.com.android.internal.util.StateMachine$SmHandler.performTransitions(StateMachine.java:878)
08-18 07:29:05.170   368   445 V WifiClientModeImpl:    at com.android.wifi.x.com.android.internal.util.StateMachine$SmHandler.handleMessage(StateMachine.java:820)
08-18 07:29:05.170   368   445 V WifiClientModeImpl:    at android.os.Handler.dispatchMessage(Handler.java:106)
08-18 07:29:05.170   368   445 V WifiClientModeImpl:    at android.os.Looper.loop(Looper.java:223)
08-18 07:29:05.170   368   445 V WifiClientModeImpl:    at android.os.HandlerThread.run(HandlerThread.java:67)
08-18 07:29:05.173   368   445 I WifiNative: Successfully torn down Iface:{Name=wlan0,Id=6,Type=STA_CONNECTIVITY}
08-18 07:29:05.173   368   445 E HalDevMgr: getAllChipInfo: called but mWifi is null!?
08-18 07:29:05.173   368   445 E HalDevMgr: dispatchAvailableForRequestListeners: no chip info found
08-18 07:29:05.173   368   445 W HalDevMgr: stopWifi called but mWifi is null!?
08-18 07:29:05.173   368   445 I WifiNative: Successfully initiated teardown for iface=wlan0
08-18 07:29:05.173   368   445 D WifiScanRequestProxy: Sending scan available broadcast: false
08-18 07:29:05.173   368   448 I WifiScanningService: Received a request to disable scanning, UID = 1000
08-18 07:29:05.174   368   448 E WifiNl80211Manager: No valid wificond scanner interface handler
08-18 07:29:05.174   368   448 I WifiScanningService: Removed an impl for wlan0
08-18 07:29:05.174   368   445 I WifiScanRequestProxy: Scanning is disabled
08-18 07:29:05.174   368   448 I WifiScanningService: wifi driver unloaded
08-18 07:29:05.183   368   445 E SupplicantStaIfaceHal: Can't call listNetworks, ISupplicantStaIface is null
08-18 07:29:05.183   368   445 E SupplicantStaIfaceHal: removeAllNetworks failed, got null networks
08-18 07:29:05.183   368   445 E WifiClientModeImpl: Failed to remove networks on exiting connect mode
08-18 07:29:05.185   368   445 E SupplicantStaIfaceHal: Can't call setPowerSave, ISupplicantStaIface is null
08-18 07:29:05.185   368   445 E SupplicantStaIfaceHal: Can't call setBtCoexistenceMode, ISupplicantStaIface is null
08-18 07:29:05.185   368   445 V WifiClientModeImpl: stopIpClient IpClientWithPreConnection: false
08-18 07:29:05.185   368   445 V WifiClientModeImpl: java.lang.Throwable
08-18 07:29:05.185   368   445 V WifiClientModeImpl:    at com.android.server.wifi.ClientModeImpl.stopIpClient(ClientModeImpl.java:1075)
08-18 07:29:05.185   368   445 V WifiClientModeImpl:    at com.android.server.wifi.ClientModeImpl.stopDhcpSetup(ClientModeImpl.java:1090)
08-18 07:29:05.185   368   445 V WifiClientModeImpl:    at com.android.server.wifi.ClientModeImpl.handleNetworkDisconnect(ClientModeImpl.java:2768)
08-18 07:29:05.185   368   445 V WifiClientModeImpl:    at com.android.server.wifi.ClientModeImpl.stopClientMode(ClientModeImpl.java:3673)
08-18 07:29:05.185   368   445 V WifiClientModeImpl:    at com.android.server.wifi.ClientModeImpl.access$4300(ClientModeImpl.java:166)
08-18 07:29:05.185   368   445 V WifiClientModeImpl:    at com.android.server.wifi.ClientModeImpl$ConnectModeState.exit(ClientModeImpl.java:3832)
08-18 07:29:05.185   368   445 V WifiClientModeImpl:    at com.android.wifi.x.com.android.internal.util.StateMachine$SmHandler.invokeExitMethods(StateMachine.java:1022)
08-18 07:29:05.185   368   445 V WifiClientModeImpl:    at com.android.wifi.x.com.android.internal.util.StateMachine$SmHandler.performTransitions(StateMachine.java:878)
08-18 07:29:05.185   368   445 V WifiClientModeImpl:    at com.android.wifi.x.com.android.internal.util.StateMachine$SmHandler.handleMessage(StateMachine.java:820)
08-18 07:29:05.185   368   445 V WifiClientModeImpl:    at android.os.Handler.dispatchMessage(Handler.java:106)
08-18 07:29:05.185   368   445 V WifiClientModeImpl:    at android.os.Looper.loop(Looper.java:223)
08-18 07:29:05.185   368   445 V WifiClientModeImpl:    at android.os.HandlerThread.run(HandlerThread.java:67)
08-18 07:29:05.187   368   445 D WifiDiags: stopLogging() iface list is {} after removing wlan0
08-18 07:29:05.188   368   445 W WifiDiags: Fail to reset log handler
08-18 07:29:05.195   368   445 W SupplicantStaIfaceHal: ISupplicant died: cookie=7
08-18 07:29:05.196   368   445 W HalDevMgr: isWifiStarted called but mWifi is null!?
08-18 07:29:05.196   368   445 E WifiNative: Could not get Iface object for interface null
08-18 07:29:05.196   368   445 D WifiController: STA disabled, return to DisabledState.
08-18 07:29:05.197   368   445 D WifiController: EnabledState.exit()
08-18 07:29:05.197   368   445 D WifiController: DisabledState.enter()
08-18 07:29:05.197   368   445 E HalDevMgr: getAllChipInfo: called but mWifi is null!?
08-18 07:29:05.217   368  1537 D WifiMemoryStoreImpl: Set cluster Gd2cc9db4bd4f5af5 for Wd2cc9db4bd4f5af5: SUCCESS
08-18 07:29:05.198   186   186 I Binder:186_2: type=1400 audit(0.0:134): avc: denied { read } for name="wakeup2" dev="sysfs" ino=17544 scontext=u:r:system_suspend:s0 tcontext=u:object_r:sysfs:s0 tclass=dir permissive=1
08-18 07:29:05.198   186   186 I Binder:186_2: type=1400 audit(0.0:135): avc: denied { open } for path="/sys/devices/platform/scb/fd500000.pcie/pci0000:00/0000:00:00.0/0000:01:00.0/usb1/1-1/1-1.3/wakeup/wakeup2" dev="sysfs" ino=17544 scontext=u:r:system_suspend:s0 tcontext=u:object_r:sysfs:s0 tclass=dir permissive=1
08-18 07:29:05.198   186   186 I Binder:186_2: type=1400 audit(0.0:136): avc: denied { read } for name="event_count" dev="sysfs" ino=17551 scontext=u:r:system_suspend:s0 tcontext=u:object_r:sysfs:s0 tclass=file permissive=1
08-18 07:29:05.198   186   186 I Binder:186_2: type=1400 audit(0.0:137): avc: denied { open } for path="/sys/devices/platform/scb/fd500000.pcie/pci0000:00/0000:00:00.0/0000:01:00.0/usb1/1-1/1-1.3/wakeup/wakeup2/event_count" dev="sysfs" ino=17551 scontext=u:r:system_suspend:s0 tcontext=u:object_r:sysfs:s0 tclass=file permissive=1
08-18 07:29:05.198   186   186 I Binder:186_2: type=1400 audit(0.0:138): avc: denied { getattr } for path="/sys/devices/platform/scb/fd500000.pcie/pci0000:00/0000:00:00.0/0000:01:00.0/usb1/1-1/1-1.3/wakeup/wakeup2/event_count" dev="sysfs" ino=17551 scontext=u:r:system_suspend:s0 tcontext=u:object_r:sysfs:s0 tclass=file permissive=1
01-01 00:21:03.959     0     0 I logd    : logdr: UID=0 GID=0 PID=1719 b tail=0 logMask=99 pid=0 start=0ns deadline=0ns
08-18 07:29:30.205   368  1537 I WifiService: setWifiEnabled package=com.android.tv.settings uid=1000 enable=true
08-18 07:29:30.209   368   445 D WifiActiveModeWarden: Starting ClientModeManager
08-18 07:29:30.209   368   445 D WifiController: DisabledState.exit()
08-18 07:29:30.209   368   445 D WifiController: EnabledState.enter()
08-18 07:29:30.209   368   445 D WifiClientModeManager: entering IdleState
08-18 07:29:30.220   368   445 I android_os_HwBinder: HwBinder: Starting thread pool for getting: android.hardware.wifi@1.0::IWifi/default
08-18 07:29:30.225   239   239 I android.hardware.wifi@1.0-service: Wifi HAL started
08-18 07:29:30.226   368   445 I WifiVendorHal: Vendor Hal started successfully
08-18 07:29:30.232   239   239 E WifiHAL : wifi_pre_initialize
08-18 07:29:30.232   239   239 E WifiHAL : --- HAL version: Android-10-FRC2-SDK_29 59.0 (r854927) 2019-12-06 23:33:52 +0530 (Fri, 06 Dec 2019) ---
08-18 07:29:30.233   239   239 I WifiHAL : Creating socket
08-18 07:29:30.242   239   239 I WifiHAL : Initialized Wifi HAL Successfully; vendor cmd = 103
08-18 07:29:30.242   239   239 I WifiHAL : found interface wlan0
08-18 07:29:30.242   239   239 E WifiHAL : Calling preInit
08-18 07:29:30.242   239   239 E WifiHAL : Hal preInit
08-18 07:29:30.243   239   239 E WifiHAL : Failed to register set Hal preInit; result = -95
08-18 07:29:30.243   239   239 E WifiHAL : wifi_hal_preInit failed
08-18 07:29:30.252   368   390 I EthernetTracker: interfaceLinkStateChan