08-18 07:19:16.575   368  1470 I PackageDexOptimizer: Running dexopt (dexoptNeeded=1) on: /system/priv-app/InputDevices/InputDevices.apk pkg=com.android.inputdevices isa=arm64 dexoptFlags=boot_complete,public targetFilter=extract oatDir=null classLoaderContext=PCL[]{}
08-18 07:19:16.577   263   287 V installd: DexInv: --- BEGIN '/system/priv-app/InputDevices/InputDevices.apk' ---
08-18 07:19:16.577   263   287 V installd: Running /apex/com.android.art/bin/dex2oat32 in=InputDevices.apk out=/data/dalvik-cache/arm64/system@priv-app@InputDevices@InputDevices.apk@classes.dex
08-18 07:19:16.587  1499  1499 E installd: execv(/apex/com.android.art/bin/dex2oat32) failed: No such file or directory
08-18 07:19:16.591   263   287 V installd: DexInv: --- END '/system/priv-app/InputDevices/InputDevices.apk' --- status=0x4800, process failed
08-18 07:19:16.592   263   287 E installd: Dex2oat invocation for /system/priv-app/InputDevices/InputDevices.apk failed: exec(dex2oat) (18432)
08-18 07:19:16.594   368  1470 W PackageDexOptimizer: Failed to dexopt
08-18 07:19:16.594   368  1470 W PackageDexOptimizer: com.android.server.pm.Installer$InstallerException: android.os.ServiceSpecificException: Dex2oat invocation for /system/priv-app/InputDevices/InputDevices.apk failed: exec(dex2oat) (code 18432)
08-18 07:19:16.594   368  1470 W PackageDexOptimizer:   at com.android.server.pm.Installer.dexopt(Installer.java:387)
08-18 07:19:16.594   368  1470 W PackageDexOptimizer:   at com.android.server.pm.PackageDexOptimizer.dexOptPath(PackageDexOptimizer.java:333)
08-18 07:19:16.594   368  1470 W PackageDexOptimizer:   at com.android.server.pm.PackageDexOptimizer.performDexOptLI(PackageDexOptimizer.java:259)
08-18 07:19:16.594   368  1470 W PackageDexOptimizer:   at com.android.server.pm.PackageDexOptimizer.performDexOpt(PackageDexOptimizer.java:161)
08-18 07:19:16.594   368  1470 W PackageDexOptimizer:   at com.android.server.pm.PackageManagerService.performDexOptInternalWithDependenciesLI(PackageManagerService.java:10126)
08-18 07:19:16.594   368  1470 W PackageDexOptimizer:   at com.android.server.pm.PackageManagerService.performDexOptInternal(PackageManagerService.java:10058)
08-18 07:19:16.594   368  1470 W PackageDexOptimizer:   at com.android.server.pm.PackageManagerService.performDexOptTraced(PackageManagerService.java:10034)
08-18 07:19:16.594   368  1470 W PackageDexOptimizer:   at com.android.server.pm.PackageManagerService.performDexOptWithStatus(PackageManagerService.java:10028)
08-18 07:19:16.594   368  1470 W PackageDexOptimizer:   at com.android.server.pm.BackgroundDexOptService.postBootUpdate(BackgroundDexOptService.java:242)
08-18 07:19:16.594   368  1470 W PackageDexOptimizer:   at com.android.server.pm.BackgroundDexOptService.access$200(BackgroundDexOptService.java:64)
08-18 07:19:16.594   368  1470 W PackageDexOptimizer:   at com.android.server.pm.BackgroundDexOptService$2.run(BackgroundDexOptService.java:194)
08-18 07:19:16.604   368  1470 I PackageDexOptimizer: Running dexopt (dexoptNeeded=1) on: /system/app/ExtShared/ExtShared.apk pkg=android.ext.shared isa=arm64 dexoptFlags=boot_complete,public targetFilter=extract oatDir=null classLoaderContext=PCL[]{}
08-18 07:19:16.605   263   287 V installd: DexInv: --- BEGIN '/system/app/ExtShared/ExtShared.apk' ---
08-18 07:19:16.605   263   287 V installd: Running /apex/com.android.art/bin/dex2oat32 in=ExtShared.apk out=/data/dalvik-cache/arm64/system@app@ExtShared@ExtShared.apk@classes.dex
08-18 07:19:16.617  1500  1500 E installd: execv(/apex/com.android.art/bin/dex2oat32) failed: No such file or directory
08-18 07:19:16.619   263   287 V installd: DexInv: --- END '/system/app/ExtShared/ExtShared.apk' --- status=0x4800, process failed
08-18 07:19:16.620   263   287 E installd: Dex2oat invocation for /system/app/ExtShared/ExtShared.apk failed: exec(dex2oat) (18432)
08-18 07:19:16.621   368  1470 W PackageDexOptimizer: Failed to dexopt
08-18 07:19:16.621   368  1470 W PackageDexOptimizer: com.android.server.pm.Installer$InstallerException: android.os.ServiceSpecificException: Dex2oat invocation for /system/app/ExtShared/ExtShared.apk failed: exec(dex2oat) (code 18432)
08-18 07:19:16.621   368  1470 W PackageDexOptimizer:   at com.android.server.pm.Installer.dexopt(Installer.java:387)
08-18 07:19:16.621   368  1470 W PackageDexOptimizer:   at com.android.server.pm.PackageDexOptimizer.dexOptPath(PackageDexOptimizer.java:333)
08-18 07:19:16.621   368  1470 W PackageDexOptimizer:   at com.android.server.pm.PackageDexOptimizer.performDexOptLI(PackageDexOptimizer.java:259)
08-18 07:19:16.621   368  1470 W PackageDexOptimizer:   at com.android.server.pm.PackageDexOptimizer.performDexOpt(PackageDexOptimizer.java:161)
08-18 07:19:16.621   368  1470 W PackageDexOptimizer:   at com.android.server.pm.PackageManagerService.performDexOptInternalWithDependenciesLI(PackageManagerService.java:10126)
08-18 07:19:16.621   368  1470 W PackageDexOptimizer:   at com.android.server.pm.PackageManagerService.performDexOptInternal(PackageManagerService.java:10058)
08-18 07:19:16.621   368  1470 W PackageDexOptimizer:   at com.android.server.pm.PackageManagerService.performDexOptTraced(PackageManagerService.java:10034)
08-18 07:19:16.621   368  1470 W PackageDexOptimizer:   at com.android.server.pm.PackageManagerService.performDexOptWithStatus(PackageManagerService.java:10028)
08-18 07:19:16.621   368  1470 W PackageDexOptimizer:   at com.android.server.pm.BackgroundDexOptService.postBootUpdate(BackgroundDexOptService.java:242)
08-18 07:19:16.621   368  1470 W PackageDexOptimizer:   at com.android.server.pm.BackgroundDexOptService.access$200(BackgroundDexOptService.java:64)
08-18 07:19:16.621   368  1470 W PackageDexOptimizer:   at com.android.server.pm.BackgroundDexOptService$2.run(BackgroundDexOptService.java:194)
08-18 07:19:16.625   368  1470 I PackageDexOptimizer: Running dexopt (dexoptNeeded=1) on: /system/app/KeyChain/KeyChain.apk pkg=com.android.keychain isa=arm64 dexoptFlags=boot_complete,public targetFilter=extract oatDir=null classLoaderContext=PCL[]{}
08-18 07:19:16.627   263   287 V installd: DexInv: --- BEGIN '/system/app/KeyChain/KeyChain.apk' ---
08-18 07:19:16.627   263   287 V installd: Running /apex/com.android.art/bin/dex2oat32 in=KeyChain.apk out=/data/dalvik-cache/arm64/system@app@KeyChain@KeyChain.apk@classes.dex
08-18 07:19:16.637  1501  1501 E installd: execv(/apex/com.android.art/bin/dex2oat32) failed: No such file or directory
08-18 07:19:16.639   263   287 V installd: DexInv: --- END '/system/app/KeyChain/KeyChain.apk' --- status=0x4800, process failed
08-18 07:19:16.640   263   287 E installd: Dex2oat invocation for /system/app/KeyChain/KeyChain.apk failed: exec(dex2oat) (18432)
08-18 07:19:16.641   368  1470 W PackageDexOptimizer: Failed to dexopt
08-18 07:19:16.641   368  1470 W PackageDexOptimizer: com.android.server.pm.Installer$InstallerException: android.os.ServiceSpecificException: Dex2oat invocation for /system/app/KeyChain/KeyChain.apk failed: exec(dex2oat) (code 18432)
08-18 07:19:16.641   368  1470 W PackageDexOptimizer:   at com.android.server.pm.Installer.dexopt(Installer.java:387)
08-18 07:19:16.641   368  1470 W PackageDexOptimizer:   at com.android.server.pm.PackageDexOptimizer.dexOptPath(PackageDexOptimizer.java:333)
08-18 07:19:16.641   368  1470 W PackageDexOptimizer:   at com.android.server.pm.PackageDexOptimizer.performDexOptLI(PackageDexOptimizer.java:259)
08-18 07:19:16.641   368  1470 W PackageDexOptimizer:   at com.android.server.pm.PackageDexOptimizer.performDexOpt(PackageDexOptimizer.java:161)
08-18 07:19:16.641   368  1470 W PackageDexOptimizer:   at com.android.server.pm.PackageManagerService.performDexOptInternalWithDependenciesLI(PackageManagerService.java:10126)
08-18 07:19:16.641   368  1470 W PackageDexOptimizer:   at com.android.server.pm.PackageManagerService.performDexOptInternal(PackageManagerService.java:10058)
08-18 07:19:16.641   368  1470 W PackageDexOptimizer:   at com.android.server.pm.PackageManagerService.performDexOptTraced(PackageManagerService.java:10034)
08-18 07:19:16.641   368  1470 W PackageDexOptimizer:   at com.android.server.pm.PackageManagerService.performDexOptWithStatus(PackageManagerService.java:10028)
08-18 07:19:16.641   368  1470 W PackageDexOptimizer:   at com.android.server.pm.BackgroundDexOptService.postBootUpdate(BackgroundDexOptService.java:242)
08-18 07:19:16.641   368  1470 W PackageDexOptimizer:   at com.android.server.pm.BackgroundDexOptService.access$200(BackgroundDexOptService.java:64)
08-18 07:19:16.641   368  1470 W PackageDexOptimizer:   at com.android.server.pm.BackgroundDexOptService$2.run(BackgroundDexOptService.java:194)
08-18 07:19:16.644   368  1470 I PackageDexOptimizer: Running dexopt (dexoptNeeded=1) on: /apex/com.android.extservices/priv-app/ExtServices/ExtServices.apk pkg=android.ext.services isa=arm64 dexoptFlags=boot_complete,public targetFilter=extract oatDir=null classLoaderContext=PCL[]{}
08-18 07:19:16.646   263   287 V installd: DexInv: --- BEGIN '/apex/com.android.extservices/priv-app/ExtServices/ExtServices.apk' ---
08-18 07:19:16.646   263   287 V installd: Running /apex/com.android.art/bin/dex2oat32 in=ExtServices.apk out=/data/dalvik-cache/arm64/apex@com.android.extservices@priv-app@ExtServices@ExtServices.apk@classes.dex
08-18 07:19:16.656  1502  1502 E installd: execv(/apex/com.android.art/bin/dex2oat32) failed: No such file or directory
08-18 07:19:16.659   263   287 V installd: DexInv: --- END '/apex/com.android.extservices/priv-app/ExtServices/ExtServices.apk' --- status=0x4800, process failed
08-18 07:19:16.660   263   287 E installd: Dex2oat invocation for /apex/com.android.extservices/priv-app/ExtServices/ExtServices.apk failed: exec(dex2oat) (18432)
08-18 07:19:16.661   368  1470 W PackageDexOptimizer: Failed to dexopt
08-18 07:19:16.661   368  1470 W PackageDexOptimizer: com.android.server.pm.Installer$InstallerException: android.os.ServiceSpecificException: Dex2oat invocation for /apex/com.android.extservices/priv-app/ExtServices/ExtServices.apk failed: exec(dex2oat) (code 18432)
08-18 07:19:16.661   368  1470 W PackageDexOptimizer:   at com.android.server.pm.Installer.dexopt(Installer.java:387)
08-18 07:19:16.661   368  1470 W PackageDexOptimizer:   at com.android.server.pm.PackageDexOptimizer.dexOptPath(PackageDexOptimizer.java:333)
08-18 07:19:16.661   368  1470 W PackageDexOptimizer:   at com.android.server.pm.PackageDexOptimizer.performDexOptLI(PackageDexOptimizer.java:259)
08-18 07:19:16.661   368  1470 W PackageDexOptimizer:   at com.android.server.pm.PackageDexOptimizer.performDexOpt(PackageDexOptimizer.java:161)
08-18 07:19:16.661   368  1470 W PackageDexOptimizer:   at com.android.server.pm.PackageManagerService.performDexOptInternalWithDependenciesLI(PackageManagerService.java:10126)
08-18 07:19:16.661   368  1470 W PackageDexOptimizer:   at com.android.server.pm.PackageManagerService.performDexOptInternal(PackageManagerService.java:10058)
08-18 07:19:16.661   368  1470 W PackageDexOptimizer:   at com.android.server.pm.PackageManagerService.performDexOptTraced(PackageManagerService.java:10034)
08-18 07:19:16.661   368  1470 W PackageDexOptimizer:   at com.android.server.pm.PackageManagerService.performDexOptWithStatus(PackageManagerService.java:10028)
08-18 07:19:16.661   368  1470 W PackageDexOptimizer:   at com.android.server.pm.BackgroundDexOptService.postBootUpdate(BackgroundDexOptService.java:242)
08-18 07:19:16.661   368  1470 W PackageDexOptimizer:   at com.android.server.pm.BackgroundDexOptService.access$200(BackgroundDexOptService.java:64)
08-18 07:19:16.661   368  1470 W PackageDexOptimizer:   at com.android.server.pm.BackgroundDexOptService$2.run(BackgroundDexOptService.java:194)
08-18 07:19:16.670   368  1470 I PackageDexOptimizer: Running dexopt (dexoptNeeded=1) on: /system/priv-app/LocalTransport/LocalTransport.apk pkg=com.android.localtransport isa=arm64 dexoptFlags=boot_complete,public targetFilter=extract oatDir=null classLoaderContext=PCL[]{}
08-18 07:19:16.672   263   287 V installd: DexInv: --- BEGIN '/system/priv-app/LocalTransport/LocalTransport.apk' ---
08-18 07:19:16.673   263   287 V installd: Running /apex/com.android.art/bin/dex2oat32 in=LocalTransport.apk out=/data/dalvik-cache/arm64/system@priv-app@LocalTransport@LocalTransport.apk@classes.dex
08-18 07:19:16.682  1503  1503 E installd: execv(/apex/com.android.art/bin/dex2oat32) failed: No such file or directory
08-18 07:19:16.685   263   287 V installd: DexInv: --- END '/system/priv-app/LocalTransport/LocalTransport.apk' --- status=0x4800, process failed
08-18 07:19:16.685   263   287 E installd: Dex2oat invocation for /system/priv-app/LocalTransport/LocalTransport.apk failed: exec(dex2oat) (18432)
08-18 07:19:16.686   368  1470 W PackageDexOptimizer: Failed to dexopt
08-18 07:19:16.686   368  1470 W PackageDexOptimizer: com.android.server.pm.Installer$InstallerException: android.os.ServiceSpecificException: Dex2oat invocation for /system/priv-app/LocalTransport/LocalTransport.apk failed: exec(dex2oat) (code 18432)
08-18 07:19:16.686   368  1470 W PackageDexOptimizer:   at com.android.server.pm.Installer.dexopt(Installer.java:387)
08-18 07:19:16.686   368  1470 W PackageDexOptimizer:   at com.android.server.pm.PackageDexOptimizer.dexOptPath(PackageDexOptimizer.java:333)
08-18 07:19:16.686   368  1470 W PackageDexOptimizer:   at com.android.server.pm.PackageDexOptimizer.performDexOptLI(PackageDexOptimizer.java:259)
08-18 07:19:16.686   368  1470 W PackageDexOptimizer:   at com.android.server.pm.PackageDexOptimizer.performDexOpt(PackageDexOptimizer.java:161)
08-18 07:19:16.686   368  1470 W PackageDexOptimizer:   at com.android.server.pm.PackageManagerService.performDexOptInternalWithDependenciesLI(PackageManagerService.java:10126)
08-18 07:19:16.686   368  1470 W PackageDexOptimizer:   at com.android.server.pm.PackageManagerService.performDexOptInternal(PackageManagerService.java:10058)
08-18 07:19:16.686   368  1470 W PackageDexOptimizer:   at com.android.server.pm.PackageManagerService.performDexOptTraced(PackageManagerService.java:10034)
08-18 07:19:16.686   368  1470 W PackageDexOptimizer:   at com.android.server.pm.PackageManagerService.performDexOptWithStatus(PackageManagerService.java:10028)
08-18 07:19:16.686   368  1470 W PackageDexOptimizer:   at com.android.server.pm.BackgroundDexOptService.postBootUpdate(BackgroundDexOptService.java:242)
08-18 07:19:16.686   368  1470 W PackageDexOptimizer:   at com.android.server.pm.BackgroundDexOptService.access$200(BackgroundDexOptService.java:64)
08-18 07:19:16.686   368  1470 W PackageDexOptimizer:   at com.android.server.pm.BackgroundDexOptService$2.run(BackgroundDexOptService.java:194)
08-18 07:19:16.692   368  1470 I PackageDexOptimizer: Running dexopt (dexoptNeeded=1) on: /system/priv-app/PackageInstaller/PackageInstaller.apk pkg=com.android.packageinstaller isa=arm64 dexoptFlags=boot_complete,public targetFilter=extract oatDir=null classLoaderContext=PCL[]{}
08-18 07:19:16.695   263   287 V installd: DexInv: --- BEGIN '/system/priv-app/PackageInstaller/PackageInstaller.apk' ---
08-18 07:19:16.695   263   287 V installd: Running /apex/com.android.art/bin/dex2oat32 in=PackageInstaller.apk out=/data/dalvik-cache/arm64/system@priv-app@PackageInstaller@PackageInstaller.apk@classes.dex
08-18 07:19:16.704  1504  1504 E installd: execv(/apex/com.android.art/bin/dex2oat32) failed: No such file or directory
08-18 07:19:16.707   263   287 V installd: DexInv: --- END '/system/priv-app/PackageInstaller/PackageInstaller.apk' --- status=0x4800, process failed
08-18 07:19:16.707   263   287 E installd: Dex2oat invocation for /system/priv-app/PackageInstaller/PackageInstaller.apk failed: exec(dex2oat) (18432)
08-18 07:19:16.708   368  1470 W PackageDexOptimizer: Failed to dexopt
08-18 07:19:16.708   368  1470 W PackageDexOptimizer: com.android.server.pm.Installer$InstallerException: android.os.ServiceSpecificException: Dex2oat invocation for /system/priv-app/PackageInstaller/PackageInstaller.apk failed: exec(dex2oat) (code 18432)
08-18 07:19:16.708   368  1470 W PackageDexOptimizer:   at com.android.server.pm.Installer.dexopt(Installer.java:387)
08-18 07:19:16.708   368  1470 W PackageDexOptimizer:   at com.android.server.pm.PackageDexOptimizer.dexOptPath(PackageDexOptimizer.java:333)
08-18 07:19:16.708   368  1470 W PackageDexOptimizer:   at com.android.server.pm.PackageDexOptimizer.performDexOptLI(PackageDexOptimizer.java:259)
08-18 07:19:16.708   368  1470 W PackageDexOptimizer:   at com.android.server.pm.PackageDexOptimizer.performDexOpt(PackageDexOptimizer.java:161)
08-18 07:19:16.708   368  1470 W PackageDexOptimizer:   at com.android.server.pm.PackageManagerService.performDexOptInternalWithDependenciesLI(PackageManagerService.java:10126)
08-18 07:19:16.708   368  1470 W PackageDexOptimizer:   at com.android.server.pm.PackageManagerService.performDexOptInternal(PackageManagerService.java:10058)
08-18 07:19:16.708   368  1470 W PackageDexOptimizer:   at com.android.server.pm.PackageManagerService.performDexOptTraced(PackageManagerService.java:10034)
08-18 07:19:16.708   368  1470 W PackageDexOptimizer:   at com.android.server.pm.PackageManagerService.performDexOptWithStatus(PackageManagerService.java:10028)
08-18 07:19:16.708   368  1470 W PackageDexOptimizer:   at com.android.server.pm.BackgroundDexOptService.postBootUpdate(BackgroundDexOptService.java:242)
08-18 07:19:16.708   368  1470 W PackageDexOptimizer:   at com.android.server.pm.BackgroundDexOptService.access$200(BackgroundDexOptService.java:64)
08-18 07:19:16.708   368  1470 W PackageDexOptimizer:   at com.android.server.pm.BackgroundDexOptService$2.run(BackgroundDexOptService.java:194)
08-18 07:19:16.748   368  1470 I PackageDexOptimizer: Running dexopt (dexoptNeeded=1) on: /system/priv-app/ProxyHandler/ProxyHandler.apk pkg=com.android.proxyhandler isa=arm64 dexoptFlags=boot_complete,public targetFilter=extract oatDir=null classLoaderContext=PCL[]{}
08-18 07:19:16.750   263   287 V installd: DexInv: --- BEGIN '/system/priv-app/ProxyHandler/ProxyHandler.apk' ---
08-18 07:19:16.750   263   287 V installd: Running /apex/com.android.art/bin/dex2oat32 in=ProxyHandler.apk out=/data/dalvik-cache/arm64/system@priv-app@ProxyHandler@ProxyHandler.apk@classes.dex
08-18 07:19:16.759  1505  1505 E installd: execv(/apex/com.android.art/bin/dex2oat32) failed: No such file or directory
08-18 07:19:16.761   263   287 V installd: DexInv: --- END '/system/priv-app/ProxyHandler/ProxyHandler.apk' --- status=0x4800, process failed
08-18 07:19:16.762   263   287 E installd: Dex2oat invocation for /system/priv-app/ProxyHandler/ProxyHandler.apk failed: exec(dex2oat) (18432)
08-18 07:19:16.763   368  1470 W PackageDexOptimizer: Failed to dexopt
08-18 07:19:16.763   368  1470 W PackageDexOptimizer: com.android.server.pm.Installer$InstallerException: android.os.ServiceSpecificException: Dex2oat invocation for /system/priv-app/ProxyHandler/ProxyHandler.apk failed: exec(dex2oat) (code 18432)
08-18 07:19:16.763   368  1470 W PackageDexOptimizer:   at com.android.server.pm.Installer.dexopt(Installer.java:387)
08-18 07:19:16.763   368  1470 W PackageDexOptimizer:   at com.android.server.pm.PackageDexOptimizer.dexOptPath(PackageDexOptimizer.java:333)
08-18 07:19:16.763   368  1470 W PackageDexOptimizer:   at com.android.server.pm.PackageDexOptimizer.performDexOptLI(PackageDexOptimizer.java:259)
08-18 07:19:16.763   368  1470 W PackageDexOptimizer:   at com.android.server.pm.PackageDexOptimizer.performDexOpt(PackageDexOptimizer.java:161)
08-18 07:19:16.763   368  1470 W PackageDexOptimizer:   at com.android.server.pm.PackageManagerService.performDexOptInternalWithDependenciesLI(PackageManagerService.java:10126)
08-18 07:19:16.763   368  1470 W PackageDexOptimizer:   at com.android.server.pm.PackageManagerService.performDexOptInternal(PackageManagerService.java:10058)
08-18 07:19:16.763   368  1470 W PackageDexOptimizer:   at com.android.server.pm.PackageManagerService.performDexOptTraced(PackageManagerService.java:10034)
08-18 07:19:16.763   368  1470 W PackageDexOptimizer:   at com.android.server.pm.PackageManagerService.performDexOptWithStatus(PackageManagerService.java:10028)
08-18 07:19:16.763   368  1470 W PackageDexOptimizer:   at com.android.server.pm.BackgroundDexOptService.postBootUpdate(BackgroundDexOptService.java:242)
08-18 07:19:16.763   368  1470 W PackageDexOptimizer:   at com.android.server.pm.BackgroundDexOptService.access$200(BackgroundDexOptService.java:64)
08-18 07:19:16.763   368  1470 W PackageDexOptimizer:   at com.android.server.pm.BackgroundDexOptService$2.run(BackgroundDexOptService.java:194)
08-18 07:19:16.768   368  1470 I PackageDexOptimizer: Running dexopt (dexoptNeeded=1) on: /apex/com.android.tethering/priv-app/Tethering/Tethering.apk pkg=com.android.networkstack.tethering isa=arm64 dexoptFlags=boot_complete,public targetFilter=extract oatDir=null classLoaderContext=PCL[]{PCL[/system/framework/android.test.base.jar]}
08-18 07:19:16.771   263   287 V installd: DexInv: --- BEGIN '/apex/com.android.tethering/priv-app/Tethering/Tethering.apk' ---
08-18 07:19:16.771   263   287 V installd: Running /apex/com.android.art/bin/dex2oat32 in=Tethering.apk out=/data/dalvik-cache/arm64/apex@com.android.tethering@priv-app@Tethering@Tethering.apk@classes.dex
08-18 07:19:16.782  1506  1506 E installd: execv(/apex/com.android.art/bin/dex2oat32) failed: No such file or directory
08-18 07:19:16.785   263   287 V installd: DexInv: --- END '/apex/com.android.tethering/priv-app/Tethering/Tethering.apk' --- status=0x4800, process failed
08-18 07:19:16.785   263   287 E installd: Dex2oat invocation for /apex/com.android.tethering/priv-app/Tethering/Tethering.apk failed: exec(dex2oat) (18432)
08-18 07:19:16.786   368  1470 W PackageDexOptimizer: Failed to dexopt
08-18 07:19:16.786   368  1470 W PackageDexOptimizer: com.android.server.pm.Installer$InstallerException: android.os.ServiceSpecificException: Dex2oat invocation for /apex/com.android.tethering/priv-app/Tethering/Tethering.apk failed: exec(dex2oat) (code 18432)
08-18 07:19:16.786   368  1470 W PackageDexOptimizer:   at com.android.server.pm.Installer.dexopt(Installer.java:387)
08-18 07:19:16.786   368  1470 W PackageDexOptimizer:   at com.android.server.pm.PackageDexOptimizer.dexOptPath(PackageDexOptimizer.java:333)
08-18 07:19:16.786   368  1470 W PackageDexOptimizer:   at com.android.server.pm.PackageDexOptimizer.performDexOptLI(PackageDexOptimizer.java:259)
08-18 07:19:16.786   368  1470 W PackageDexOptimizer:   at com.android.server.pm.PackageDexOptimizer.performDexOpt(PackageDexOptimizer.java:161)
08-18 07:19:16.786   368  1470 W PackageDexOptimizer:   at com.android.server.pm.PackageManagerService.performDexOptInternalWithDependenciesLI(PackageManagerService.java:10126)
08-18 07:19:16.786   368  1470 W PackageDexOptimizer:   at com.android.server.pm.PackageManagerService.performDexOptInternal(PackageManagerService.java:10058)
08-18 07:19:16.786   368  1470 W PackageDexOptimizer:   at com.android.server.pm.PackageManagerService.performDexOptTraced(PackageManagerService.java:10034)
08-18 07:19:16.786   368  1470 W PackageDexOptimizer:   at com.android.server.pm.PackageManagerService.performDexOptWithStatus(PackageManagerService.java:10028)
08-18 07:19:16.786   368  1470 W PackageDexOptimizer:   at com.android.server.pm.BackgroundDexOptService.postBootUpdate(BackgroundDexOptService.java:242)
08-18 07:19:16.786   368  1470 W PackageDexOptimizer:   at com.android.server.pm.BackgroundDexOptService.access$200(BackgroundDexOptService.java:64)
08-18 07:19:16.786   368  1470 W PackageDexOptimizer:   at com.android.server.pm.BackgroundDexOptService$2.run(BackgroundDexOptService.java:194)
08-18 07:19:16.791   368  1470 I PackageDexOptimizer: Running dexopt (dexoptNeeded=1) on: /system/priv-app/SoundPicker/SoundPicker.apk pkg=com.android.soundpicker isa=arm64 dexoptFlags=boot_complete,public targetFilter=extract oatDir=null classLoaderContext=PCL[]{}
08-18 07:19:16.793   263   287 V installd: DexInv: --- BEGIN '/system/priv-app/SoundPicker/SoundPicker.apk' ---
08-18 07:19:16.793   263   287 V installd: Running /apex/com.android.art/bin/dex2oat32 in=SoundPicker.apk out=/data/dalvik-cache/arm64/system@priv-app@SoundPicker@SoundPicker.apk@classes.dex
08-18 07:19:16.801  1507  1507 E installd: execv(/apex/com.android.art/bin/dex2oat32) failed: No such file or directory
08-18 07:19:16.803   263   287 V installd: DexInv: --- END '/system/priv-app/SoundPicker/SoundPicker.apk' --- status=0x4800, process failed
08-18 07:19:16.804   263   287 E installd: Dex2oat invocation for /system/priv-app/SoundPicker/SoundPicker.apk failed: exec(dex2oat) (18432)
08-18 07:19:16.805   368  1470 W PackageDexOptimizer: Failed to dexopt
08-18 07:19:16.805   368  1470 W PackageDexOptimizer: com.android.server.pm.Installer$InstallerException: android.os.ServiceSpecificException: Dex2oat invocation for /system/priv-app/SoundPicker/SoundPicker.apk failed: exec(dex2oat) (code 18432)
08-18 07:19:16.805   368  1470 W PackageDexOptimizer:   at com.android.server.pm.Installer.dexopt(Installer.java:387)
08-18 07:19:16.805   368  1470 W PackageDexOptimizer:   at com.android.server.pm.PackageDexOptimizer.dexOptPath(PackageDexOptimizer.java:333)
08-18 07:19:16.805   368  1470 W PackageDexOptimizer:   at com.android.server.pm.PackageDexOptimizer.performDexOptLI(PackageDexOptimizer.java:259)
08-18 07:19:16.805   368  1470 W PackageDexOptimizer:   at com.android.server.pm.PackageDexOptimizer.performDexOpt(PackageDexOptimizer.java:161)
08-18 07:19:16.805   368  1470 W PackageDexOptimizer:   at com.android.server.pm.PackageManagerService.performDexOptInternalWithDependenciesLI(PackageManagerService.java:10126)
08-18 07:19:16.805   368  1470 W PackageDexOptimizer:   at com.android.server.pm.PackageManagerService.performDexOptInternal(PackageManagerService.java:10058)
08-18 07:19:16.805   368  1470 W PackageDexOptimizer:   at com.android.server.pm.PackageManagerService.performDexOptTraced(PackageManagerService.java:10034)
08-18 07:19:16.805   368  1470 W PackageDexOptimizer:   at com.android.server.pm.PackageManagerService.performDexOptWithStatus(PackageManagerService.java:10028)
08-18 07:19:16.805   368  1470 W PackageDexOptimizer:   at com.android.server.pm.BackgroundDexOptService.postBootUpdate(BackgroundDexOptService.java:242)
08-18 07:19:16.805   368  1470 W PackageDexOptimizer:   at com.android.server.pm.BackgroundDexOptService.access$200(BackgroundDexOptService.java:64)
08-18 07:19:16.805   368  1470 W PackageDexOptimizer:   at com.android.server.pm.BackgroundDexOptService$2.run(BackgroundDexOptService.java:194)
08-18 07:19:16.842   368  1470 I PackageDexOptimizer: Running dexopt (dexoptNeeded=1) on: /data/app/~~0jECMtNlAZAA7uPwZ0oGaQ==/com.actionsmicro.ezcast-hNVNyZlVBzcDxj4zGLB34A==/base.apk pkg=com.actionsmicro.ezcast isa=arm64 dexoptFlags=boot_complete,public,enable_hidden_api_checks targetFilter=extract oatDir=/data/app/~~0jECMtNlAZAA7uPwZ0oGaQ==/com.actionsmicro.ezcast-hNVNyZlVBzcDxj4zGLB34A==/oat classLoaderContext=PCL[]{PCL[/system/framework/android.test.base.jar]#PCL[/system/framework/org.apache.http.legacy.jar]}
08-18 07:19:16.847   263   287 V installd: DexInv: --- BEGIN '/data/app/~~0jECMtNlAZAA7uPwZ0oGaQ==/com.actionsmicro.ezcast-hNVNyZlVBzcDxj4zGLB34A==/base.apk' ---
08-18 07:19:16.847   263   287 V installd: Running /apex/com.android.art/bin/dex2oat32 in=base.apk out=/data/app/~~0jECMtNlAZAA7uPwZ0oGaQ==/com.actionsmicro.ezcast-hNVNyZlVBzcDxj4zGLB34A==/oat/arm64/base.odex
08-18 07:19:16.856  1508  1508 E installd: execv(/apex/com.android.art/bin/dex2oat32) failed: No such file or directory
08-18 07:19:16.858   263   287 V installd: DexInv: --- END '/data/app/~~0jECMtNlAZAA7uPwZ0oGaQ==/com.actionsmicro.ezcast-hNVNyZlVBzcDxj4zGLB34A==/base.apk' --- status=0x4800, process failed
08-18 07:19:16.859   263   287 E installd: Dex2oat invocation for /data/app/~~0jECMtNlAZAA7uPwZ0oGaQ==/com.actionsmicro.ezcast-hNVNyZlVBzcDxj4zGLB34A==/base.apk failed: exec(dex2oat) (18432)
08-18 07:19:16.860   368  1470 W PackageDexOptimizer: Failed to dexopt
08-18 07:19:16.860   368  1470 W PackageDexOptimizer: com.android.server.pm.Installer$InstallerException: android.os.ServiceSpecificException: Dex2oat invocation for /data/app/~~0jECMtNlAZAA7uPwZ0oGaQ==/com.actionsmicro.ezcast-hNVNyZlVBzcDxj4zGLB34A==/base.apk failed: exec(dex2oat) (code 18432)
08-18 07:19:16.860   368  1470 W PackageDexOptimizer:   at com.android.server.pm.Installer.dexopt(Installer.java:387)
08-18 07:19:16.860   368  1470 W PackageDexOptimizer:   at com.android.server.pm.PackageDexOptimizer.dexOptPath(PackageDexOptimizer.java:333)
08-18 07:19:16.860   368  1470 W PackageDexOptimizer:   at com.android.server.pm.PackageDexOptimizer.performDexOptLI(PackageDexOptimizer.java:259)
08-18 07:19:16.860   368  1470 W PackageDexOptimizer:   at com.android.server.pm.PackageDexOptimizer.performDexOpt(PackageDexOptimizer.java:161)
08-18 07:19:16.860   368  1470 W PackageDexOptimizer:   at com.android.server.pm.PackageManagerService.performDexOptInternalWithDependenciesLI(PackageManagerService.java:10126)
08-18 07:19:16.860   368  1470 W PackageDexOptimizer:   at com.android.server.pm.PackageManagerService.performDexOptInternal(PackageManagerService.java:10058)
08-18 07:19:16.860   368  1470 W PackageDexOptimizer:   at com.android.server.pm.PackageManagerService.performDexOptTraced(PackageManagerService.java:10034)
08-18 07:19:16.860   368  1470 W PackageDexOptimizer:   at com.android.server.pm.PackageManagerService.performDexOptWithStatus(PackageManagerService.java:10028)
08-18 07:19:16.860   368  1470 W PackageDexOptimizer:   at com.android.server.pm.BackgroundDexOptService.postBootUpdate(BackgroundDexOptService.java:242)
08-18 07:19:16.860   368  1470 W PackageDexOptimizer:   at com.android.server.pm.BackgroundDexOptService.access$200(BackgroundDexOptService.java:64)
08-18 07:19:16.860   368  1470 W PackageDexOptimizer:   at com.android.server.pm.BackgroundDexOptService$2.run(BackgroundDexOptService.java:194)
08-18 07:19:17.122   368   399 W ActivityManager: Timeout executing service: ServiceRecord{fac74b8 u0 com.android.bluetooth/.btservice.AdapterService}
08-18 07:19:17.153   368  1509 I ActivityManager: dumpStackTraces pids=null nativepids=[1379]
08-18 07:19:17.155   368  1509 I ActivityManager: Dumping to /data/anr/anr_2021-08-18-07-19-17-154
08-18 07:19:17.155   368  1509 I ActivityManager: Collecting stacks for pid 1379
08-18 07:19:17.158   368  1509 I system_server: libdebuggerd_client: started dumping process 1379
08-18 07:19:17.159   193   193 I tombstoned: registered intercept for pid 1379 and type kDebuggerdJavaBacktrace
08-18 07:19:17.159  1379  1385 I droid.bluetoot: Thread[7,tid=1385,WaitingInMainSignalCatcherLoop,Thread*=0xb4000074f239bc00,peer=0x131c0228,"Signal Catcher"]: reacting to signal 3
08-18 07:19:17.159  1379  1385 I droid.bluetoot:
08-18 07:19:17.481   368  1470 I PackageDexOptimizer: Running dexopt (dexoptNeeded=1) on: /system/priv-app/NetworkPermissionConfig/NetworkPermissionConfig.apk pkg=com.android.networkstack.permissionconfig isa=arm64 dexoptFlags=boot_complete,public targetFilter=extract oatDir=null classLoaderContext=PCL[]{}
08-18 07:19:17.482   263   287 V installd: DexInv: --- BEGIN '/system/priv-app/NetworkPermissionConfig/NetworkPermissionConfig.apk' ---
08-18 07:19:17.482   263   287 V installd: Running /apex/com.android.art/bin/dex2oat32 in=NetworkPermissionConfig.apk out=/data/dalvik-cache/arm64/system@priv-app@NetworkPermissionConfig@NetworkPermissionConfig.apk@classes.dex
08-18 07:19:17.488  1511  1511 E installd: execv(/apex/com.android.art/bin/dex2oat32) failed: No such file or directory
08-18 07:19:17.490   263   287 V installd: DexInv: --- END '/system/priv-app/NetworkPermissionConfig/NetworkPermissionConfig.apk' --- status=0x4800, process failed
08-18 07:19:17.490   263   287 E installd: Dex2oat invocation for /system/priv-app/NetworkPermissionConfig/NetworkPermissionConfig.apk failed: exec(dex2oat) (18432)
08-18 07:19:17.491   368  1470 W PackageDexOptimizer: Failed to dexopt
08-18 07:19:17.491   368  1470 W PackageDexOptimizer: com.android.server.pm.Installer$InstallerException: android.os.ServiceSpecificException: Dex2oat invocation for /system/priv-app/NetworkPermissionConfig/NetworkPermissionConfig.apk failed: exec(dex2oat) (code 18432)
08-18 07:19:17.491   368  1470 W PackageDexOptimizer:   at com.android.server.pm.Installer.dexopt(Installer.java:387)
08-18 07:19:17.491   368  1470 W PackageDexOptimizer:   at com.android.server.pm.PackageDexOptimizer.dexOptPath(PackageDexOptimizer.java:333)
08-18 07:19:17.491   368  1470 W PackageDexOptimizer:   at com.android.server.pm.PackageDexOptimizer.performDexOptLI(PackageDexOptimizer.java:259)
08-18 07:19:17.491   368  1470 W PackageDexOptimizer:   at com.android.server.pm.PackageDexOptimizer.performDexOpt(PackageDexOptimizer.java:161)
08-18 07:19:17.491   368  1470 W PackageDexOptimizer:   at com.android.server.pm.PackageManagerService.performDexOptInternalWithDependenciesLI(PackageManagerService.java:10126)
08-18 07:19:17.491   368  1470 W PackageDexOptimizer:   at com.android.server.pm.PackageManagerService.performDexOptInternal(PackageManagerService.java:10058)
08-18 07:19:17.491   368  1470 W PackageDexOptimizer:   at com.android.server.pm.PackageManagerService.performDexOptTraced(PackageManagerService.java:10034)
08-18 07:19:17.491   368  1470 W PackageDexOptimizer:   at com.android.server.pm.PackageManagerService.performDexOptWithStatus(PackageManagerService.java:10028)
08-18 07:19:17.491   368  1470 W PackageDexOptimizer:   at com.android.server.pm.BackgroundDexOptService.postBootUpdate(BackgroundDexOptService.java:242)
08-18 07:19:17.491   368  1470 W PackageDexOptimizer:   at com.android.server.pm.BackgroundDexOptService.access$200(BackgroundDexOptService.java:64)
08-18 07:19:17.491   368  1470 W PackageDexOptimizer:   at com.android.server.pm.BackgroundDexOptService$2.run(BackgroundDexOptService.java:194)
08-18 07:19:17.495   368  1470 I PackageDexOptimizer: Running dexopt (dexoptNeeded=1) on: /system/priv-app/VpnDialogs/VpnDialogs.apk pkg=com.android.vpndialogs isa=arm64 dexoptFlags=boot_complete,public targetFilter=extract oatDir=null classLoaderContext=PCL[]{}
08-18 07:19:17.496   263   287 V installd: DexInv: --- BEGIN '/system/priv-app/VpnDialogs/VpnDialogs.apk' ---
08-18 07:19:17.497   263   287 V installd: Running /apex/com.android.art/bin/dex2oat32 in=VpnDialogs.apk out=/data/dalvik-cache/arm64/system@priv-app@VpnDialogs@VpnDialogs.apk@classes.dex
08-18 07:19:17.502  1512  1512 E installd: execv(/apex/com.android.art/bin/dex2oat32) failed: No such file or directory
08-18 07:19:17.504   263   287 V installd: DexInv: --- END '/system/priv-app/VpnDialogs/VpnDialogs.apk' --- status=0x4800, process failed
08-18 07:19:17.504   263   287 E installd: Dex2oat invocation for /system/priv-app/VpnDialogs/VpnDialogs.apk failed: exec(dex2oat) (18432)
08-18 07:19:17.505   368  1470 W PackageDexOptimizer: Failed to dexopt
08-18 07:19:17.505   368  1470 W PackageDexOptimizer: com.android.server.pm.Installer$InstallerException: android.os.ServiceSpecificException: Dex2oat invocation for /system/priv-app/VpnDialogs/VpnDialogs.apk failed: exec(dex2oat) (code 18432)
08-18 07:19:17.505   368  1470 W PackageDexOptimizer:   at com.android.server.pm.Installer.dexopt(Installer.java:387)
08-18 07:19:17.505   368  1470 W PackageDexOptimizer:   at com.android.server.pm.PackageDexOptimizer.dexOptPath(PackageDexOptimizer.java:333)
08-18 07:19:17.505   368  1470 W PackageDexOptimizer:   at com.android.server.pm.PackageDexOptimizer.performDexOptLI(PackageDexOptimizer.java:259)
08-18 07:19:17.505   368  1470 W PackageDexOptimizer:   at com.android.server.pm.PackageDexOptimizer.performDexOpt(PackageDexOptimizer.java:161)
08-18 07:19:17.505   368  1470 W PackageDexOptimizer:   at com.android.server.pm.PackageManagerService.performDexOptInternalWithDependenciesLI(PackageManagerService.java:10126)
08-18 07:19:17.505   368  1470 W PackageDexOptimizer:   at com.android.server.pm.PackageManagerService.performDexOptInternal(PackageManagerService.java:10058)
08-18 07:19:17.505   368  1470 W PackageDexOptimizer:   at com.android.server.pm.PackageManagerService.performDexOptTraced(PackageManagerService.java:10034)
08-18 07:19:17.505   368  1470 W PackageDexOptimizer:   at com.android.server.pm.PackageManagerService.performDexOptWithStatus(PackageManagerService.java:10028)
08-18 07:19:17.505   368  1470 W PackageDexOptimizer:   at com.android.server.pm.BackgroundDexOptService.postBootUpdate(BackgroundDexOptService.java:242)
08-18 07:19:17.505   368  1470 W PackageDexOptimizer:   at com.android.server.pm.BackgroundDexOptService.access$200(BackgroundDexOptService.java:64)
08-18 07:19:17.505   368  1470 W PackageDexOptimizer:   at com.android.server.pm.BackgroundDexOptService$2.run(BackgroundDexOptService.java:194)
08-18 07:19:17.510   368  1470 I PackageDexOptimizer: Running dexopt (dexoptNeeded=1) on: /system/priv-app/ANGLE/ANGLE.apk pkg=com.android.angle isa=arm64 dexoptFlags=boot_complete,public,enable_hidden_api_checks targetFilter=extract oatDir=null classLoaderContext=PCL[]{PCL[/system/framework/android.test.base.jar]#PCL[/system/framework/android.hidl.manager-V1.0-java.jar]#PCL[/system/framework/android.hidl.base-V1.0-java.jar]}
08-18 07:19:17.512   263   287 V installd: DexInv: --- BEGIN '/system/priv-app/ANGLE/ANGLE.apk' ---
08-18 07:19:17.512   263   287 V installd: Running /apex/com.android.art/bin/dex2oat32 in=ANGLE.apk out=/data/dalvik-cache/arm64/system@priv-app@ANGLE@ANGLE.apk@classes.dex
08-18 07:19:17.517  1513  1513 E installd: execv(/apex/com.android.art/bin/dex2oat32) failed: No such file or directory
08-18 07:19:17.519   263   287 V installd: DexInv: --- END '/system/priv-app/ANGLE/ANGLE.apk' --- status=0x4800, process failed
08-18 07:19:17.520   263   287 E installd: Dex2oat invocation for /system/priv-app/ANGLE/ANGLE.apk failed: exec(dex2oat) (18432)
08-18 07:19:17.521   368  1470 W PackageDexOptimizer: Failed to dexopt
08-18 07:19:17.521   368  1470 W PackageDexOptimizer: com.android.server.pm.Installer$InstallerException: android.os.ServiceSpecificException: Dex2oat invocation for /system/priv-app/ANGLE/ANGLE.apk failed: exec(dex2oat) (code 18432)
08-18 07:19:17.521   368  1470 W PackageDexOptimizer:   at com.android.server.pm.Installer.dexopt(Installer.java:387)
08-18 07:19:17.521   368  1470 W PackageDexOptimizer:   at com.android.server.pm.PackageDexOptimizer.dexOptPath(PackageDexOptimizer.java:333)
08-18 07:19:17.521   368  1470 W PackageDexOptimizer:   at com.android.server.pm.PackageDexOptimizer.performDexOptLI(PackageDexOptimizer.java:259)
08-18 07:19:17.521   368  1470 W PackageDexOptimizer:   at com.android.server.pm.PackageDexOptimizer.performDexOpt(PackageDexOptimizer.java:161)
08-18 07:19:17.521   368  1470 W PackageDexOptimizer:   at com.android.server.pm.PackageManagerService.performDexOptInternalWithDependenciesLI(PackageManagerService.java:10126)
08-18 07:19:17.521   368  1470 W PackageDexOptimizer:   at com.android.server.pm.PackageManagerService.performDexOptInternal(PackageManagerService.java:10058)
08-18 07:19:17.521   368  1470 W PackageDexOptimizer:   at com.android.server.pm.PackageManagerService.performDexOptTraced(PackageManagerService.java:10034)
08-18 07:19:17.521   368  1470 W PackageDexOptimizer:   at com.android.server.pm.PackageManagerService.performDexOptWithStatus(PackageManagerService.java:10028)
08-18 07:19:17.521   368  1470 W PackageDexOptimizer:   at com.android.server.pm.BackgroundDexOptService.postBootUpdate(BackgroundDexOptService.java:242)
08-18 07:19:17.521   368  1470 W PackageDexOptimizer:   at com.android.server.pm.BackgroundDexOptService.access$200(BackgroundDexOptService.java:64)
08-18 07:19:17.521   368  1470 W PackageDexOptimizer:   at com.android.server.pm.BackgroundDexOptService$2.run(BackgroundDexOptService.java:194)
08-18 07:19:17.537   368  1470 I PackageDexOptimizer: Running dexopt (dexoptNeeded=1) on: /system/priv-app/Shell/Shell.apk pkg=com.android.shell isa=arm64 dexoptFlags=boot_complete,public targetFilter=extract oatDir=null classLoaderContext=PCL[]{}
08-18 07:19:17.538   263   287 V installd: DexInv: --- BEGIN '/system/priv-app/Shell/Shell.apk' ---
08-18 07:19:17.538   263   287 V installd: Running /apex/com.android.art/bin/dex2oat32 in=Shell.apk out=/data/dalvik-cache/arm64/system@priv-app@Shell@Shell.apk@classes.dex
08-18 07:19:17.543  1514  1514 E installd: execv(/apex/com.android.art/bin/dex2oat32) failed: No such file or directory
08-18 07:19:17.545   263   287 V installd: DexInv: --- END '/system/priv-app/Shell/Shell.apk' --- status=0x4800, process failed
08-18 07:19:17.546   263   287 E installd: Dex2oat invocation for /system/priv-app/Shell/Shell.apk failed: exec(dex2oat) (18432)
08-18 07:19:17.547   368  1470 W PackageDexOptimizer: Failed to dexopt
08-18 07:19:17.547   368  1470 W PackageDexOptimizer: com.android.server.pm.Installer$InstallerException: android.os.ServiceSpecificException: Dex2oat invocation for /system/priv-app/Shell/Shell.apk failed: exec(dex2oat) (code 18432)
08-18 07:19:17.547   368  1470 W PackageDexOptimizer:   at com.android.server.pm.Installer.dexopt(Installer.java:387)
08-18 07:19:17.547   368  1470 W PackageDexOptimizer:   at com.android.server.pm.PackageDexOptimizer.dexOptPath(PackageDexOptimizer.java:333)
08-18 07:19:17.547   368  1470 W PackageDexOptimizer:   at com.android.server.pm.PackageDexOptimizer.performDexOptLI(PackageDexOptimizer.java:259)
08-18 07:19:17.547   368  1470 W PackageDexOptimizer:   at com.android.server.pm.PackageDexOptimizer.performDexOpt(PackageDexOptimizer.java:161)
08-18 07:19:17.547   368  1470 W PackageDexOptimizer:   at com.android.server.pm.PackageManagerService.performDexOptInternalWithDependenciesLI(PackageManagerService.java:10126)
08-18 07:19:17.547   368  1470 W PackageDexOptimizer:   at com.android.server.pm.PackageManagerService.performDexOptInternal(PackageManagerService.java:10058)
08-18 07:19:17.547   368  1470 W PackageDexOptimizer:   at com.android.server.pm.PackageManagerService.performDexOptTraced(PackageManagerService.java:10034)
08-18 07:19:17.547   368  1470 W PackageDexOptimizer:   at com.android.server.pm.PackageManagerService.performDexOptWithStatus(PackageManagerService.java:10028)
08-18 07:19:17.547   368  1470 W PackageDexOptimizer:   at com.android.server.pm.BackgroundDexOptService.postBootUpdate(BackgroundDexOptService.java:242)
08-18 07:19:17.547   368  1470 W PackageDexOptimizer:   at com.android.server.pm.BackgroundDexOptService.access$200(BackgroundDexOptService.java:64)
08-18 07:19:17.547   368  1470 W PackageDexOptimizer:   at com.android.server.pm.BackgroundDexOptService$2.run(BackgroundDexOptService.java:194)
08-18 07:19:17.553   368  1470 I PackageDexOptimizer: Running dexopt (dexoptNeeded=1) on: /system/app/WallpaperBackup/WallpaperBackup.apk pkg=com.android.wallpaperbackup isa=arm64 dexoptFlags=boot_complete,public targetFilter=extract oatDir=null classLoaderContext=PCL[]{}
08-18 07:19:17.554   263   287 V installd: DexInv: --- BEGIN '/system/app/WallpaperBackup/WallpaperBackup.apk' ---
08-18 07:19:17.554   263   287 V installd: Running /apex/com.android.art/bin/dex2oat32 in=WallpaperBackup.apk out=/data/dalvik-cache/arm64/system@app@WallpaperBackup@WallpaperBackup.apk@classes.dex
08-18 07:19:17.560  1516  1516 E installd: execv(/apex/com.android.art/bin/dex2oat32) failed: No such file or directory
08-18 07:19:17.562   263   287 V installd: DexInv: --- END '/system/app/WallpaperBackup/WallpaperBackup.apk' --- status=0x4800, process failed
08-18 07:19:17.562   263   287 E installd: Dex2oat invocation for /system/app/WallpaperBackup/WallpaperBackup.apk failed: exec(dex2oat) (18432)
08-18 07:19:17.563   368  1470 W PackageDexOptimizer: Failed to dexopt
08-18 07:19:17.563   368  1470 W PackageDexOptimizer: com.android.server.pm.Installer$InstallerException: android.os.ServiceSpecificException: Dex2oat invocation for /system/app/WallpaperBackup/WallpaperBackup.apk failed: exec(dex2oat) (code 18432)
08-18 07:19:17.563   368  1470 W PackageDexOptimizer:   at com.android.server.pm.Installer.dexopt(Installer.java:387)
08-18 07:19:17.563   368  1470 W PackageDexOptimizer:   at com.android.server.pm.PackageDexOptimizer.dexOptPath(PackageDexOptimizer.java:333)
08-18 07:19:17.563   368  1470 W PackageDexOptimizer:   at com.android.server.pm.PackageDexOptimizer.performDexOptLI(PackageDexOptimizer.java:259)
08-18 07:19:17.563   368  1470 W PackageDexOptimizer:   at com.android.server.pm.PackageDexOptimizer.performDexOpt(PackageDexOptimizer.java:161)
08-18 07:19:17.563   368  1470 W PackageDexOptimizer:   at com.android.server.pm.PackageManagerService.performDexOptInternalWithDependenciesLI(PackageManagerService.java:10126)
08-18 07:19:17.563   368  1470 W PackageDexOptimizer:   at com.android.server.pm.PackageManagerService.performDexOptInternal(PackageManagerService.java:10058)
08-18 07:19:17.563   368  1470 W PackageDexOptimizer:   at com.android.server.pm.PackageManagerService.performDexOptTraced(PackageManagerService.java:10034)
08-18 07:19:17.563   368  1470 W PackageDexOptimizer:   at com.android.server.pm.PackageManagerService.performDexOptWithStatus(PackageManagerService.java:10028)
08-18 07:19:17.563   368  1470 W PackageDexOptimizer:   at com.android.server.pm.BackgroundDexOptService.postBootUpdate(BackgroundDexOptService.java:242)
08-18 07:19:17.563   368  1470 W PackageDexOptimizer:   at com.android.server.pm.BackgroundDexOptService.access$200(BackgroundDexOptService.java:64)
08-18 07:19:17.563   368  1470 W PackageDexOptimizer:   at com.android.server.pm.BackgroundDexOptService$2.run(BackgroundDexOptService.java:194)
08-18 07:19:17.568   368  1470 I PackageDexOptimizer: Running dexopt (dexoptNeeded=1) on: /system/priv-app/UserDictionaryProvider/UserDictionaryProvider.apk pkg=com.android.providers.userdictionary isa=arm64 dexoptFlags=boot_complete,public targetFilter=extract oatDir=null classLoaderContext=PCL[]{}
08-18 07:19:17.569   263   287 V installd: DexInv: --- BEGIN '/system/priv-app/UserDictionaryProvider/UserDictionaryProvider.apk' ---
08-18 07:19:17.569   263   287 V installd: Running /apex/com.android.art/bin/dex2oat32 in=UserDictionaryProvider.apk out=/data/dalvik-cache/arm64/system@priv-app@UserDictionaryProvider@UserDictionaryProvider.apk@classes.dex
08-18 07:19:17.574  1517  1517 E installd: execv(/apex/com.android.art/bin/dex2oat32) failed: No such file or directory
08-18 07:19:17.577   263   287 V installd: DexInv: --- END '/system/priv-app/UserDictionaryProvider/UserDictionaryProvider.apk' --- status=0x4800, process failed
08-18 07:19:17.577   263   287 E installd: Dex2oat invocation for /system/priv-app/UserDictionaryProvider/UserDictionaryProvider.apk failed: exec(dex2oat) (18432)
08-18 07:19:17.578   368  1470 W PackageDexOptimizer: Failed to dexopt
08-18 07:19:17.578   368  1470 W PackageDexOptimizer: com.android.server.pm.Installer$InstallerException: android.os.ServiceSpecificException: Dex2oat invocation for /system/priv-app/UserDictionaryProvider/UserDictionaryProvider.apk failed: exec(dex2oat) (code 18432)
08-18 07:19:17.578   368  1470 W PackageDexOptimizer:   at com.android.server.pm.Installer.dexopt(Installer.java:387)
08-18 07:19:17.578   368  1470 W PackageDexOptimizer:   at com.android.server.pm.PackageDexOptimizer.dexOptPath(PackageDexOptimizer.java:333)
08-18 07:19:17.578   368  1470 W PackageDexOptimizer:   at com.android.server.pm.PackageDexOptimizer.performDexOptLI(PackageDexOptimizer.java:259)
08-18 07:19:17.578   368  1470 W PackageDexOptimizer:   at com.android.server.pm.PackageDexOptimizer.performDexOpt(PackageDexOptimizer.java:161)
08-18 07:19:17.578   368  1470 W PackageDexOptimizer:   at com.android.server.pm.PackageManagerService.performDexOptInternalWithDependenciesLI(PackageManagerService.java:10126)
08-18 07:19:17.578   368  1470 W PackageDexOptimizer:   at com.android.server.pm.PackageManagerService.performDexOptInternal(PackageManagerService.java:10058)
08-18 07:19:17.578   368  1470 W PackageDexOptimizer:   at com.android.server.pm.PackageManagerService.performDexOptTraced(PackageManagerService.java:10034)
08-18 07:19:17.578   368  1470 W PackageDexOptimizer:   at com.android.server.pm.PackageManagerService.performDexOptWithStatus(PackageManagerService.java:10028)
08-18 07:19:17.578   368  1470 W PackageDexOptimizer:   at com.android.server.pm.BackgroundDexOptService.postBootUpdate(BackgroundDexOptService.java:242)
08-18 07:19:17.578   368  1470 W PackageDexOptimizer:   at com.android.server.pm.BackgroundDexOptService.access$200(BackgroundDexOptService.java:64)
08-18 07:19:17.578   368  1470 W PackageDexOptimizer:   at com.android.server.pm.BackgroundDexOptService$2.run(BackgroundDexOptService.java:194)
08-18 07:19:17.582   368  1470 I PackageDexOptimizer: Running dexopt (dexoptNeeded=1) on: /apex/com.android.mediaprovider/priv-app/MediaProvider/MediaProvider.apk pkg=com.android.providers.media.module isa=arm64 dexoptFlags=boot_complete,public targetFilter=extract oatDir=null classLoaderContext=PCL[]{}
08-18 07:19:17.584   263   287 V installd: DexInv: --- BEGIN '/apex/com.android.mediaprovider/priv-app/MediaProvider/MediaProvider.apk' ---
08-18 07:19:17.584   263   287 V installd: Running /apex/com.android.art/bin/dex2oat32 in=MediaProvider.apk out=/data/dalvik-cache/arm64/apex@com.android.mediaprovider@priv-app@MediaProvider@MediaProvider.apk@classes.dex
08-18 07:19:17.590  1518  1518 E installd: execv(/apex/com.android.art/bin/dex2oat32) failed: No such file or directory
08-18 07:19:17.593   263   287 V installd: DexInv: --- END '/apex/com.android.mediaprovider/priv-app/MediaProvider/MediaProvider.apk' --- status=0x4800, process failed
