08-18 07:19:20.059  1538  1552 D BluetoothAdapter: onBluetoothServiceUp: com.android.bluetooth.btservice.AdapterService$AdapterServiceBinder@c0816c7
08-18 07:19:20.059   595  1469 D BluetoothAdapter: onBluetoothServiceUp: android.bluetooth.IBluetooth$Stub$Proxy@74d90e7
08-18 07:19:20.059   493   528 D BluetoothAdapter: onBluetoothServiceUp: android.bluetooth.IBluetooth$Stub$Proxy@e4509d9
08-18 07:19:20.060  1538  1568 D BluetoothDatabase: compactLastConnectionTime: Compacting metadata after load
08-18 07:19:20.060  1538  1568 I BluetoothDatabase: cacheMetadata
08-18 07:19:20.060  1538  1568 V BluetoothDatabase: cacheMetadata: found device LocalStorage
08-18 07:19:20.060  1538  1568 I BluetoothDatabase: cacheMetadata: Database is ready
08-18 07:19:20.060   368   392 D BluetoothAdapter: onBluetoothServiceUp: android.bluetooth.IBluetooth$Stub$Proxy@f104926
08-18 07:19:20.061  1538  1552 D BluetoothAdapterService: enable() - Enable called with quiet mode status =  false
08-18 07:19:20.062  1538  1555 I AdapterState: BLE_TURNING_ON : entered
08-18 07:19:20.062  1538  1555 D AdapterProperties: Setting state to BLE_TURNING_ON
08-18 07:19:20.063  1538  1555 D BluetoothAdapterService: updateAdapterState() - Broadcasting state BLE_TURNING_ON to 1 receivers.
08-18 07:19:20.063   368   392 D BluetoothManagerService: MESSAGE_BLUETOOTH_STATE_CHANGE: OFF > BLE_TURNING_ON
08-18 07:19:20.064   368   392 D BluetoothManagerService: Sending BLE State Change: OFF > BLE_TURNING_ON
08-18 07:19:20.078  1538  1555 D BluetoothAdapterService: bleOnProcessStart()
08-18 07:19:20.078  1538  1555 I AdapterProperties: init(), maxConnectedAudioDevices, default=5, propertyOverlayed=5, finalValue=5
08-18 07:19:20.081  1538  1555 D BluetoothAdapterService: bleOnProcessStart() - Make Bond State Machine
08-18 07:19:20.083  1538  1555 D BluetoothBondStateMachine: make
08-18 07:19:20.085  1538  1575 I BluetoothBondStateMachine: StableState(): Entering Off State
08-18 07:19:20.100  1538  1538 I BtGatt.JNI: classInitNative(L1073): classInitNative: Success!
08-18 07:19:20.104  1538  1538 D BtGatt.DebugUtils: handleDebugAction() action=null
08-18 07:19:20.107  1538  1538 I bt_btif : system/bt/btif/src/bluetooth.cc:416 get_profile_interface: get_profile_interface: id = gatt
08-18 07:19:20.120  1538  1559 I bt_stack_manager: system/bt/btif/src/stack_manager.cc:246 event_start_up_stack: event_start_up_stack is bringing up the stack
08-18 07:19:20.120  1538  1559 I bt_core_module: system/bt/btcore/src/module.cc:85 module_start_up: module_start_up Starting module "btif_config_module"
08-18 07:19:20.120  1538  1559 I bt_core_module: system/bt/btcore/src/module.cc:90 module_start_up: module_start_up Started module "btif_config_module"
08-18 07:19:20.120  1538  1559 I bt_core_module: system/bt/btcore/src/module.cc:85 module_start_up: module_start_up Starting module "btsnoop_module"
08-18 07:19:20.120  1538  1559 I droid.bluetoot: [0818/071920.120853:INFO:btsnoop.cc(209)] start_up: Snoop Logs disabled
08-18 07:19:20.121  1538  1559 I droid.bluetoot: [0818/071920.120996:INFO:btsnoop.cc(356)] delete_btsnoop_files: Deleting snoop logs if they exist. filtered = 1
08-18 07:19:20.121  1538  1559 I droid.bluetoot: [0818/071920.121180:INFO:btsnoop.cc(356)] delete_btsnoop_files: Deleting snoop logs if they exist. filtered = 0
08-18 07:19:20.121  1538  1559 I bt_core_module: system/bt/btcore/src/module.cc:90 module_start_up: module_start_up Started module "btsnoop_module"
08-18 07:19:20.121  1538  1559 I bt_core_module: system/bt/btcore/src/module.cc:85 module_start_up: module_start_up Starting module "hci_module"
08-18 07:19:20.121  1538  1559 I bt_hci  : system/bt/hci/src/hci_layer.cc:198 hci_module_start_up: hci_module_start_up
08-18 07:19:20.121  1538  1580 I droid.bluetoot: [0818/071920.121851:INFO:message_loop_thread.cc(224)] Run: message loop starting for thread bt_hci_thread
08-18 07:19:20.122  1538  1559 E droid.bluetoot: [0818/071920.122477:ERROR:message_loop_thread.cc(102)] DoInThreadDelayed: message loop is null for thread bt_main_thread(-1), from pc:0x7491390664
08-18 07:19:20.122  1538  1559 E droid.bluetoot: [0818/071920.122563:ERROR:btu_task.cc(94)] do_in_main_thread: failed from pc:0x7491390664
08-18 07:19:20.122  1538  1559 E bt_osi_wakelock: system/bt/osi/src/wakelock.cc:114 wakelock_acquire: wakelock_acquire unable to acquire wake lock: 1
08-18 07:19:20.122  1538  1559 E bt_osi_alarm: system/bt/osi/src/alarm.cc:475 reschedule_root_alarm: reschedule_root_alarm unable to acquire wake lock
08-18 07:19:20.122  1538  1559 I bt_hci  : system/bt/hci/src/hci_layer.cc:255 hci_module_start_up: hci_module_start_up starting async portion
08-18 07:19:20.122  1538  1580 I bt_hci  : system/bt/hci/src/hci_layer_android.cc:158 hci_initialize: hci_initialize
08-18 07:19:20.123   165   165 I hwservicemanager: getTransport: Cannot find entry android.hardware.bluetooth@1.1::IBluetoothHci/default in either framework or device VINTF manifest.
08-18 07:19:20.124  1538  1580 I bt_hci  : system/bt/hci/src/hci_layer_android.cc:177 hci_initialize: hci_initialize: IBluetoothHci::getService() returned 0xb4000074f2505000 (remote)
08-18 07:19:20.125   226   226 I android.hardware.bluetooth@1.0-impl: BluetoothHci::initialize()
08-18 07:19:20.126   226   226 I bt_vendor: init
08-18 07:19:20.126   226   226 I bt_vnd_conf: Attempt to load conf from /etc/bluetooth/bt_vendor.conf
08-18 07:19:20.126   226   226 D android.hardware.bluetooth@1.0-impl: Open vendor library loaded
08-18 07:19:20.126   226   226 W bt_vendor: NOTE: BT_VND_PWR_ON now forces power-off first
08-18 07:19:20.126   226   226 I bt_userial_vendor: userial vendor open: opening /dev/ttyAMA0
08-18 07:19:20.127   226   226 I bt_userial_vendor: device fd = 6 open
08-18 07:19:20.122   226   226 I bluetooth@1.0-s: type=1400 audit(0.0:102): avc: denied { read } for name="bt_vendor.conf" dev="mmcblk0p2" ino=1110 scontext=u:r:hal_bluetooth_default:s0 tcontext=u:object_r:system_file:s0 tclass=file permissive=1
08-18 07:19:20.122   226   226 I bluetooth@1.0-s: type=1400 audit(0.0:103): avc: denied { open } for path="/system/etc/bluetooth/bt_vendor.conf" dev="mmcblk0p2" ino=1110 scontext=u:r:hal_bluetooth_default:s0 tcontext=u:object_r:system_file:s0 tclass=file permissive=1
08-18 07:19:20.122   226   226 I bluetooth@1.0-s: type=1400 audit(0.0:104): avc: denied { getattr } for path="/system/etc/bluetooth/bt_vendor.conf" dev="mmcblk0p2" ino=1110 scontext=u:r:hal_bluetooth_default:s0 tcontext=u:object_r:system_file:s0 tclass=file permissive=1
08-18 07:19:24.083  1538  1555 E AdapterState: BLE_TURNING_ON : BLE_START_TIMEOUT
08-18 07:19:24.083  1538  1555 I AdapterState: BLE_TURNING_OFF : entered
08-18 07:19:24.083  1538  1555 D AdapterProperties: Setting state to BLE_TURNING_OFF
08-18 07:19:24.085  1538  1555 D BluetoothAdapterService: updateAdapterState() - Broadcasting state BLE_TURNING_OFF to 1 receivers.
08-18 07:19:24.086   368   392 D BluetoothManagerService: MESSAGE_BLUETOOTH_STATE_CHANGE: BLE_TURNING_ON > BLE_TURNING_OFF
08-18 07:19:24.086   368   392 D BluetoothManagerService: Sending BLE State Change: BLE_TURNING_ON > BLE_TURNING_OFF
08-18 07:19:24.086  1538  1555 D AdapterProperties: onBleDisable
08-18 07:19:24.089  1538  1538 D BtGatt.DebugUtils: handleDebugAction() action=null
08-18 07:19:24.094  1538  1538 W droid.bluetoot: [0818/071924.094880:WARNING:bta_gattc_api.cc(61)] GATTC Module not enabled/already disabled
08-18 07:19:24.095  1538  1538 W droid.bluetoot: [0818/071924.095051:WARNING:bta_gatts_api.cc(60)] GATTS Module not enabled/already disabled
08-18 07:19:24.096  1538  1538 W BtGatt.ScanManager: exception when invoking removeOnUidImportanceListener
08-18 07:19:24.096  1538  1538 W BtGatt.ScanManager: java.lang.IllegalArgumentException: Listener not registered: com.android.bluetooth.gatt.ScanManager$2@c4f35ea
08-18 07:19:24.096  1538  1538 W BtGatt.ScanManager:    at android.app.ActivityManager.removeOnUidImportanceListener(ActivityManager.java:3883)
08-18 07:19:24.096  1538  1538 W BtGatt.ScanManager:    at com.android.bluetooth.gatt.ScanManager.cleanup(ScanManager.java:164)
08-18 07:19:24.096  1538  1538 W BtGatt.ScanManager:    at com.android.bluetooth.gatt.GattService.cleanup(GattService.java:274)
08-18 07:19:24.096  1538  1538 W BtGatt.ScanManager:    at com.android.bluetooth.btservice.ProfileService.onDestroy(ProfileService.java:211)
08-18 07:19:24.096  1538  1538 W BtGatt.ScanManager:    at android.app.ActivityThread.handleStopService(ActivityThread.java:4349)
08-18 07:19:24.096  1538  1538 W BtGatt.ScanManager:    at android.app.ActivityThread.access$1900(ActivityThread.java:237)
08-18 07:19:24.096  1538  1538 W BtGatt.ScanManager:    at android.app.ActivityThread$H.handleMessage(ActivityThread.java:1956)
08-18 07:19:24.096  1538  1538 W BtGatt.ScanManager:    at android.os.Handler.dispatchMessage(Handler.java:106)
08-18 07:19:24.096  1538  1538 W BtGatt.ScanManager:    at android.os.Looper.loop(Looper.java:223)
08-18 07:19:24.096  1538  1538 W BtGatt.ScanManager:    at android.app.ActivityThread.main(ActivityThread.java:7661)
08-18 07:19:24.096  1538  1538 W BtGatt.ScanManager:    at java.lang.reflect.Method.invoke(Native Method)
08-18 07:19:24.096  1538  1538 W BtGatt.ScanManager:    at com.android.internal.os.RuntimeInit$MethodAndArgsCaller.run(RuntimeInit.java:548)
08-18 07:19:24.096  1538  1538 W BtGatt.ScanManager:    at com.android.internal.os.ZygoteInit.main(ZygoteInit.java:977)
08-18 07:19:24.097  1538  1538 W BtGatt.ScanManager: exception when invoking unregisterReceiver(mLocationReceiver)
08-18 07:19:24.097  1538  1538 W BtGatt.ScanManager: java.lang.IllegalArgumentException: Receiver not registered: com.android.bluetooth.gatt.ScanManager$3@d2370db
08-18 07:19:24.097  1538  1538 W BtGatt.ScanManager:    at android.app.LoadedApk.forgetReceiverDispatcher(LoadedApk.java:1458)
08-18 07:19:24.097  1538  1538 W BtGatt.ScanManager:    at android.app.ContextImpl.unregisterReceiver(ContextImpl.java:1681)
08-18 07:19:24.097  1538  1538 W BtGatt.ScanManager:    at android.content.ContextWrapper.unregisterReceiver(ContextWrapper.java:745)
08-18 07:19:24.097  1538  1538 W BtGatt.ScanManager:    at com.android.bluetooth.gatt.ScanManager.cleanup(ScanManager.java:185)
08-18 07:19:24.097  1538  1538 W BtGatt.ScanManager:    at com.android.bluetooth.gatt.GattService.cleanup(GattService.java:274)
08-18 07:19:24.097  1538  1538 W BtGatt.ScanManager:    at com.android.bluetooth.btservice.ProfileService.onDestroy(ProfileService.java:211)
08-18 07:19:24.097  1538  1538 W BtGatt.ScanManager:    at android.app.ActivityThread.handleStopService(ActivityThread.java:4349)
08-18 07:19:24.097  1538  1538 W BtGatt.ScanManager:    at android.app.ActivityThread.access$1900(ActivityThread.java:237)
08-18 07:19:24.097  1538  1538 W BtGatt.ScanManager:    at android.app.ActivityThread$H.handleMessage(ActivityThread.java:1956)
08-18 07:19:24.097  1538  1538 W BtGatt.ScanManager:    at android.os.Handler.dispatchMessage(Handler.java:106)
08-18 07:19:24.097  1538  1538 W BtGatt.ScanManager:    at android.os.Looper.loop(Looper.java:223)
08-18 07:19:24.097  1538  1538 W BtGatt.ScanManager:    at android.app.ActivityThread.main(ActivityThread.java:7661)
08-18 07:19:24.097  1538  1538 W BtGatt.ScanManager:    at java.lang.reflect.Method.invoke(Native Method)
08-18 07:19:24.097  1538  1538 W BtGatt.ScanManager:    at com.android.internal.os.RuntimeInit$MethodAndArgsCaller.run(RuntimeInit.java:548)
08-18 07:19:24.097  1538  1538 W BtGatt.ScanManager:    at com.android.internal.os.ZygoteInit.main(ZygoteInit.java:977)
08-18 07:19:25.087  1538  1555 E AdapterState: BLE_TURNING_OFF : BLE_STOP_TIMEOUT
08-18 07:19:25.088  1538  1555 I AdapterState: OFF : entered
08-18 07:19:25.088  1538  1555 D AdapterProperties: Setting state to OFF
08-18 07:19:25.089  1538  1555 D BluetoothAdapterService: updateAdapterState() - Broadcasting state OFF to 1 receivers.
08-18 07:19:25.090   368   392 D BluetoothManagerService: MESSAGE_BLUETOOTH_STATE_CHANGE: BLE_TURNING_OFF > OFF
08-18 07:19:25.090   368   392 D BluetoothManagerService: Bluetooth is complete send Service Down
08-18 07:19:25.091   368   392 D BluetoothManagerService: Broadcasting onBluetoothServiceDown() to 4 receivers.
08-18 07:19:25.091  1538  1576 D BluetoothAdapter: onBluetoothServiceDown: com.android.bluetooth.btservice.AdapterService$AdapterServiceBinder@c0816c7
08-18 07:19:25.092   368   392 D BluetoothAdapter: onBluetoothServiceDown: android.bluetooth.IBluetooth$Stub$Proxy@f104926
08-18 07:19:25.092   595  1469 D BluetoothAdapter: onBluetoothServiceDown: android.bluetooth.IBluetooth$Stub$Proxy@74d90e7
08-18 07:19:25.092   368   392 D BluetoothManagerService: unbindAndFinish(): android.bluetooth.IBluetooth$Stub$Proxy@f104926 mBinding = false mUnbinding = false
08-18 07:19:25.092   493   528 D BluetoothAdapter: onBluetoothServiceDown: android.bluetooth.IBluetooth$Stub$Proxy@e4509d9
08-18 07:19:25.096  1538  1538 D BluetoothAdapterService: onUnbind() - calling cleanup
08-18 07:19:25.096  1538  1538 D BluetoothAdapterService: cleanup()
08-18 07:19:25.096   368   392 D BluetoothManagerService: Sending BLE State Change: BLE_TURNING_OFF > OFF
08-18 07:19:25.098   368   392 D BluetoothManagerService: Entering STATE_OFF but mEnabled is true; restarting.
08-18 07:19:25.098   368   392 E BluetoothManagerService: waitForState [10] time out
08-18 07:19:25.106  1538  1538 W BluetoothSdpJni: Cleaning up Bluetooth SDP Interface...
08-18 07:19:25.106  1538  1538 W BluetoothSdpJni: Cleaning up Bluetooth SDP object
08-18 07:19:25.106  1538  1538 D BluetoothKeystoreService: cleanup
08-18 07:19:25.106  1538  1538 D BluetoothKeystoreService: setBluetoothKeystoreService(): set to: null
08-18 07:19:25.106  1538  1538 D BluetoothAdapterService: cleanup() - Cleaning up adapter native
08-18 07:19:26.121   368  1178 I WifiService: startScan uid=1000
08-18 07:19:27.100   368   392 D BluetoothManagerService: MESSAGE_RESTART_BLUETOOTH_SERVICE: retry count=5
08-18 07:19:27.101   368   392 D BluetoothManagerService: binding Bluetooth service
08-18 07:19:28.711   368  1178 I WifiService: setWifiEnabled package=com.android.tv.settings uid=1000 enable=false
08-18 07:19:28.714   368   445 D WifiActiveModeWarden: Shutting down all client mode managers
08-18 07:19:28.716   368   445 D WifiClientModeManager:  currentstate: ConnectModeState
08-18 07:19:28.723   368  1537 D WifiNl80211Manager: Scan result ready event
08-18 07:19:28.723   368  1537 D WifiNative: Scan result ready event
08-18 07:19:28.728   368   390 I EthernetTracker: interfaceLinkStateChanged, iface: wlan0, up: false
08-18 07:19:28.731   368   445 D WifiClientModeManager: Active SubscriptionInfo list not found
08-18 07:19:28.731   368   445 D WifiClientModeManager: The target role -1
08-18 07:19:28.731   368   445 D WifiClientModeManager: Continue to stop wifi
08-18 07:19:28.737   239   239 I android.hardware.wifi@1.0-service: Adding interface handle for wlan0
08-18 07:19:28.737   239   239 W android.hardware.wifi@1.0-service: No active wlan interfaces in use! Using default
08-18 07:19:28.744   368   445 I android_os_HwBinder: HwBinder: Starting thread pool for getting: android.hardware.wifi.supplicant@1.0::ISupplicant/default
08-18 07:19:28.797  1464  1464 I wpa_supplicant: nl80211: deinit ifname=wlan0 disabled_11b_rates=0
08-18 07:19:28.833   368   390 I EthernetTracker: interfaceLinkStateChanged, iface: wlan0, up: false
08-18 07:19:28.836   268   268 I wificond: Unsubscribe scan result for interface with index: 8
08-18 07:19:28.922   240   333 W APM::AudioPolicyEngine: getDevicesForStrategy() unknown strategy: -1
08-18 07:19:28.982   595   595 W Choreographer: Frame time is 0.434075 ms in the future!  Check that graphics HAL is generating vsync timestamps using the correct timebase.
08-18 07:19:29.361   368   390 I EthernetTracker: interfaceLinkStateChanged, iface: wlan0, up: false
08-18 07:19:29.406   368   445 I SupplicantStaIfaceHal: Terminating supplicant using HIDL
08-18 07:19:29.408   368   445 I android_os_HwBinder: HwBinder: Starting thread pool for getting: android.hardware.wifi.supplicant@1.0::ISupplicant/default
08-18 07:19:29.410  1464  1464 I wpa_supplicant: Terminating...
01-01 00:11:12.507     0     0 I init    : Service 'wpa_supplicant' (pid 1464) exited with status 0 oneshot service took 23.558001 seconds in background
01-01 00:11:12.519     0     0 I init    : Sending signal 9 to service 'wpa_supplicant' (pid 1464) process group...
08-18 07:19:29.447   368   410 D SupplicantStaIfaceHal: ISupplicant died: cookie=6553675654888926881
08-18 07:19:29.448   368   445 D WifiNl80211Manager: tearing down interfaces in wificond
01-01 00:11:12.530     0     0 I libprocessgroup: Successfully killed process cgroup uid 0 pid 1464 in 0ms
08-18 07:19:29.463   239   239 I WifiHAL : found interface wlan0
08-18 07:19:29.463   239   239 E WifiHAL : Calling hal cleanup
08-18 07:19:29.463   239   239 E WifiHAL : Cancel: Stop Hal
08-18 07:19:29.464   239   239 E WifiHAL : Failed to register set hal start response; result = -95
08-18 07:19:29.464   239   239 I WifiHAL : Failed to remove command 2: 0x0
08-18 07:19:29.464   239  1461 E WifiHAL : wifi_event_loop: Read after POLL returned 4, error no = 0 (Success)
08-18 07:19:29.465   239  1461 D WifiHAL : Got a signal to exit!!!
08-18 07:19:29.465   239  1461 I WifiHAL : Exit wifi_event_loop
08-18 07:19:29.466   239   239 E WifiHAL : wifi_cleanup: Read after POLL returned 4, error no = 0 (Success)
08-18 07:19:29.466   239   239 E WifiHAL : Event processing terminated
08-18 07:19:29.467   239   239 I WifiHAL : wifi nan internal clean up done
08-18 07:19:29.467   239   239 I WifiHAL : event_cb callbacks left: 1
08-18 07:19:29.468   239   239 I WifiHAL : event_cb cleanup. index:0
08-18 07:19:29.468   239   239 I WifiHAL : event_cb cleanup. vendor cmd:6673 sub_cmd:11
08-18 07:19:29.468   239   239 I WifiHAL : Command left in event_cb 0xb4000076f7c36000
08-18 07:19:29.468   239   239 I WifiHAL : Check bad commands: num_cmd:1 bad_commands:0
08-18 07:19:29.468   239   239 I WifiHAL : Cancelling command 0xb4000076f7c36000:SetAlertHandler
08-18 07:19:29.469   239   239 D WifiHAL : Success to clear alerthandler
08-18 07:19:29.469   239   239 I WifiHAL : internal clean up
08-18 07:19:29.469   239   239 I WifiHAL : cmd_sock non null. clean up
08-18 07:19:29.470   239   239 I WifiHAL : cleanup_handler cb
08-18 07:19:29.470   239   239 I android.hardware.wifi@1.0-service: Legacy HAL stop complete callback received
08-18 07:19:29.471   239   239 I WifiHAL : Internal cleanup completed
08-18 07:19:29.472   239   239 E WifiHAL : wifi_clean_up done
08-18 07:19:29.475   239   239 I android.hardware.wifi@1.0-service: Wifi HAL stopped
08-18 07:19:29.477   368   445 I WifiVendorHal: Vendor Hal stopped
08-18 07:19:29.477   368   445 D WifiClientModeManager: STA iface wlan0 was destroyed, stopping client mode
08-18 07:19:29.477   368   445 E SupplicantStaIfaceHal: Can't call setPowerSave, ISupplicantStaIface is null
08-18 07:19:29.477   368   445 E SupplicantStaIfaceHal: Can't call setBtCoexistenceMode, ISupplicantStaIface is null
08-18 07:19:29.479   368   445 V WifiClientModeImpl: stopIpClient IpClientWithPreConnection: false
08-18 07:19:29.479   368   445 V WifiClientModeImpl: java.lang.Throwable
08-18 07:19:29.479   368   445 V WifiClientModeImpl:    at com.android.server.wifi.ClientModeImpl.stopIpClient(ClientModeImpl.java:1075)
08-18 07:19:29.479   368   445 V WifiClientModeImpl:    at com.android.server.wifi.ClientModeImpl.stopDhcpSetup(ClientModeImpl.java:1090)
08-18 07:19:29.479   368   445 V WifiClientModeImpl:    at com.android.server.wifi.ClientModeImpl.handleNetworkDisconnect(ClientModeImpl.java:2768)
08-18 07:19:29.479   368   445 V WifiClientModeImpl:    at com.android.server.wifi.ClientModeImpl.handleIfaceDestroyed(ClientModeImpl.java:1575)
08-18 07:19:29.479   368   445 V WifiClientModeImpl:    at com.android.server.wifi.ClientModeManager$ClientModeStateMachine$1.onDestroyed(ClientModeManager.java:423)
08-18 07:19:29.479   368   445 V WifiClientModeImpl:    at com.android.server.wifi.WifiNative.onInterfaceDestroyed(WifiNative.java:578)
08-18 07:19:29.479   368   445 V WifiClientModeImpl:    at com.android.server.wifi.WifiNative.access$1200(WifiNative.java:77)
08-18 07:19:29.479   368   445 V WifiClientModeImpl:    at com.android.server.wifi.WifiNative$InterfaceDestoyedListenerInternal.onDestroyed(WifiNative.java:605)
08-18 07:19:29.479   368   445 V WifiClientModeImpl:    at com.android.server.wifi.WifiVendorHal$StaInterfaceDestroyedListenerInternal.onDestroyed(WifiVendorHal.java:429)
08-18 07:19:29.479   368   445 V WifiClientModeImpl:    at com.android.server.wifi.HalDeviceManager$InterfaceDestroyedListenerProxy.action(HalDeviceManager.java:2165)
08-18 07:19:29.479   368   445 V WifiClientModeImpl:    at com.android.server.wifi.HalDeviceManager$ListenerProxy.trigger(HalDeviceManager.java:2130)
08-18 07:19:29.479   368   445 V WifiClientModeImpl:    at com.android.server.wifi.HalDeviceManager.dispatchDestroyedListeners(HalDeviceManager.java:2081)
08-18 07:19:29.479   368   445 V WifiClientModeImpl:    at com.android.server.wifi.HalDeviceManager.removeIfaceInternal(HalDeviceManager.java:2000)
08-18 07:19:29.479   368   445 V WifiClientModeImpl:    at com.android.server.wifi.HalDeviceManager.removeIface(HalDeviceManager.java:265)
08-18 07:19:29.479   368   445 V WifiClientModeImpl:    at com.android.server.wifi.WifiVendorHal.removeStaIface(WifiVendorHal.java:478)
08-18 07:19:29.479   368   445 V WifiClientModeImpl:    at com.android.server.wifi.WifiNative.removeStaIface(WifiNative.java:865)
08-18 07:19:29.479   368   445 V WifiClientModeImpl:    at com.android.server.wifi.WifiNative.teardownInterface(WifiNative.java:1309)
08-18 07:19:29.479   368   445 V WifiClientModeImpl:    at com.android.server.wifi.ClientModeManager$ClientModeStateMachine$StartedState.exit(ClientModeManager.java:568)
08-18 07:19:29.479   368   445 V WifiClientModeImpl:    at com.android.wifi.x.com.android.internal.util.StateMachine$SmHandler.invokeExitMethods(StateMachine.java:1022)
08-18 07:19:29.479   368   445 V WifiClientModeImpl:    at com.android.wifi.x.com.android.internal.util.StateMachine$SmHandler.performTransitions(StateMachine.java:878)
08-18 07:19:29.479   368   445 V WifiClientModeImpl:    at com.android.wifi.x.com.android.internal.util.StateMachine$SmHandler.handleMessage(StateMachine.java:820)
08-18 07:19:29.479   368   445 V WifiClientModeImpl:    at android.os.Handler.dispatchMessage(Handler.java:106)
08-18 07:19:29.479   368   445 V WifiClientModeImpl:    at android.os.Looper.loop(Looper.java:223)
08-18 07:19:29.479   368   445 V WifiClientModeImpl:    at android.os.HandlerThread.run(HandlerThread.java:67)
08-18 07:19:29.482   368   445 I WifiNative: Successfully torn down Iface:{Name=wlan0,Id=1,Type=STA_CONNECTIVITY}
08-18 07:19:29.483   368   445 E HalDevMgr: getAllChipInfo: called but mWifi is null!?
08-18 07:19:29.483   368   445 E HalDevMgr: dispatchAvailableForRequestListeners: no chip info found
08-18 07:19:29.484   368   445 W HalDevMgr: stopWifi called but mWifi is null!?
08-18 07:19:29.484   368   445 I WifiNative: Successfully initiated teardown for iface=wlan0
08-18 07:19:29.485   368   448 I WifiScanningService: Received a request to disable scanning, UID = 1000
08-18 07:19:29.485   368   448 E WifiNl80211Manager: No valid wificond scanner interface handler
08-18 07:19:29.485   368   448 I WifiScanningService: Removed an impl for wlan0
08-18 07:19:29.485   368   448 I WifiScanningService: wifi driver unloaded
08-18 07:19:29.485   368   445 D WifiScanRequestProxy: Sending scan available broadcast: false
08-18 07:19:29.486   368   445 I WifiScanRequestProxy: Scanning is disabled
08-18 07:19:29.490   368   445 E SupplicantStaIfaceHal: Can't call listNetworks, ISupplicantStaIface is null
08-18 07:19:29.490   368   445 E SupplicantStaIfaceHal: removeAllNetworks failed, got null networks
08-18 07:19:29.490   368   445 E WifiClientModeImpl: Failed to remove networks on exiting connect mode
08-18 07:19:29.492   368   445 E SupplicantStaIfaceHal: Can't call setPowerSave, ISupplicantStaIface is null
08-18 07:19:29.492   368   445 E SupplicantStaIfaceHal: Can't call setBtCoexistenceMode, ISupplicantStaIface is null
08-18 07:19:29.492   368   445 V WifiClientModeImpl: stopIpClient IpClientWithPreConnection: false
08-18 07:19:29.492   368   445 V WifiClientModeImpl: java.lang.Throwable
08-18 07:19:29.492   368   445 V WifiClientModeImpl:    at com.android.server.wifi.ClientModeImpl.stopIpClient(ClientModeImpl.java:1075)
08-18 07:19:29.492   368   445 V WifiClientModeImpl:    at com.android.server.wifi.ClientModeImpl.stopDhcpSetup(ClientModeImpl.java:1090)
08-18 07:19:29.492   368   445 V WifiClientModeImpl:    at com.android.server.wifi.ClientModeImpl.handleNetworkDisconnect(ClientModeImpl.java:2768)
08-18 07:19:29.492   368   445 V WifiClientModeImpl:    at com.android.server.wifi.ClientModeImpl.stopClientMode(ClientModeImpl.java:3673)
08-18 07:19:29.492   368   445 V WifiClientModeImpl:    at com.android.server.wifi.ClientModeImpl.access$4300(ClientModeImpl.java:166)
08-18 07:19:29.492   368   445 V WifiClientModeImpl:    at com.android.server.wifi.ClientModeImpl$ConnectModeState.exit(ClientModeImpl.java:3832)
08-18 07:19:29.492   368   445 V WifiClientModeImpl:    at com.android.wifi.x.com.android.internal.util.StateMachine$SmHandler.invokeExitMethods(StateMachine.java:1022)
08-18 07:19:29.492   368   445 V WifiClientModeImpl:    at com.android.wifi.x.com.android.internal.util.StateMachine$SmHandler.performTransitions(StateMachine.java:878)
08-18 07:19:29.492   368   445 V WifiClientModeImpl:    at com.android.wifi.x.com.android.internal.util.StateMachine$SmHandler.handleMessage(StateMachine.java:820)
08-18 07:19:29.492   368   445 V WifiClientModeImpl:    at android.os.Handler.dispatchMessage(Handler.java:106)
08-18 07:19:29.492   368   445 V WifiClientModeImpl:    at android.os.Looper.loop(Looper.java:223)
08-18 07:19:29.492   368   445 V WifiClientModeImpl:    at android.os.HandlerThread.run(HandlerThread.java:67)
08-18 07:19:29.493   368   445 D WifiDiags: stopLogging() iface list is {} after removing wlan0
08-18 07:19:29.493   368   445 W WifiDiags: Fail to reset log handler
08-18 07:19:29.509   368   445 W SupplicantStaIfaceHal: ISupplicant died: cookie=2
08-18 07:19:29.510   368   445 W HalDevMgr: isWifiStarted called but mWifi is null!?
08-18 07:19:29.511   368   445 D WifiController: STA disabled, return to DisabledState.
08-18 07:19:29.512   368   445 D WifiController: EnabledState.exit()
08-18 07:19:29.514   368   445 D WifiController: DisabledState.enter()
08-18 07:19:29.515   368   445 E WifiNative: Could not get Iface object for interface null
08-18 07:19:29.519   368   445 E HalDevMgr: getAllChipInfo: called but mWifi is null!?
08-18 07:19:29.521   368   445 E WifiNative: Could not get Iface object for interface null
08-18 07:19:29.522   368   445 E HalDevMgr: getAllChipInfo: called but mWifi is null!?
08-18 07:19:29.524   368   445 E WifiNative: Could not get Iface object for interface null
08-18 07:19:29.525   368   445 E HalDevMgr: getAllChipInfo: called but mWifi is null!?
08-18 07:19:29.527   368   445 E WifiNative: Could not get Iface object for interface null
08-18 07:19:29.530   368   445 E HalDevMgr: getAllChipInfo: called but mWifi is null!?
08-18 07:19:29.536   368  1378 D WifiMemoryStoreImpl: Set cluster Gd2cc9db4bd4f5af5 for Wd2cc9db4bd4f5af5: SUCCESS
08-18 07:19:29.522   186   186 I Binder:186_2: type=1400 audit(0.0:105): avc: denied { read } for name="wakeup2" dev="sysfs" ino=17544 scontext=u:r:system_suspend:s0 tcontext=u:object_r:sysfs:s0 tclass=dir permissive=1
08-18 07:19:29.522   186   186 I Binder:186_2: type=1400 audit(0.0:106): avc: denied { open } for path="/sys/devices/platform/scb/fd500000.pcie/pci0000:00/0000:00:00.0/0000:01:00.0/usb1/1-1/1-1.3/wakeup/wakeup2" dev="sysfs" ino=17544 scontext=u:r:system_suspend:s0 tcontext=u:object_r:sysfs:s0 tclass=dir permissive=1
08-18 07:19:29.522   186   186 I Binder:186_2: type=1400 audit(0.0:107): avc: denied { read } for name="event_count" dev="sysfs" ino=17551 scontext=u:r:system_suspend:s0 tcontext=u:object_r:sysfs:s0 tclass=file permissive=1
08-18 07:19:29.522   186   186 I Binder:186_2: type=1400 audit(0.0:108): avc: denied { open } for path="/sys/devices/platform/scb/fd500000.pcie/pci0000:00/0000:00:00.0/0000:01:00.0/usb1/1-1/1-1.3/wakeup/wakeup2/event_count" dev="sysfs" ino=17551 scontext=u:r:system_suspend:s0 tcontext=u:object_r:sysfs:s0 tclass=file permissive=1
08-18 07:19:29.522   186   186 I Binder:186_2: type=1400 audit(0.0:109): avc: denied { getattr } for path="/sys/devices/platform/scb/fd500000.pcie/pci0000:00/0000:00:00.0/0000:01:00.0/usb1/1-1/1-1.3/wakeup/wakeup2/event_count" dev="sysfs" ino=17551 scontext=u:r:system_suspend:s0 tcontext=u:object_r:sysfs:s0 tclass=file permissive=1
08-18 07:19:30.102   368   392 E BluetoothManagerService: MESSAGE_TIMEOUT_BIND
08-18 07:19:30.468   187  1558 I keystore2: keystore2::watchdog: Watchdog thread idle -> terminating. Have a great day.
08-18 07:19:32.119   368  1378 I WifiService: setWifiEnabled package=com.android.tv.settings uid=1000 enable=true
08-18 07:19:32.128   368   445 D WifiActiveModeWarden: Starting ClientModeManager
08-18 07:19:32.133   368   445 D WifiController: DisabledState.exit()
08-18 07:19:32.133   368   445 D WifiController: EnabledState.enter()
08-18 07:19:32.134   368   445 D WifiClientModeManager: entering IdleState
08-18 07:19:32.142   368   445 I android_os_HwBinder: HwBinder: Starting thread pool for getting: android.hardware.wifi@1.0::IWifi/default
08-18 07:19:32.146   239   239 I android.hardware.wifi@1.0-service: Wifi HAL started
08-18 07:19:32.147   368   445 I WifiVendorHal: Vendor Hal started successfully
08-18 07:19:32.153   239   239 E WifiHAL : wifi_pre_initialize
08-18 07:19:32.154   239   239 E WifiHAL : --- HAL version: Android-10-FRC2-SDK_29 59.0 (r854927) 2019-12-06 23:33:52 +0530 (Fri, 06 Dec 2019) ---
08-18 07:19:32.154   239   239 I WifiHAL : Creating socket
08-18 07:19:32.160   239   239 I WifiHAL : Initialized Wifi HAL Successfully; vendor cmd = 103
08-18 07:19:32.160   239   239 I WifiHAL : found interface wlan0
08-18 07:19:32.160   239   239 E WifiHAL : Calling preInit
08-18 07:19:32.161   239   239 E WifiHAL : Hal preInit
08-18 07:19:32.161   239   239 E WifiHAL : Failed to register set Hal preInit; result = -95
08-18 07:19:32.161   239   239 E WifiHAL : wifi_hal_preInit failed
01-01 00:11:15.257     0     0 E brcmfmac: brcmf_cfg80211_set_power_mgmt: power save enabled
08-18 07:19:32.179   368   390 I EthernetTracker: interfaceLinkStateChanged, iface: wlan0, up: false
08-18 07:19:32.181   239   239 E WifiHAL : wifi_initialize
08-18 07:19:32.182   239   239 I WifiHAL : found interface wlan0
08-18 07:19:32.182   239   239 E WifiHAL : Calling Hal_init
08-18 07:19:32.182   239   239 E WifiHAL : Start Set Hal
08-18 07:19:32.182   239   239 E WifiHAL : Failed to register set hal start response; result = -95
08-18 07:19:32.182   239   239 E WifiHAL : wifi_start_hal failed
08-18 07:19:32.184   239   239 I android.hardware.wifi@1.0-service: Adding interface handle for wlan0
08-18 07:19:32.184   239   239 W android.hardware.wifi@1.0-service: No active wlan interfaces in use! Using default
08-18 07:19:32.184   239   239 E android.hardware.wifi@1.0-service: Failed to register radio mode change callback
08-18 07:19:32.184   239   239 W android.hardware.wifi@1.0-service: No active wlan interfaces in use! Using default
08-18 07:19:32.184   239   239 E WifiHAL : Failed to register debug response; result = -95
08-18 07:19:32.185   239   239 E android.hardware.wifi@1.0-service: Failed to get driver version: UNKNOWN ERROR
08-18 07:19:32.185   239   239 I android.hardware.wifi@1.0-service: Configured chip in mode 0
08-18 07:19:32.185   239   239 W android.hardware.wifi@1.0-service: No active wlan interfaces in use! Using default
08-18 07:19:32.188   368   445 D HalDevMgr: updateRttController: no one is interested in RTT controllers
08-18 07:19:32.189   239   239 I android.hardware.wifi@1.0-service: Adding interface handle for wlan0
08-18 07:19:32.189   239   239 E android.hardware.wifi@1.0-service: Failed to set DFS flag; DFS channels may be unavailable.
08-18 07:19:32.196   368   445 D WifiNl80211Manager: Setting up interface for client mode
08-18 07:19:32.199   268   268 I wificond: create scanner for interface with index: 8
08-18 07:19:32.199   268   268 I wificond: subscribe scan result for interface with index: 8
08-18 07:19:32.205   368   445 I WifiNative: Interface state changed on Iface:{Name=wlan0,Id=2,Type=STA_SCAN}, isUp=true
08-18 07:19:32.205   368   445 I WifiNative: Successfully setup Iface:{Name=wlan0,Id=2,Type=STA_SCAN}
08-18 07:19:32.206   368   445 E SupplicantStaIfaceHal: Can't call getKeyMgmtCapabilities_1_3, ISupplicantStaIface is null
08-18 07:19:32.208   368   445 E WifiVendorHal: getSupportedFeatureSet(l.1263) failed {.code = ERROR_UNKNOWN, .description = unknown error}
08-18 07:19:32.209   368   445 E WifiVendorHal: getSupportedFeatureSet(l.1276) failed {.code = ERROR_UNKNOWN, .description = unknown error}
08-18 07:19:32.212   368   445 E SupplicantStaIfaceHal: Can't call getWpaDriverFeatureSet, ISupplicantStaIface is null
08-18 07:19:32.212   368   445 D WifiClientModeManager: entering StartedState
08-18 07:19:32.213   368   445 D WifiClientModeManager: entering ScanOnlyModeState
08-18 07:19:32.213   368   445 D WifiScanRequestProxy: Sending scan available broadcast: true
08-18 07:19:32.214   368   448 I WifiScanningService: Received a request to enable scanning, UID = 1000
08-18 07:19:32.214   368   445 I WifiScanRequestProxy: Scanning is enabled
08-18 07:19:32.214   368   445 I WifiScanRequestProxy: Scanning for hidden networks is disabled
08-18 07:19:32.214   368   445 D WakeupController: start()
08-18 07:19:32.217   368   448 E WifiVendorHal: getBgScanCapabilities(l.674) failed {.code = ERROR_UNKNOWN, .description = unknown error}
08-18 07:19:32.218   368   445 D WakeupController: Setting active to true
08-18 07:19:32.229   368   448 I WifiScanningService: Created a new impl for wlan0
08-18 07:19:32.230   368   448 I WifiScanningService: wifi driver loaded with scan capabilities: max buckets=16
08-18 07:19:32.234   368   445 D WakeupLock: Lock set. Number of networks: 0
08-18 07:19:32.241   368   445 I SupplicantStaIfaceHal: Starting supplicant using HIDL
08-18 07:19:32.242   165   165 I hwservicemanager: Since android.hardware.wifi.supplicant@1.0::ISupplicant/default is not registered, trying to start it as a lazy HAL.
08-18 07:19:32.242   368   445 D SupplicantStaIfaceHal: Successfully triggered start of supplicant using HIDL
01-01 00:11:15.330     0     0 I init    : starting service 'wpa_supplicant'...
01-01 00:11:15.337     0     0 I init    : Created socket '/dev/socket/wpa_wlan0', mode 660, user 1010, group 1010
01-01 00:11:15.357     0     0 I init    : Control message: Processed ctl.interface_start for 'android.hardware.wifi.supplicant@1.0::ISupplicant/default' from pid: 165 (/system/bin/hwservicemanager)
08-18 07:19:32.313  1591  1591 I wpa_supplicant: Processing hidl events on FD 3
08-18 07:19:32.319  1591  1591 I HidlServiceManagement: Registered android.hardware.wifi.supplicant@1.3::ISupplicant/default
08-18 07:19:32.321  1591  1591 I wpa_supplicant: Successfully initialized wpa_supplicant
08-18 07:19:32.328   240   333 W APM::AudioPolicyEngine: getDevicesForStrategy() unknown strategy: -1
08-18 07:19:32.341  1591  1591 I wpa_supplicant: rfkill: Cannot open RFKILL control device
08-18 07:19:32.342   368   390 I EthernetTracker: interfaceLinkStateChanged, iface: wlan0, up: false
08-18 07:19:32.414   368   410 I android_os_HwBinder: HwBinder: Starting thread pool for getting: android.hardware.wifi.supplicant@1.0::ISupplicant/default
08-18 07:19:32.415   368   410 I SupplicantStaIfaceHal: Completed initialization of ISupplicant.
08-18 07:19:32.415   368   445 E SupplicantStaIfaceHal: Can't call setupIface, ISupplicantStaIface is null
08-18 07:19:32.420   368   445 I android_os_HwBinder: HwBinder: Starting thread pool for getting: android.hardware.wifi.supplicant@1.0::ISupplicant/default
08-18 07:19:32.427   368   445 D SupplicantStaIfaceHal: Newer HAL is found, skip V1_2 remaining init flow.
08-18 07:19:32.427   368   445 D SupplicantStaIfaceHal: Newer HAL is found, skip V1_1 remaining init flow.
08-18 07:19:32.427   368   445 D SupplicantStaIfaceHal: Newer HAL is found, skip V1_0 remaining init flow.
08-18 07:19:32.437   368   445 E WifiVendorHal: getSupportedFeatureSet(l.1263) failed {.code = ERROR_UNKNOWN, .description = unknown error}
08-18 07:19:32.439   368   445 E WifiVendorHal: getSupportedFeatureSet(l.1276) failed {.code = ERROR_UNKNOWN, .description = unknown error}
08-18 07:19:32.445   368   445 I WifiNative: Successfully switched to connectivity mode on iface=Iface:{Name=wlan0,Id=2,Type=STA_CONNECTIVITY}
08-18 07:19:32.445   368   445 D WakeupController: stop()
08-18 07:19:32.445   368   445 D WifiClientModeManager: entering ConnectModeState
08-18 07:19:32.451   368   445 D WifiScanRequestProxy: Sending scan available broadcast: true
08-18 07:19:32.451   368   448 I WifiScanningService: Received a request to enable scanning, UID = 1000
08-18 07:19:32.451   368   448 I WifiScanningService: scanner impls already exists
08-18 07:19:32.451   368   445 I WifiScanRequestProxy: Scanning is enabled
08-18 07:19:32.452   368   448 E WifiScanningService: wifi driver loaded received while already loaded
08-18 07:19:32.452   368   445 I WifiScanRequestProxy: Scanning for hidden networks is enabled
08-18 07:19:32.455   368   445 D WifiClientModeImpl: entering ConnectModeState: ifaceName = wlan0
08-18 07:19:32.456   368   445 D WifiClientModeImpl: setupClientMode() ifacename = wlan0
08-18 07:19:32.464   577  1592 E IpClient.wlan0: Failed to set accept_ra to 2
08-18 07:19:32.468   368   445 D WifiCountryCode: Reading country code from telephony
08-18 07:19:32.471   368   445 D WifiCountryCode: Set telephony country code to:
08-18 07:19:32.472   368   445 D WifiCountryCode: updateCountryCode to null
08-18 07:19:32.473   239   239 D WifiHAL : Start get packet fate command
08-18 07:19:32.473   239   239 D WifiHAL : createRequest Monitor packet fate request
08-18 07:19:32.473   239   239 E WifiHAL : Failed to register get pkt fate response; result = -95
08-18 07:19:32.474   368   445 E WifiVendorHal: startPktFateMonitoring(l.1821) failed {.code = ERROR_UNKNOWN, .description = unknown error}
08-18 07:19:32.475   368   445 W WifiDiags: Failed to start packet fate monitoring
08-18 07:19:32.476   239   239 E WifiHAL : Failed to register debug response; result = -95
08-18 07:19:32.476   239   239 E android.hardware.wifi@1.0-service: Failed to get driver version: UNKNOWN ERROR
08-18 07:19:32.477   368   388 I WifiService: startScan uid=1000
08-18 07:19:32.477   368   445 E WifiVendorHal: requestChipDebugInfo(l.1636) failed {.code = ERROR_UNKNOWN, .description = unknown error}
08-18 07:19:32.477   368   445 I WifiVendorHal: Driver: null Firmware: null
08-18 07:19:32.478   239   239 E WifiHAL : Failed to register debug response; result = -95
08-18 07:19:32.478   239   239 E android.hardware.wifi@1.0-service: Failed to get driver version: UNKNOWN ERROR
08-18 07:19:32.480   368   445 E WifiVendorHal: requestChipDebugInfo(l.1636) failed {.code = ERROR_UNKNOWN, .description = unknown error}
08-18 07:19:32.480   368   445 I WifiVendorHal: Driver: null Firmware: null
08-18 07:19:32.482   239   239 E WifiHAL : Failed to register debug response; result = -95
08-18 07:19:32.483   368   445 E WifiVendorHal: getRingBufferStatus(l.1713) failed {.code = ERROR_UNKNOWN, .description = unknown error}
08-18 07:19:32.483   368   445 W WifiDiags: no ring buffers found
08-18 07:19:32.484   368   445 D WifiDiags: startLogging() iface list is {wlan0} after adding wlan0
08-18 07:19:32.491  1591  1591 E wpa_supplicant: wpa_driver_nl80211_driver_cmd: failed to issue private command: BTCOEXSCAN-STOP
08-18 07:19:32.491   368   445 E SupplicantStaIfaceHal: ISupplicantStaIface.setBtCoexistenceScanModeEnabled failed: {.code = FAILURE_UNKNOWN, .debugMessage = }
08-18 07:19:32.492  1591  1591 E wpa_supplicant: wpa_driver_nl80211_driver_cmd: failed to issue private command: RXFILTER-STOP
08-18 07:19:32.492   368   445 E SupplicantStaIfaceHal: ISupplicantStaIface.stopRxFilter failed: {.code = FAILURE_UNKNOWN, .debugMessage = }
08-18 07:19:32.493  1591  1591 E wpa_supplicant: wpa_driver_nl80211_driver_cmd: failed to issue private command: RXFILTER-STOP
08-18 07:19:32.494   368   445 E SupplicantStaIfaceHal: ISupplicantStaIface.stopRxFilter failed: {.code = FAILURE_UNKNOWN, .debugMessage = }
08-18 07:19:32.494  1591  1591 E wpa_supplicant: wpa_driver_nl80211_driver_cmd: failed to issue private command: SETSUSPENDMODE 0
08-18 07:19:32.495   368   445 E SupplicantStaIfaceHal: ISupplicantStaIface.setSuspendModeEnabled failed: {.code = FAILURE_UNKNOWN, .debugMessage = }
08-18 07:19:32.498   368   445 D WakeupController: reset()
08-18 07:19:32.499   368   445 D WakeupController: Setting active to false
08-18 07:19:32.506   368   445 I WifiClientModeImpl: disconnectedstate enter
08-18 07:19:35.111   368  1178 D WifiNl80211Manager: Scan result ready event
08-18 07:19:35.113   368  1178 D WifiNative: Scan result ready event
08-18 07:19:35.113   368   390 I EthernetTracker: interfaceLinkStateChanged, iface: wlan0, up: false
08-18 07:19:37.628   368   388 I ActivityTaskManager: START u0 {cmp=com.android.tv.settings/.connectivity.WifiConnectionActivity (has extras)} from uid 1000
08-18 07:19:37.655   368   825 W ActivityTaskManager: Tried to set launchTime (0) < mLastActivityLaunchTime (455413)
08-18 07:19:37.840   240   333 W APM::AudioPolicyEngine: getDevicesForStrategy() unknown strategy: -1
08-18 07:19:37.880   368   398 I ActivityTaskManager: Displayed com.android.tv.settings/.connectivity.WifiConnectionActivity: +251ms
08-18 07:19:39.527   577  1362 D DhcpClient: Received packet: 80:e8:2c:6f:12:35 OFFER, ip /192.168.0.191, mask /255.255.255.0, DNS servers: /192.168.0.1 , gateways [/192.168.0.1], lease time 86400, domain Dlink
08-18 07:19:39.542   577  1362 D DhcpClient: Received packet: 80:e8:2c:6f:12:35 ACK: your new IP /192.168.0.191, netmask /255.255.255.0, gateways [/192.168.0.1] DNS servers: /192.168.0.1 , lease time 86400
08-18 07:19:40.522   595   595 I TetheringManager: registerTetheringEventCallback:com.android.tv.settings
08-18 07:19:40.603   368   450 D ConnectivityService: NetReassign [no changes]
08-18 07:19:40.625   368   825 I WifiService: addOrUpdateNetwork uid=1000
08-18 07:19:40.627   368   825 I addOrUpdateNetwork:  uid = 1000 SSID "MEMPAGE_5G" nid=-1
08-18 07:19:40.630   368   445 D WifiConfigManager: Enable disabled network: "MEMPAGE_5G" num=0
08-18 07:19:40.656   368   445 D WifiConfigStore: Writing to stores completed in 19 ms.
08-18 07:19:40.657   368   445 D SupplicantStaIfaceHal: Remove cached HAL data for config id 1
08-18 07:19:40.660   368   825 I WifiService: connect uid=1000
08-18 07:19:40.673   368   445 D WifiConfigManager: Enable disabled network: "MEMPAGE_5G" num=0
08-18 07:19:40.677   368  1178 I WifiService: startScan uid=1000
08-18 07:19:40.691   240   333 W APM::AudioPolicyEngine: getDevicesForStrategy() unknown strategy: -1
08-18 07:19:40.705   368   445 D WifiConfigStore: Writing to stores completed in 21 ms.
08-18 07:19:40.706   368   445 D SupplicantStaIfaceHal: Remove cached HAL data for config id 1
08-18 07:19:40.707   368   445 W ContextImpl: Calling a method in the system process without a qualified user: android.app.ContextImpl.sendBroadcastMultiplePermissions:1143 android.content.Context.sendBroadcastWithMultiplePermissions:2154 com.android.server.wifi.ClientModeImpl.broadcastWifiCredentialChanged:5831 com.android.server.wifi.ClientModeImpl.lambda$connect$0:6199 com.android.server.wifi.ClientModeImpl.$r8$lambda$mlWZE9a8RVmtWpxnBjsh-52bMVo:0
08-18 07:19:40.708   368   445 D WifiConfigManager: Enable disabled network: "MEMPAGE_5G" num=0
08-18 07:19:40.741   368   445 D WifiConfigStore: Writing to stores completed in 23 ms.
08-18 07:19:40.746   368   445 D WifiClientModeImpl: connectToUserSelectNetwork netId 1, uid 1000, forceReconnect = false
08-18 07:19:40.750   368   445 W WifiExternalCallbackTracker: Unknown external callback 0
08-18 07:19:40.752   368   445 E WifiClientModeImpl: CMD_START_CONNECT but no requests and not connected, bailing
08-18 07:19:43.345   368  1178 D WifiNl80211Manager: Scan result ready event
08-18 07:19:43.345   368  1178 D WifiNative: Scan result ready event
08-18 07:19:43.346   368   390 I EthernetTracker: interfaceLinkStateChanged, iface: wlan0, up: false
08-18 07:19:43.364   368   448 D WificondScannerImpl: Filtering out 1 scan results.
08-18 07:19:50.752   368  1178 I WifiService: startScan uid=1000
08-18 07:19:53.359   368  1178 D WifiNl80211Manager: Scan result ready event
08-18 07:19:53.360   368  1178 D WifiNative: Scan result ready event
08-18 07:19:53.365   368   390 I EthernetTracker: interfaceLinkStateChanged, iface: wlan0, up: false
08-18 07:19:53.369   368   448 D WificondScannerImpl: Filtering out 2 scan results.
08-18 07:20:00.756   368  1378 I WifiService: startScan uid=1000
08-18 07:20:03.358   368   390 I EthernetTracker: interfaceLinkStateChanged, iface: wlan0, up: false
08-18 07:20:03.359   368  1178 D WifiNl80211Manager: Scan result ready event
08-18 07:20:03.359   368  1178 D WifiNative: Scan result ready event
08-18 07:20:03.370   368   448 D WificondScannerImpl: Filtering out 3 scan results.
08-18 07:20:10.765   368   388 I WifiService: startScan uid=1000
08-18 07:20:13.360   368   388 D WifiNl80211Manager: Scan result ready event
08-18 07:20:13.361   368   388 D WifiNative: Scan result ready event
08-18 07:20:13.363   368   390 I EthernetTracker: interfaceLinkStateChanged, iface: wlan0, up: false
08-18 07:20:13.378   368   448 D WificondScannerImpl: Filtering out 2 scan results.
08-18 07:20:18.208   368   433 D InputDispatcher: Waiting to send key to Window{59abad1 u0 com.android.tv.settings/com.android.tv.settings.connectivity.WifiConnectionActivity} because there are unprocessed events that may cause focus to change
08-18 07:20:18.544   368   433 D InputDispatcher: Waiting to send key to Window{59abad1 u0 com.android.tv.settings/com.android.tv.settings.connectivity.WifiConnectionActivity} because there are unprocessed events that may cause focus to change
08-18 07:20:18.544   368   391 D AutofillManagerService: onBackKeyPressed()
08-18 07:20:18.909   368   388 I WifiService: disconnect uid=1000
08-18 07:20:20.099   595   595 W Choreographer: Frame time is 0.419838 ms in the future!  Check that graphics HAL is generating vsync timestamps using the correct timebase.
08-18 07:20:21.024   368   391 D AutofillManagerService: onBackKeyPressed()
08-18 07:20:21.079   368   433 I InputDispatcher: Dropping event because there is no touchable window or gesture monitor at (793, 532) in display 0.
08-18 07:20:21.094   368   433 I InputDispatcher: Dropping event because there is no touchable window or gesture monitor at (793, 536) in display 0.
08-18 07:20:21.111   368   433 I InputDispatcher: Dropping event because there is no touchable window or gesture monitor at (791, 545) in display 0.
08-18 07:20:21.127   368   433 I InputDispatcher: Dropping event because there is no touchable window or gesture monitor at (791, 556) in display 0.
08-18 07:20:21.143   368   433 I InputDispatcher: Dropping event because there is no touchable window or gesture monitor at (789, 563) in display 0.
08-18 07:20:21.161   368   450 D ConnectivityService: NetReassign [no changes]
08-18 07:20:21.247   368   387 I WifiService: startScan uid=1000
08-18 07:20:23.058   368   388 I WifiService: setWifiEnabled package=com.android.tv.settings uid=1000 enable=false
08-18 07:20:23.062   368   445 D WifiActiveModeWarden: Shutting down all client mode managers
08-18 07:20:23.064   368   445 D WifiClientModeManager:  currentstate: ConnectModeState
08-18 07:20:23.068   368   445 D WifiClientModeManager: Active SubscriptionInfo list not found
08-18 07:20:23.069   368   445 D WifiClientModeManager: The target role -1
08-18 07:20:23.069   368   445 D WifiClientModeManager: Continue to stop wifi
08-18 07:20:23.077   239   239 I android.hardware.wifi@1.0-service: Adding interface handle for wlan0
08-18 07:20:23.079   239   239 W android.hardware.wifi@1.0-service: No active wlan interfaces in use! Using default
08-18 07:20:23.087   368   445 I android_os_HwBinder: HwBinder: Starting thread pool for getting: android.hardware.wifi.supplicant@1.0::ISupplicant/default
08-18 07:20:23.143  1591  1591 I wpa_supplicant: nl80211: deinit ifname=wlan0 disabled_11b_rates=0
08-18 07:20:23.186   368   390 I EthernetTracker: interfaceLinkStateChanged, iface: wlan0, up: false
08-18 07:20:23.188   268   268 I wificond: Unsubscribe scan result for interface with index: 8
08-18 07:20:23.261   240   333 W APM::AudioPolicyEngine: getDevicesForStrategy() unknown strategy: -1
08-18 07:20:23.701   368   390 I EthernetTracker: interfaceLinkStateChanged, iface: wlan0, up: false
08-18 07:20:23.732   268   268 W wificond: No handler for scan result notification from interface with index: 8
08-18 07:20:23.735   368   445 I SupplicantStaIfaceHal: Terminating supplicant using HIDL
08-18 07:20:23.738   368   445 I android_os_HwBinder: HwBinder: Starting thread pool for getting: android.hardware.wifi.supplicant@1.0::ISupplicant/default
08-18 07:20:23.741  1591  1591 I wpa_supplicant: Terminating...
01-01 00:12:06.836     0     0 I init    : Service 'wpa_supplicant' (pid 1591) exited with status 0 oneshot service took 51.486000 seconds in background
